#StarlingX patched package's name
#Packages here will be built into std image
#dpkg

#armada
armada

#armada-helm-toolkit
#armada-helm-toolkit  # only used for build

#audit-config
audit-config

#barbican
barbican-api
barbican-common
barbican-doc
barbican-keystone-listener
barbican-worker
python3-barbican

# base-files-config
base-files-config

#base-passwd
base-passwd

#bash
bash-builtins
bash-dbgsym
bash-doc
bash-static
bash

# bnxt_en - Broadcom kernel modules
bnxt-en
bnxt-en-rt

#build-info
#build-info-dev  # not used
build-info

#centos-debian-compat
centos-debian-compat

#ceph
ceph-base
ceph-common
ceph-fuse
#ceph-grafana-dashboards  # not used
ceph-mds
#ceph-mgr-dashboard  # not used
#ceph-mgr-diskprediction-cloud  # not used
#ceph-mgr-diskprediction-local  # not used
#ceph-mgr-k8sevents  # not used
#ceph-mgr-rook  # not used
#ceph-mgr-ssh  # not used
ceph-mgr
ceph-mon
ceph-osd
#ceph-resource-agents  # not used
ceph
#cephfs-shell  # not used
#libcephfs-dev  # not used
#libcephfs-java  # not used
#libcephfs-jni  # not used
libcephfs2
#librados-dev  # not used
librados2
#libradospp-dev  # not used
#libradosstriper-dev  # not used
libradosstriper1
#librbd-dev  # not used
librbd1
#librgw-dev  # not used
librgw2
python3-ceph-argparse
python3-ceph
python3-cephfs
python3-rados
python3-rbd
python3-rgw
#rados-objclass-dev  # not used
radosgw
#rbd-fuse  # not used
#rbd-mirror  # not used
#rbd-nbd  # not used

#ceph-manager
ceph-manager

#cert-alarm
cert-alarm

#cert-mon
cert-mon

#cgcs-patch
cgcs-patch-agent
cgcs-patch-controller
cgcs-patch
python3-cgcs-patch

#cgts-client
cgts-client

#chartmuseum
#chartmuseum  # only used for build

#cluster-resource-agents
#ldirectord  # not used
resource-agents

#collectd
collectd-extensions

#collector
collector

#config-gate
config-gate-worker
config-gate

#containerd
containerd
#golang-github-containerd-containerd-dev  # not used

#containerd-config
containerd-config

#controllerconfig
controllerconfig

#crictl
crictl

#debian-release-config
debian-release-config

#dex-helm
#dex-helm  # only used for build

#dhcp
#isc-dhcp-client-ddns  # not used
isc-dhcp-client
isc-dhcp-common
#isc-dhcp-dev  # not used
#isc-dhcp-relay  # not used
#isc-dhcp-server-ldap  # not used
#isc-dhcp-server  # not used

#dhcp-config
dhcp-config

#distributedcloud
distributedcloud-dccommon
distributedcloud-dcdbsync
distributedcloud-dcmanager
distributedcloud-dcorch

#distributedcloud-client
distributedcloud-client-dcmanagerclient

#dnsmasq
#dnsmasq-base-lua  # not used
dnsmasq-base
dnsmasq-utils
dnsmasq

#dnsmasq-config
dnsmasq-config

#docker-config
docker-config

#docker-distribution
docker-registry
#golang-github-docker-distribution-dev  # not used

#drbd-tools
drbd-utils

#efitools
#efitools-dbgsym  # not used
efitools

#enable-dev-patch (not used in deployment)
enable-dev-patch

#etcd
etcd-client
etcd-server
etcd
#golang-etcd-server-dev  # not used

#facter
#facter-dev  # not used
facter
libfacter3.14.12

#filesystem-scripts
filesystem-scripts

#fm-api
python3-fm-api

#fm-common
#fm-common-dev  # not used
fm-common-doc
fm-common

#fm-doc
fm-doc

#fm-mgr
fm-mgr

#fm-rest-api
fm-rest-api

#golang-1.16.12
#golang-1.16-doc  # only used for build
#golang-1.16-go  # only used for build
#golang-1.16-src  # only used for build
#golang-1.16  # only used for build

#golang-dep
#go-dep  # only used for build

#gpu-operator
gpu-operator

#grub2
grub-common
#grub-coreboot-bin  # not used
#grub-coreboot-dbg  # not used
#grub-coreboot  # not used
#grub-efi-amd64-bin  # not used
#grub-efi-amd64-dbg  # not used
#grub-efi-amd64-signed-template  # not used
#grub-efi-amd64  # not used
#grub-efi-ia32-bin  # not used
#grub-efi-ia32-dbg  # not used
#grub-efi-ia32  # not used
#grub-efi  # not used
#grub-emu-dbg  # not used
#grub-emu  # not used
#grub-firmware-qemu  # not used
#grub-ieee1275-bin  # not used
#grub-ieee1275-dbg  # not used
#grub-ieee1275  # not used
#grub-linuxbios  # not used
grub-pc-bin
#grub-pc-dbg  # not used
grub-pc
#grub-rescue-pc  # not used
#grub-theme-starfield  # not used
#grub-xen-bin  # not used
#grub-xen-dbg  # not used
#grub-xen-host  # not used
#grub-xen  # not used
grub2-common
grub2

#grubby
grubby

#gui
starlingx-dashboard

#haproxy-config
haproxy
haproxy-config

#helm
helm

#hostdata-collectors
engtools

#ifupdown-extra
ifupdown-extra

#initramfs-ostree
#initramfs-ostree  # only used for build

#initscripts-config
initscripts-config

#intel-i40e
i40e
i40e-rt
i40e-cvl-2.54
i40e-cvl-2.54-rt

#intel-iavf
iavf
iavf-rt
iavf-cvl-2.54
iavf-cvl-2.54-rt

#intel-ice
ice
ice-rt
ice-cvl-2.54
ice-cvl-2.54-rt

#intel-igb_uio
igb-uio
igb-uio-rt

kdump-tools

#intel-opae-fpga
kmod-opae-fpga-driver
kmod-opae-fpga-driver-rt

#io-scheduler
io-scheduler

#iptables-config
iptables-config

# iputils
iputils-arping
iputils-ping
iputils-tracepath

#iscsi-initiator-utils-config
iscsi-initiator-utils-config

#isolcpus-device-plugin
isolcpus-device-plugin

#istio-helm
#istio-helm  # only used for build

#kiali-helm
#kiali-helm  # only used for build

#k8s-coredump
k8s-coredump

#k8s-pod-recovery
k8s-pod-recovery

#k8s-cni-cache-cleanup
k8s-cni-cache-cleanup

# libbnxt_re - Broadcom Infiniband verbs library
libbnxt-re

#kernel-std
#bpftool  # not used
#hyperv-daemons  # not used
#libcpupower-dev  # not used
#libcpupower1  # not used
linux-compiler-gcc-10-x86
#linux-config-5.10  # not used
#linux-cpupower  # not used
linux-headers-5.10.0-6-amd64
linux-rt-headers-5.10.0-6-rt-amd64
linux-headers-5.10.0-6-common
linux-rt-headers-5.10.0-6-rt-common
#linux-image-5.10.0-6-amd64-dbg # not used
#linux-rt-image-5.10.0-6-rt-amd64-dbg # not used
linux-image-5.10.0-6-amd64-unsigned
linux-rt-image-5.10.0-6-rt-amd64-unsigned
#linux-image-amd64-dbg  # not used
#linux-image-amd64-signed-template  # not used
linux-kbuild-5.10
linux-rt-kbuild-5.10
linux-libc-dev
#linux-perf-5.10-dbgsym  # not used
linux-perf-5.10
#linux-perf  # not used
#linux-source-5.10 # not used
#linux-rt-source-5.10 # not used
#linux-source  # not used
#linux-support-5.10.0-6  # not used
#usbip  # not used

# lvm2
dmeventd
dmsetup
#dmsetup-udeb
libdevmapper1.02.1
#libdevmapper1.02.1-udeb
#libdevmapper-dev
libdevmapper-event1.02.1
liblvm2cmd2.03
#liblvm2-dev
lvm2
#lvm2-dbusd
#lvm2-lockd
#lvm2-udeb

# lvm2-config
lvm2-config

#keyrings.alt
python3-keyrings.alt

#keystone
keystone-doc
keystone
python3-keystone

#kpatch-0.9.5
kpatch
kpatch-build
kpatch-prebuilt
kpatch-prebuilt-rt

#kubernetes monitoring
kube-cpusets
kube-memory

#kubernetes-x (-master, -misc, -unit-test used only for build)
#kubernetes-1.21.8
kubernetes-1.21.8-client
kubernetes-1.21.8-kubeadm
kubernetes-1.21.8-node
#kubernetes-1.22.5
kubernetes-1.22.5-client
kubernetes-1.22.5-kubeadm
kubernetes-1.22.5-node
#kubernetes-1.23.1
kubernetes-1.23.1-client
kubernetes-1.23.1-kubeadm
kubernetes-1.23.1-node
#kubernetes-1.24.4
kubernetes-1.24.4-client
kubernetes-1.24.4-kubeadm
kubernetes-1.24.4-node

#kubernetes-unversioned
kubernetes-unversioned

#ldapscripts
ldapscripts

#logrotate-config
logrotate-config

#libfdt
libfdt

#lighttpd
#lighttpd-doc  # not used
#lighttpd-mod-authn-gssapi  # not used
#lighttpd-mod-authn-pam  # not used
#lighttpd-mod-authn-sasl  # not used
lighttpd-mod-geoip
#lighttpd-mod-maxminddb  # not used
#lighttpd-mod-trigger-b4-dl  # not used
#lighttpd-mod-vhostdb-dbi  # not used
#lighttpd-mod-vhostdb-pgsql  # not used
#lighttpd-mod-webdav  # not used
lighttpd-modules-mysql
lighttpd

#lighttpd-config
lighttpd-config

#linuxptp
linuxptp

#lldpd
#liblldpctl-dev  # not used
lldpd

#logmgmt
logmgmt

#lsb
lsb-base
#lsb-release  # not used

#memcached-custom
memcached-custom

#mlnx-ofa_kernel
mlnx-ofed-kernel-modules
mlnx-ofed-kernel-modules-rt
mlnx-ofed-kernel-utils

#monitor-helm
#monitor-helm  # only used for build

#monitor-helm-elastic
#monitor-helm-elastic  # only used for build

#monitor-tools
monitor-tools

#mtce
#mtce-dev  # not used
mtce-hostw
mtce-hwmon
mtce-lmon
mtce-pmon
mtce

#mtce-common
#mtce-common-dev  # not used

#mtce-compute
mtce-compute

#mtce-control
mtce-control

#mtce-guest
mtce-guest-agent
mtce-guest-server

#mtce-storage
mtce-storage

#mttyexec
#mttyexec  # only used for build

#multus-config
multus-config

#namespace-utils
namespace-utils

#net-tools
net-tools

#nfscheck
nfscheck

#nfs-utils-config
nfs-utils-config

#nfv
nfv-client
nfv-common
nfv-plugins
nfv-tools
nfv-vim

#nova-api-proxy
nova-api-proxy

#ntp-config
ntp-config

#oidc-auth-tools
python3-oidcauthtools

#openldap
ldap-utils
libldap-2.4-2
libldap-common
#libldap2-dev  # not used
#slapd-contrib  # not used
#slapd-smbk5pwd  # not used
slapd
#slapi-dev  # not used
slapd-ppolicy-check-password

#openldap-config
openldap-config

#openssh-config
openssh-config

#openstack-helm
#openstack-helm  # only used for build

#openstack-helm-infra
#openstack-helm-infra  # only used for build

#openstack-pkg-tools
#openstack-pkg-tools  # only used for build

#openstack-ras
openstack-resource-agents

#ostree
#gir1.2-ostree-1.0  # only used for build
#libostree-1-1  # only used for build
#libostree-dev  # only used for build
#libostree-doc  # only used for build
#ostree-boot  # only used for build
#ostree-tests  # only used for build
#ostree  # only used for build

#ostree-upgrade-mgr
#ostree-upgrade-mgr  # only used for build

#pam-config
pam-config

#parted
#libparted-dev  # not used
libparted-fs-resize0
libparted-i18n
libparted2
parted-doc
parted

#patch-alarm
python3-patch-alarm

#pf-bb-config
pf-bb-config

#platform-upgrades
platform-upgrades

#platform-util
platform-util-controller
platform-util-noncontroller
platform-util
python3-platform-util

platform-kickstarts

#playbookconfig
playbookconfig

#plugins
bond-cni
containernetworking-plugins
#golang-github-containernetworking-plugins-dev  # not used

#portieris-helm
#portieris-helm  # only used for build

#puppet-5.5.22
#puppet-master-passenger  # not used
puppet

#puppet-boolean-2.0.2
puppet-boolean

#puppet-ceph-3.1.1
puppet-module-ceph

#puppet-dcdbsync
puppet-dcdbsync

#puppet-dcmanager
puppet-dcmanager

#puppet-dcorch
puppet-dcorch

#puppet-dnsmasq
puppet-dnsmasq

#puppet-drbd-0.5.2
puppet-drbd

#puppet-etcd-1.12.3
puppet-module-cristifalcas-etcd

#puppet-fm
puppet-fm

#puppet-keystone-17.4.0
puppet-module-keystone

#puppet-module-horizon-17.4.0
puppet-module-horizon

#puppet-ldap
puppet-ldap

#puppet-lvm-1.4.0
puppet-lvm

#puppet-manifests
puppet-manifests

#puppet-mtce
puppet-mtce

#puppet-network
puppet-network

#puppet-nfv
puppet-nfv

#puppet-openstacklib-17.4.0
puppet-module-openstacklib

#puppet-oslo-17.4.0
puppet-module-oslo

#puppet-patching
puppet-patching

#puppet-puppi
puppet-puppi

#puppet-rabbitmq-8.5.0
puppet-module-puppetlabs-rabbitmq

#puppet-smapi
puppet-smapi

#puppet-sshd
puppet-sshd

#puppet-staging
puppet-module-nanliu-staging

#puppet-sysinv
puppet-sysinv

#puppetlabs-firewall-1.12.0
puppet-module-puppetlabs-firewall

#puppetlabs-haproxy-2.1.0
puppet-module-puppetlabs-haproxy

#puppetlabs-mysql-8.1.0
puppet-module-puppetlabs-mysql

#puppetlabs-postgresql-6.7.0
puppet-module-puppetlabs-postgresql

#puppetlabs-stdlib-5.0.0
puppet-module-puppetlabs-stdlib

#pxe-network-installer
pxe-network-installer

#python-aodhclient
python-aodhclient-doc
python3-aodhclient

#python-barbicanclient
python3-barbicanclient

#python-cephclient
python3-cephclient

#python-cinderclient
python3-cinderclient

#python-docker
python3-docker

#python-fmclient
python3-fmclient

#python-glanceclient
python-glanceclient-doc
python3-glanceclient

#python-gnocchiclient
python-gnocchiclient-doc
python3-gnocchiclient

#python-heatclient
python3-heatclient

#python-horizon
horizon-doc
openstack-dashboard-apache
openstack-dashboard
python3-django-horizon

#python-ironicclient
python-ironicclient-doc
python3-ironicclient

#python-k8sapp-auditd
#python3-k8sapp-auditd  # not used

#python-k8sapp-cert-manager
#python3-k8sapp-cert-manager  # not used

#python-k8sapp-istio
#python3-k8sapp-istio  # not used

#python-k8sapp-nginx-ingress-controller
#python3-k8sapp-nginx-ingress-controller  # not used

#python-k8sapp-oidc
#python3-k8sapp-oidc  # not used

#python-k8sapp-openstack
#python3-k8sapp-openstack  # not used

#python-k8sapp-platform
#python3-k8sapp-platform  # not used

#python-k8sapp-portieris
#python3-k8sapp-portieris  # not used

#python-k8sapp-ptp-notification
#python3-k8sapp-ptp-notification  # not used

#python-k8sapp-snmp
#python3-k8sapp-snmp  # not used

#python-k8sapp-sriov-fec-operator
#python3-k8sapp-sriov-fec-operator  # not used

#python-k8sapp-vault
#python3-k8sapp-vault  # not used

#python-keyring
python3-keyring

#python-keystoneclient
python-keystoneclient-doc
python3-keystoneclient

#python-neutronclient
python3-neutronclient

#python-novaclient
python-novaclient-doc
python3-novaclient

#python3-nsenter
python3-nsenter

#python-openstackclient
python-openstackclient-doc
python3-openstackclient

#python-openstacksdk
python-openstacksdk-doc
python3-openstacksdk

#python-osc-lib
python-osc-lib-doc
python3-osc-lib

#python-oslo-messaging
python3-oslo.messaging

#python-pankoclient
python-pankoclient-doc
python3-pankoclient

#python-wsme
python3-wsme

#python3-setuptools
#python-setuptools-doc
python3-pkg-resources
python3-setuptools

#python-siteconfig
python-siteconfig

#qat17
qat1.7.l
qat1.7.l-rt

#rabbitmq-server
rabbitmq-server

#rabbitmq-server-config
rabbitmq-server-config

#rdma-core
ibacm
ibverbs-providers
ibverbs-utils
infiniband-diags
#libibmad-dev  # not used
libibmad5-dbg
libibmad5
#libibnetdisc-dev  # not used
libibnetdisc5-dbg
libibnetdisc5
#libibumad-dev  # not used
libibumad3-dbg
libibumad3
#libibverbs-dev  # not used
libibverbs1-dbg
libibverbs1
#librdmacm-dev  # not used
librdmacm1-dbg
librdmacm1
python3-pyverbs
rdma-core
rdmacm-utils
srptools

#mstflint
mstflint

#openscap
libopenscap25
openscap-common
openscap-scanner
openscap-utils
python3-openscap

#openvswitch
openvswitch-common
openvswitch-dbg
openvswitch-dev
openvswitch-ipsec
openvswitch-pki
openvswitch-switch-dpdk
openvswitch-switch
openvswitch-testcontroller
openvswitch-vtep

#registry-token-server
registry-token-server

#rsync-config
rsync-config

#runc
#golang-github-opencontainers-runc-dev  # not used
runc

#service-mgmt-api
sm-api

#service-mgmt-client
sm-client

#service-mgmt-tools
sm-tools

#shadow-utils-config
shadow-utils-config

#shim-unsigned
shim-helpers-amd64-signed-template
shim-unsigned

#sm
sm

#sm-common
#sm-common-dev  # not used
sm-common-libs
sm-common
sm-eru

#sm-db
#sm-db-dev  # not used
sm-db

#storageconfig
#storageconfig  # integration issue

#stx-audit-helm
stx-audit-helm

#stx-cert-manager-helm
stx-cert-manager-helm

#stx-extensions
stx-extensions

#stx-istio-helm
stx-istio-helm

#stx-kubevirt-app-helm
stx-kubevirt-app-helm

#stx-sts-silicom-helm
stx-sts-silicom-helm

#stx-metrics-server-helm
stx-metrics-server-helm

#stx-monitor-helm
#stx-monitor-helm  # integration issue

#stx-nginx-ingress-controller-helm
stx-nginx-ingress-controller-helm

#stx-ocf-scripts
stx-ocf-scripts

#stx-oidc-auth-helm
stx-oidc-auth-helm

#stx-openstack-helm
stx-openstack-helm

#stx-platform-helm
stx-platform-helm

#stx-portieris-helm
stx-portieris-helm

#stx-ptp-notification-helm
stx-ptp-notification-helm

#stx-snmp-helm
stx-snmp-helm

#stx-sriov-fec-operator-helm
stx-sriov-fec-operator-helm

#stx-vault-helm
stx-vault-helm

#sudo-config
sudo-config

#sysinv
sysinv
zerorpc-python

#sysinv-agent
sysinv-agent

#syslog-ng-config
syslog-ng-config

#systemd
libnss-myhostname
#libnss-mymachines  # not used
#libnss-resolve  # not used
#libnss-systemd  # not used
libpam-systemd
#libsystemd-dev  # not used
libsystemd0
#libudev-dev  # not used
libudev1
#systemd-container  # not used
#systemd-coredump  # not used
#systemd-journal-remote  # not used
systemd-sysv
#systemd-tests  # not used
#systemd-timesyncd  # not used
systemd
udev

#systemd-config
systemd-config

#systemd-presets
systemd-presets

#trident-installer
trident-installer

#tsconfig
tsconfig

#tuned
tuned-config

#update-motd
update-motd

#vault-helm
#vault-helm  # only used for build

#watchdog
watchdog

#worker-utils
worker-utils

#workerconfig
workerconfig-standalone
