#StarlingX patched package's name
#Packages here will be built into std image
#dpkg

#cert-alarm
cert-alarm

#cert-mon
cert-mon

#cgcs-patch
cgcs-patch-agent
cgcs-patch-controller
cgcs-patch
python3-cgcs-patch

#cgts-client
cgts-client-wheel
cgts-client

#config-gate
config-gate-worker
config-gate

#controllerconfig
controllerconfig-wheels
controllerconfig

#drbd-tools
drbd-utils-dbgsym
drbd-utils

#facter
facter-dbgsym
#facter-dev
facter
libfacter3.14.12-dbgsym
libfacter3.14.12

#fm-api
python3-fm-api

#fm-common
fm-common-dbgsym
#fm-common-dev
fm-common-doc
fm-common

#fm-mgr
fm-mgr-dbgsym
fm-mgr

#fm-rest-api
fm-rest-api

#parted
#libparted-dev
libparted-fs-resize0-dbgsym
libparted-fs-resize0
libparted-i18n
libparted2-dbgsym
libparted2
parted-dbgsym
parted-doc
parted

#platform-util
platform-util-controller
platform-util-noncontroller
platform-util-wheel
platform-util
python3-platform-util

#playbookconfig
playbookconfig

#puppet-5.5.22
#puppet-master-passenger
puppet-master
puppet

#puppet-boolean-2.0.2
puppet-boolean

#puppet-ceph-3.1.1
puppet-module-ceph

#puppet-dnsmasq
puppet-dnsmasq

#puppet-drbd-0.5.2
puppet-drbd

#puppet-keystone-17.4.0
puppet-module-keystone

#puppetlabs-haproxy-2.1.0
puppet-module-puppetlabs-haproxy

#puppetlabs-postgresql-6.7.0
puppet-module-puppetlabs-postgresql

#puppetlabs-stdlib-5.0.0
puppet-module-puppetlabs-stdlib

#puppet-ldap
puppet-ldap

#puppet-lvm-1.4.0
puppet-lvm

#puppet-network
puppet-network

#puppet-nslcd
puppet-nslcd

#puppet-openstacklib-17.4.0
puppet-module-openstacklib

#puppet-oslo-17.4.0
puppet-module-oslo

#puppet-puppi
puppet-puppi

#puppet-rabbitmq-8.5.0
puppet-module-puppetlabs-rabbitmq

#puppet-staging
puppet-module-nanliu-staging

#python-cephclient
python3-cephclient

#python-fmclient
python3-fmclient

#storageconfig
#storageconfig

#sysinv
sysinv-wheels
sysinv

#sysinv-agent
sysinv-agent

#sysinv-fpga-agent
sysinv-fpga-agent

#trident-installer
trident-installer

#tsconfig
tsconfig-wheel
tsconfig

#workerconfig
#workerconfig-standalone
