acpica-tools 20200925-1.2
autoconf-archive 20190106-2.1
autogen 1:5.18.16-4
autogen-doc 1:5.18.16-4
cmake 3.18.4-2+deb11u1
cmake-data 3.18.4-2+deb11u1
comerr-dev 2.1-1.46.2-2+deb11u1 https://snapshot.debian.org/archive/debian-security/20241004T132419Z/pool/updates/main/e/e2fsprogs/comerr-dev_2.1-1.46.2-2%2Bdeb11u1_amd64.deb
docutils-doc 0.16+dfsg-4
doxygen 1.9.1-1
dwarves 1.20-1
fonts-mathjax 2.7.9+dfsg-1
g++-10 10.2.1-6
git 1:2.30.2-1+deb11u3 https://snapshot.debian.org/archive/debian-security/20240903T101346Z/pool/updates/main/g/git/git_2.30.2-1%2Bdeb11u3_amd64.deb
git-man 1:2.30.2-1+deb11u3 https://snapshot.debian.org/archive/debian-security/20240903T101346Z/pool/updates/main/g/git/git-man_2.30.2-1%2Bdeb11u3_all.deb
git-review 1.28.0-2
guile-2.2-libs 2.2.7+1-6
hwdata 0.345-1
lib32ncurses-dev 6.2+20201114-2+deb11u2  https://snapshot.debian.org/archive/debian/20230726T151952Z/pool/main/n/ncurses/lib32ncurses-dev_6.2%2B20201114-2%2Bdeb11u2_amd64.deb
lib32ncurses6 6.2+20201114-2+deb11u2  https://snapshot.debian.org/archive/debian/20230726T151952Z/pool/main/n/ncurses/lib32ncurses6_6.2%2B20201114-2%2Bdeb11u2_amd64.deb
lib32ncursesw6 6.2+20201114-2+deb11u2  https://snapshot.debian.org/archive/debian/20230726T151952Z/pool/main/n/ncurses/lib32ncursesw6_6.2%2B20201114-2%2Bdeb11u2_amd64.deb
lib32tinfo6 6.2+20201114-2+deb11u2  https://snapshot.debian.org/archive/debian/20230726T151952Z/pool/main/n/ncurses/lib32tinfo6_6.2%2B20201114-2%2Bdeb11u2_amd64.deb
libcap-dev 1:2.44-1
libclang-cpp11 1:11.0.1-2
libclang1-11 1:11.0.1-2
liberror-perl 0.17029-1
libhwloc-dev 1.11.12-3 https://snapshot.debian.org/archive/debian/20220703T032011Z/pool/main/h/hwloc/libhwloc-dev_1.11.12-3_amd64.deb
libhwloc5 1.11.12-3 https://snapshot.debian.org/archive/debian/20220703T032011Z/pool/main/h/hwloc/libhwloc5_1.11.12-3_amd64.deb
libjs-mathjax 2.7.9+dfsg-1
libjson-c-dev 0.15-2
libjsoncpp24 1.9.4-4
libltdl-dev 2.4.6-15
libncurses-dev 6.2+20201114-2 https://snapshot.debian.org/archive/debian/20220703T032011Z/pool/main/n/ncurses/libncurses-dev_6.2%2B20201114-2_amd64.deb
libnuma-dev 2.0.12-1+b1
libopts25-dev 1:5.18.16-4
libpython2-stdlib 2.7.18-3
libpython2.7 2.7.18-8+deb11u1 https://snapshot.debian.org/archive/debian/20230926T090746Z/pool/main/p/python2.7/libpython2.7_2.7.18-8%2Bdeb11u1_amd64.deb
libpython2.7-minimal 2.7.18-8+deb11u1 https://snapshot.debian.org/archive/debian/20230926T090746Z/pool/main/p/python2.7/libpython2.7-minimal_2.7.18-8%2Bdeb11u1_amd64.deb
libpython2.7-stdlib 2.7.18-8+deb11u1 https://snapshot.debian.org/archive/debian/20230926T090746Z/pool/main/p/python2.7/libpython2.7-stdlib_2.7.18-8%2Bdeb11u1_amd64.deb
libpython2.7-dev 2.7.18-8+deb11u1 https://snapshot.debian.org/archive/debian/20230926T090746Z/pool/main/p/python2.7/libpython2.7-dev_2.7.18-8%2Bdeb11u1_amd64.deb
librhash0 1.4.1-2
libsimdjson5 0.7.1-1
libstdc++-10-dev 10.2.1-6
libxapian30 1.4.18-3 https://snapshot.debian.org/archive/debian/20220703T032011Z/pool/main/x/xapian-core/libxapian30_1.4.18-3_amd64.deb
pandoc 2.9.2.1-1+deb11u1 https://snapshot.debian.org/archive/debian/20230925T090110Z/pool/main/p/pandoc/pandoc_2.9.2.1-1%2Bdeb11u1_amd64.deb
pandoc-data 2.9.2.1-1+deb11u1 https://snapshot.debian.org/archive/debian/20230925T090110Z/pool/main/p/pandoc/pandoc-data_2.9.2.1-1%2Bdeb11u1_all.deb
pkg-config 0.29.2-1
pybind11-dev 2.6.2-1
python3-oslo.messaging 12.5.2-1 https://snapshot.debian.org/archive/debian/20210331T144200Z/pool/main/p/python-oslo.messaging/python3-oslo.messaging_12.5.2-1_all.deb
python3-prometheus-client 0.7.1-1.1 https://snapshot.debian.org/archive/debian/20191124T025632Z/pool/main/p/python-prometheus-client/python3-prometheus-client_0.7.1-1.1_all.deb
python-requests-doc 2.25.1+dfsg-2
python2 2.7.18-3
python2-minimal 2.7.18-3
python2.7  2.7.18-8+deb11u1  https://snapshot.debian.org/archive/debian/20230926T090746Z/pool/main/p/python2.7/python2.7_2.7.18-8%2Bdeb11u1_amd64.deb
python2.7-minimal  2.7.18-8+deb11u1  https://snapshot.debian.org/archive/debian/20230926T090746Z/pool/main/p/python2.7/python2.7-minimal_2.7.18-8%2Bdeb11u1_amd64.deb
python2.7-dev  2.7.18-8+deb11u1  https://snapshot.debian.org/archive/debian/20230926T090746Z/pool/main/p/python2.7/python2.7-dev_2.7.18-8%2Bdeb11u1_amd64.deb
python3-doc 3.9.2-3
python3-intelhex 2.1-2.2
python3-pybind11 2.6.2-1
python3-thriftpy 0.3.9+ds1-1+b5
python3.9-doc 3.9.2-1
sphinx-doc 3.4.3-2
trace-cmd 2.9.1-1
tree 1.8.0-1+b1
unzip 6.0-26+deb11u1
usb.ids 2022.05.20-0+deb11u1 https://snapshot.debian.org/archive/debian/20220702T033910Z/pool/main/u/usb.ids/usb.ids_2022.05.20-0+deb11u1_all.deb
