acl  2.3.1-3
acpid  1:2.0.33-2+b1
acpi-support-base  0.143-5.1
adduser  3.134
alembic  1.8.1-2
ansible  7.3.0+dfsg-1
apache2  2.4.57-2
apache2-bin  2.4.57-2
apache2-data  2.4.57-2
apache2-utils  2.4.57-2
apparmor  3.0.8-3
apparmor-utils  3.0.8-3
apt  2.6.1
apt-utils  2.6.1
auditd  1:3.0.9-1
augeas-lenses  1.14.0-1
augeas-tools  1.14.0-1
autoconf  2.71-3
automake  1:1.16.5-1.3
autopoint  0.21-12
autotools-dev  20220109.1
avahi-daemon  0.8-10
base-files  12.4+deb12u5
bash-completion  1:2.11-6
bc  1.07.1-3+b1
bind9-dnsutils  1:9.18.19-1~deb12u1
bind9-host  1:9.18.19-1~deb12u1
bind9-libs  1:9.18.19-1~deb12u1
binutils  2.40-2
binutils-common  2.40-2
binutils-x86-64-linux-gnu  2.40-2
bison  2:3.8.2+dfsg-1+b1
bsdextrautils  2.38.1-5+b1
bsdutils  1:2.38.1-5+b1
bubblewrap  0.8.0-2
busybox  1:1.35.0-4+b3
bzip2  1.0.8-5+b1
ca-certificates  20230311
cdebconf  0.270
cgroup-tools  2.0.2-2
cloud-init  22.4.2-1
cloud-utils  0.33-1
cloud-guest-utils  0.33-1
cloud-image-utils  0.33-1
cluster-glue  1.0.12-21+b2
collectd  5.12.0-14
collectd-core  5.12.0-14
conntrack  1:1.4.7-1+b2
conntrackd  1:1.4.7-1+b2
coreutils  9.1-1
cpio  2.13+dfsg-7.1
cpp-12  12.2.0-14
cpp  4:12.2.0-3
cracklib-runtime  2.9.6-5+b1
cron  3.0pl1-162
cryptsetup-bin  2:2.6.1-4~deb12u2
curl  7.88.1-10+deb12u5
dash  0.5.12-2
dbconfig-common  2.0.24
dbus  1.14.10-1~deb12u1
dbus-user-session  1.14.10-1~deb12u1
dconf-gsettings-backend  0.40.0-4
dconf-service  0.40.0-4
debconf  1.5.82
debconf-i18n  1.5.82
debhelper  13.11.4
debian-archive-keyring  2023.3+deb12u1
debianutils  5.7-0.5~deb12u1
debugedit  1:5.0-5
device-tree-compiler  1.6.1-4+b1
dh-apparmor  3.0.8-3
dh-autoreconf  20
dh-golang  1.59
dh-strip-nondeterminism  1.13.1-1
diffutils  1:3.8-4
dirmngr  2.2.40-1.1
distro-info-data  0.58+deb12u1
dmidecode  3.4-1
dnf  4.14.0-3+deb12u1
dnf-data  4.14.0-3+deb12u1
docker.io  20.10.24+dfsg1-1+b3
docutils-common  0.19+dfsg-6
dosfstools  4.2-1
dpkg  1.21.22
dpkg-dev  1.21.22
dwz  0.15-1
eatmydata  130-2
e2fsprogs  1.47.0-2
efibootmgr  17-2
eject  2.38.1-5+b1
elfutils  0.188-2.1
erlang-asn1  1:25.2.3+dfsg-1
erlang-base  1:25.2.3+dfsg-1
erlang-crypto  1:25.2.3+dfsg-1
erlang-dev  1:25.2.3+dfsg-1
erlang-diameter  1:25.2.3+dfsg-1
erlang-edoc  1:25.2.3+dfsg-1
erlang-eldap  1:25.2.3+dfsg-1
erlang-erl-docgen  1:25.2.3+dfsg-1
erlang-eunit  1:25.2.3+dfsg-1
erlang-ftp  1:25.2.3+dfsg-1
erlang-inets  1:25.2.3+dfsg-1
erlang-mnesia  1:25.2.3+dfsg-1
erlang-odbc  1:25.2.3+dfsg-1
erlang-os-mon  1:25.2.3+dfsg-1
erlang-parsetools  1:25.2.3+dfsg-1
erlang-public-key  1:25.2.3+dfsg-1
erlang-runtime-tools  1:25.2.3+dfsg-1
erlang-snmp  1:25.2.3+dfsg-1
erlang-ssh  1:25.2.3+dfsg-1
erlang-ssl  1:25.2.3+dfsg-1
erlang-syntax-tools  1:25.2.3+dfsg-1
erlang-tftp  1:25.2.3+dfsg-1
erlang-tools  1:25.2.3+dfsg-1
erlang-xmerl  1:25.2.3+dfsg-1
ethtool  1:6.1-1
expect  5.45.4-2+b1
fdisk  2.38.1-5+b1
file  1:5.44-3
findutils  4.9.0-4
firmware-ath9k-htc  1.4.0-108-gd856466+dfsg1-1.3+deb12u1
firmware-linux-free  20200122-1
flake8  5.0.4-4
flex  2.6.4-8.2
fontconfig  2.14.1-4
fontconfig-config  2.14.1-4
fonts-dejavu-core  2.37-6
fonts-font-awesome  5.0.10+really4.7.0~dfsg-4.1
fonts-glyphicons-halflings  1.009~3.4.1+dfsg-3
fonts-lato  2.0-2.1
fonts-materialdesignicons-webfont  1.6.50-3
fonts-roboto-fontface  0.5.0-3
freeipmi-common  1.6.10-1
gawk  1:5.2.1-2
gcc-12  12.2.0-14
gcc-12-base  12.2.0-14
gcc  4:12.2.0-3
gcc-alpha-linux-gnu  4:12.2.0-5
gdisk  1.0.9-2.1
genisoimage  9:1.1.11-3.4
gettext  0.21-12
gettext-base  0.21-12
gir1.2-glib-2.0  1.74.0-3
gir1.2-packagekitglib-1.0  1.2.6-5
glib-networking  2.74.0-4
glib-networking-common  2.74.0-4
glib-networking-services  2.74.0-4
gnupg  2.2.40-1.1
gnupg-l10n  2.2.40-1.1
gnupg-utils  2.2.40-1.1
golang-1.19  1.19.8-2
golang-1.19-doc  1.19.8-2
golang-1.19-go  1.19.8-2
golang-1.19-src  1.19.8-2
golang-any  2:1.19~1
golang-go  2:1.19~1
golang-src  2:1.19~1
gpg  2.2.40-1.1
gpg-agent  2.2.40-1.1
gpgconf  2.2.40-1.1
gpgsm  2.2.40-1.1
gpgv  2.2.40-1.1
gpg-wks-client  2.2.40-1.1
gpg-wks-server  2.2.40-1.1
grep  3.8-5
groff-base  1.22.4-10
gsettings-desktop-schemas  43.0-1
gunicorn  20.1.0-6
gzip  1.12-1
hdparm  9.65+ds-1
hiera  3.10.0-1
hostname  3.23+nmu1
ieee-data  20220827.1
ifenslave  2.13
ifupdown  0.8.41
init  1.65.2
initramfs-tools  0.142
initramfs-tools-core  0.142
init-system-helpers  1.65.2
install-info  6.8-6+b1
intltool-debian  0.35.0+20060710.6
iperf3  3.12-1+deb12u1
ipmitool  1.8.19-4
iproute2  6.1.0-3
iptables  1.8.9-2
iptables-persistent  1.0.20
ipxe-qemu  1.0.0+git-20190125.36a4c85-5.1
iscsiuio  2.1.8-1
iotop  0.6-42-ga14256a-0.1+b2
iso-codes  4.15.0-1
isomd5sum  1:1.2.3-5+b4
kbd  2.5.1-1+b1
kernel-wedge  2.104
keyutils  1.6.3-2
klibc-utils  2.0.12-1
kmod  30+20221128-1
kpartx  0.9.4-3+deb12u1
krb5-multidev  1.20.1-2+deb12u1
less  590-2
libacl1  2.3.1-3
libaio1  0.3.113-4
libaio-dev  0.3.113-4
libapache2-mod-wsgi-py3  4.9.4-1+b2
libapparmor-dev  3.0.8-3
libapparmor1  3.0.8-3
libapr1  1.7.2-3
libaprutil1  1.6.3-1
libaprutil1-dbd-sqlite3  1.6.3-1
libaprutil1-ldap  1.6.3-1
libapt-pkg6.0  2.6.1
libarchive13  3.6.2-1
libarchive-zip-perl  1.68-1
libargon2-1  0~20171227-0.3+deb12u1
libasan6  11.3.0-12
libasm1  0.188-2.1
libassuan0  2.5.5-5
libatomic1  12.2.0-14
libattr1-dev  1:2.5.1-4
libattr1  1:2.5.1-4
libaudit-dev  1:3.0.9-1
libaudit1  1:3.0.9-1
libaudit-common  1:3.0.9-1
libaugeas0  1.14.0-1
libauparse0  1:3.0.9-1
libavahi-client3  0.8-10
libavahi-common3  0.8-10
libavahi-common-data  0.8-10
libavahi-common-dev  0.8-10
libavahi-core7  0.8-10
libavahi-glib1  0.8-10
libavahi-client-dev  0.8-10
libavahi-glib-dev  0.8-10
libbabeltrace1  1.5.11-1+b2
libbasicobjects0  0.6.2-1
libbinutils  2.40-2
libblas3  3.11.0-2
libblkid1  2.38.1-5+b1
libbluetooth3  5.66-1+deb12u1
libboost-context1.74.0  1.74.0+ds1-21
libboost-filesystem1.74.0  1.74.0+ds1-21
libboost-iostreams1.74.0  1.74.0+ds1-21
libboost-locale1.74.0  1.74.0+ds1-21
libboost-log1.74.0  1.74.0+ds1-21
libboost-nowide1.74.0  1.74.0+ds1-21
libboost-program-options1.74.0  1.74.0+ds1-21
libboost-python1.74.0  1.74.0+ds1-21
libboost-regex1.74.0  1.74.0+ds1-21
libboost-thread1.74.0  1.74.0+ds1-21
libbpf1  1:1.1.0-1
libbrotli1  1.0.9-2+b6
libbsd0  0.11.7-2
libbson-1.0-0  1.23.1-1+b1
libbz2-1.0  1.0.8-5+b1
libc6  2.36-9+deb12u4
libc6-dev  2.36-9+deb12u4
libc6.1-dev-alpha-cross  2.36-8cross1
libcairo2  1.16.0-7
libcap2  1:2.66-4
libcap2-bin  1:2.66-4
libcap-ng0  0.8.3-1+b3
libcap-ng-dev  0.8.3-1+b3
libcapstone-dev  4.0.2-5
libcapstone4  4.0.2-5
libcacard-dev  1:2.8.0-3
libcacard0  1:2.8.0-3
libc-ares2  1.18.1-3
libc-bin  2.36-9+deb12u4
libcbor0.8  0.8.0-2+b1
libcc1-0  12.2.0-14
libc-dev-bin  2.36-9+deb12u4
libc-l10n  2.36-9+deb12u4
libcgroup2  2.0.2-2
libcollection4  0.6.2-1
libcom-err2  1.47.0-2
libcomps0  0.1.19-2
libcpp-hocon0.3.0  0.3.0-1+b4
libcpupower1  6.1.69-1  https://snapshot.debian.org/archive/debian/20240115T092401Z/pool/main/l/linux/libcpupower1_6.1.69-1_amd64.deb
libcrack2  2.9.6-5+b1
libcrypt1  1:4.4.33-2
libcrypt-dev  1:4.4.33-2
libcryptsetup12  2:2.6.1-4~deb12u2
libctf0  2.40-2
libctf-nobfd0  2.40-2
libcups2  2.4.2-3+deb12u5
libcurl3-gnutls  7.88.1-10+deb12u5
libcurl4  7.88.1-10+deb12u5
libcurl4-gnutls-dev  7.88.1-10+deb12u5
libcurl4-openssl-dev  7.88.1-10+deb12u5
libncursesw5-dev  6.4-4
libncurses5-dev  6.4-4
libncurses-dev  6.4-4
libdaemon0  0.14-7.1
libdatrie1  0.2.13-2+b1
libdaxctl1  76.1-1
libdb5.3  5.3.28+dfsg2-1
libdbi1  0.9.0-6
libdbus-1-3  1.14.10-1~deb12u1
libdbus-1-dev  1.14.10-1~deb12u1
libdconf1  0.40.0-4
libdebconfclient0  0.270
libdebhelper-perl  13.11.4
libdebian-installer4  0.124
libvdeplug-dev  4.0.1-4
libvdeplug2  4.0.1-4
libdhash1  0.6.2-1
libdnf2  0.69.0-2
libdnf2-common  0.69.0-2
libdouble-conversion3  3.2.1-1
libdpkg-perl  1.21.22
libdrm2  2.4.114-1+b1
libdrm-common  2.4.114-1
libdrm-dev  2.4.114-1+b1
libdw1  0.188-2.1
libeatmydata1  130-2+b1
libedit2  3.1-20221030-2
libefiboot1  37-6
libefivar1  37-6
libeinfo1  0.45.2-2
libelf1  0.188-2.1
libelf-dev  0.188-2.1
libepoxy-dev  1.5.10-1
libepoxy0  1.5.10-1
libestr0  0.1.11-1
libevent-2.1-7  2.1.12-stable-8
libexecs0  1.3-2
libexpat1  2.5.0-1
libexpat1-dev  2.5.0-1
libext2fs2  1.47.0-2
libfastjson4  1.2304.0-1
libfdisk1  2.38.1-5+b1
libfdt1  1.6.1-4+b1
libfdt-dev  1.6.1-4+b1
libffi8  3.4.4-1
libfido2-1  1.12.0-2+b1
libfile-stripnondeterminism-perl  1.13.1-1
libfontconfig1  2.14.1-4
libfreeipmi17  1.6.10-1+b1
libfreetype6  2.12.1+dfsg-5
libfreetype6-dev  2.12.1+dfsg-5
libfreetype-dev  2.12.1+dfsg-5
libfribidi0  1.0.8-2.1
libfribidi-dev  1.0.8-2.1
libfstrm0  0.6.1-1
libfuse-dev  2.9.9-6+b1
libfuse2  2.9.9-6+b1
libfuse3-3  3.14.0-4
libgbm-dev  22.3.6-1+deb12u1
libgbm1  22.3.6-1+deb12u1
libgc1  1:8.2.2-3
libgcc-12-dev  12.2.0-14
libgcc-s1  12.2.0-14
libgcrypt20-dev  1.10.1-3
libgcrypt20  1.10.1-3
libgdbm6  1.23-3
libgdbm-compat4  1.23-3
libgeoip1  1.6.12-10
libgfapi0  10.3-5
libgfortran5  12.2.0-14
libgfrpc0  10.3-5
libgfxdr0  10.3-5
libgirepository-1.0-1  1.74.0-3
libglib2.0-0  2.74.6-2
libglusterfs-dev  10.3-5
libglusterfs0  10.3-5
libgmp10  2:6.2.1+dfsg1-1.1
libgnutls28-dev  3.7.9-2+deb12u2
libgnutls30  3.7.9-2+deb12u2
libgnutls-dane0  3.7.9-2+deb12u2
libgnutls-openssl27  3.7.9-2+deb12u2
libgnutlsxx30  3.7.9-2+deb12u2
libgomp1  12.2.0-14
libgoogle-perftools4  2.10-1
libgpg-error0  1.46-1
libgpgme11  1.18.0-3+b1
libgpm2  1.20.7-10+b1
libgraphite2-3  1.3.14-1
libgssapi-krb5-2  1.20.1-2+deb12u1
libgssrpc4  1.20.1-2+deb12u1
libgstreamer1.0-0  1.22.0-2
libgstreamer-plugins-base1.0-0  1.22.0-3+deb12u1
libgtk-3-dev  3.24.38-2~deb12u1
libharfbuzz0b  6.0.0+dfsg-3
libhogweed6  3.8.1-2
libibverbs1  44.0-2
libice6  2:1.0.10-1
libicu72  72.1-3
libidn2-0  2.3.3-1+b1
libini-config5  0.6.2-1
libinih1  55-1
libip4tc2  1.8.9-2
libip6tc2  1.8.9-2
libipa-hbac0  2.8.2-4
libiperf0  3.12-1+deb12u1
libipsec-mb1  1.3-2
libisal2  2.30.0-5
libiscsi-dev  1.19.0-3
libisl23  0.25-1.1
libisns0  0.101-0.2+b1
libitm1  12.2.0-14
libivykis0  0.42.4-1
libjansson4  2.14-2
libjpeg-dev  1:2.1.5-2
libjpeg62-turbo  1:2.1.5-2
libjs-angular-file-upload  12.2.13+dfsg-2
libjs-angular-gettext  2.3.8-2.1
libjs-angularjs  1.8.3-1
libjs-angularjs-smart-table  1.4.13-2
libjs-angular-schema-form  0.8.13-1.1
libjs-bootstrap  3.4.1+dfsg-3
libjs-bootswatch  3.3.7+dfsg2-1.1
libjs-d3  3.5.17-4
libjs-jquery  3.6.1+dfsg+~3.5.14-1
libjs-jquery-cookie  12-4
libjs-jquery-metadata  12-4
libjs-jquery.quicksearch  2.0.4-1.1
libjs-jquery-tablesorter  1:2.31.3+dfsg1-3
libjs-jquery-ui  1.13.2+dfsg-1
libjs-jsencrypt  2.3.0+dfsg2-3
libjs-lrdragndrop  1.0.2-2.1
libjs-magic-search  0.2.5-1.1
libjs-objectpath  1.2.1-2.1
libjson-c5  0.16-2
libjson-c-dev  0.16-2
libjs-rickshaw  1.5.1.dfsg-5
libjs-sphinxdoc  5.3.0-4
libjs-spin.js  1.2.8+dfsg2-1.1
libjs-term.js  0.0.7-4
libjs-tv4  1.2.7+dfsg1-2.1
libjs-twitter-bootstrap-datepicker  1.3.1+dfsg1-4.1
libjs-underscore  1.13.4~dfsg+~1.11.4-3
libk5crypto3  1.20.1-2+deb12u1
libkadm5clnt-mit12  1.20.1-2+deb12u1
libkadm5srv-mit12  1.20.1-2+deb12u1
libkeyutils1  1.6.3-2
libklibc  2.0.12-1
libkmod2  30+20221128-1
libkrb5-3  1.20.1-2+deb12u1
libkrb5-dev  1.20.1-2+deb12u1
libkrb5support0  1.20.1-2+deb12u1
libksba8  1.6.3-2
liblapack3  3.11.0-2
liblbfgsb0  3.0+dfsg.4-1
libldb2  2:2.6.2+samba4.17.12+dfsg-0+deb12u1
libleatherman1.12.1  1.12.1+dfsg-1.2+b5
libleveldb1d  1.23-4
libllvm14  1:14.0.6-12
liblmdb0  0.9.24-1
liblocale-gettext-perl  1.07-5
liblognorm5  2.0.6-4
liblrm2  1.0.12-21+b2
liblsan0  12.2.0-14
libltdl7  2.4.7-5
liblua5.2-0  5.2.4-3
liblua5.3-0  5.3.6-2
liblua5.3-dev  5.3.6-2
liblz4-1  1.9.4-1
liblzma5  5.4.1-0.2
libmagic1  1:5.44-3
libmagic-mgc  1:5.44-3
libmariadb-dev  1:10.11.6-0+deb12u1
libmariadb-dev-compat  1:10.11.6-0+deb12u1
libmariadb3  1:10.11.6-0+deb12u1
libmaxminddb0  1.7.1-1
libmd0  1.0.4-2
libmm-glib0  1.20.4-1
libmnl0  1.0.4-3
libmodulemd2  2.14.0-3
libmongoc-1.0-0  1.23.1-1+b1
libmongocrypt0  1.7.2-1
libmount1  2.38.1-5+b1
libmpc3  1.3.1-1
libmpfr6  4.2.0-1
libncurses6  6.4-4
libncursesw6  6.4-4
libndctl6  76.1-1
libndp0  1.8-1
libnet1  1.1.6+dfsg-3.2
libnetfilter-conntrack3  1.0.9-3
libnetfilter-cthelper0  1.0.1-1
libnetfilter-queue1  1.0.5-3
libnet-ntp-perl  1.5-3
libnetsnmptrapd40  5.9.3+dfsg-2
libnettle8  3.8.1-2
libnewt0.52  0.52.23-1+b1
libnfnetlink0  1.0.2-2
libnfs13  4.0.0-1
libnfs-dev  4.0.0-1
libnfsidmap1  1:2.6.2-4
libnftables1  1.0.6-2+deb12u2
libnftnl11  1.2.4-2
libnghttp2-14  1.52.0-1+deb12u1
libnl-3-200  3.7.0-0.2+b1
libnl-3-dev  3.7.0-0.2+b1
libnl-cli-3-200  3.7.0-0.2+b1
libnl-genl-3-200  3.7.0-0.2+b1
libnl-nf-3-200  3.7.0-0.2+b1
libnl-route-3-dev  3.7.0-0.2+b1
libnl-route-3-200  3.7.0-0.2+b1
libnm0  1.42.4-1
libnorm1  1.5.9+dfsg-2
libnpth0  1.6-3
libnsl2  1.3.0-2
libnsl-dev  1.3.0-2
libnspr4  2:4.35-1
libnss3  2:3.87.1-1
libnss3-dev  2:3.87.1-1
libnss-cache  0.18-2+b1
libnss-mdns  0.15.1-3
libnss-sss  2.8.2-4
libnuma-dev  2.0.16-1
libnuma1  2.0.16-1
liboath0  2.6.7-3.1
libodbc1  2.3.11-2+deb12u1
libopencsd1  1.3.3-1
libopendbx1  1.4.6-16+b1
libopenhpi3  3.8.0-2.1+b1
libopenipmi0  2.0.33-1+b1
libopeniscsiusr  2.1.8-1
libopts25  1:5.18.16-5
libopus0  1.3.1-3
liborc-0.4-0  1:0.4.33-2
libp11-kit0  0.24.1-2
libpackagekit-glib2-18  1.2.6-5
libpam0g  1.5.2-6+deb12u1
libpam-modules  1.5.2-6+deb12u1
libpam-modules-bin  1.5.2-6+deb12u1
libpam-pwquality  1.4.5-1+b1
libpam-runtime  1.5.2-6+deb12u1
libpam-sss  2.8.2-4
libpango-1.0-0  1.50.12+ds-1
libpangocairo-1.0-0  1.50.12+ds-1
libpangoft2-1.0-0  1.50.12+ds-1
libpath-utils1  0.6.2-1
libpcap0.8-dev  1.10.3-1
libpcap0.8  1.10.3-1
libpciaccess0  0.17-2
libpciaccess-dev  0.17-2
libpci3  1:3.9.0-4
libpcre2-8-0  10.42-1
libpcre3  2:8.39-15
libpcsclite1  1.9.9-2
libperl5.36  5.36.0-7+deb12u1
libpgm-5.3-0  5.3.128~dfsg-2
libpils2  1.0.12-21+b2
libpipeline1  1.5.7-1
libpixman-1-0  0.42.2-1
libplumb2  1.0.12-21+b2
libplumbgpl2  1.0.12-21+b2
libpng-dev  1.6.39-2
libpng16-16  1.6.39-2
libpmem-dev  1.12.1-2
libpmem1  1.12.1-2
libpolkit-agent-1-0  122-3
libpolkit-gobject-1-dev  122-3
libpolkit-gobject-1-0  122-3
libpopt0  1.19+dfsg-1
libpq5  15.5-0+deb12u1
libpq-dev  15.5-0+deb12u1
libprotobuf-c1  1.4.1-1+b1
libproxy1v5  0.4.18-1.2
libpsl5  0.21.2-1
libpixman-1-dev  0.42.2-1
libpwquality1  1.4.5-1+b1
libpwquality-common  1.4.5-1
libpython3.11  3.11.2-6
libpython3.11-dev  3.11.2-6
libpython3.11-minimal  3.11.2-6
libpython3.11-stdlib  3.11.2-6
libpython3-dev  3.11.2-1+b1
libpython3-stdlib  3.11.2-1+b1
libquadmath0  12.2.0-14
librabbitmq4  0.11.0-1+b1
librdkafka1  2.0.2-1
librdmacm1  44.0-2
libreadline-dev  8.2-1.3
libreadline8  8.2-1.3
libref-array1  0.6.2-1
librepo0  1.14.5-3
librpm9  4.18.0+dfsg-1+deb12u1
librpmbuild9  4.18.0+dfsg-1+deb12u1
librpmio9  4.18.0+dfsg-1+deb12u1
librpmsign9  4.18.0+dfsg-1+deb12u1
librrd8  1.7.2-4+b8
librte-eal23  22.11.4-1~deb12u1
librte-ethdev23  22.11.4-1~deb12u1
librte-kvargs23  22.11.4-1~deb12u1
librte-mbuf23  22.11.4-1~deb12u1
librte-mempool23  22.11.4-1~deb12u1
librte-meter23  22.11.4-1~deb12u1
librte-vhost23  22.11.4-1~deb12u1
librte-telemetry23  22.11.4-1~deb12u1
librte-net23  22.11.4-1~deb12u1
librte-ring23  22.11.4-1~deb12u1
librte-cryptodev23  22.11.4-1~deb12u1
librte-hash23  22.11.4-1~deb12u1
librte-pci23  22.11.4-1~deb12u1
librte-rcu23  22.11.4-1~deb12u1
librtmp1  2.4+20151223.gitfa8646d.1-2+b2
libruby3.1  3.1.2-7
libsanlock-client1  3.8.5-1+b1
libsanlock-dev  3.8.5-1+b1
libsasl2-2  2.1.28+dfsg-10
libsasl2-dev  2.1.28+dfsg-10
libsasl2-modules-db  2.1.28+dfsg-10
libiscsi7  1.19.0-3
libsctp1  1.0.19+dfsg-2
libseccomp-dev  2.5.4-1+b3
libseccomp2  2.5.4-1+b3
libsecret-1-0  0.20.5-3
libsecret-common  0.20.5-3
libselinux1-dev  3.4-1+b6
libselinux1  3.4-1+b6
libsemanage2  3.4-1+b5
libsemanage-common  3.4-1
libsensors5  1:3.6.0-7.1
libsensors-config  1:3.6.0-7.1
libsepol2  3.4-2.1
libsgutils2-1.46-2  1.46-3
libsigsegv2  2.14-1
libslang2  2.3.3-3
libslirp-dev  4.7.0-1
libslirp0  4.7.0-1
libsm6  2:1.2.3-1
libsmartcols1  2.38.1-5+b1
libsmbclient  2:4.17.12+dfsg-0+deb12u1
libsnappy1v5  1.1.9-3
libsnmp40  5.9.3+dfsg-2
libsnmp-base  5.9.3+dfsg-2
libsnmp-dev  5.9.3+dfsg-2
libsodium23  1.0.18-1
libsolv1  0.7.23-1+deb12u1
libsolvext1  0.7.23-1+deb12u1
libsoup2.4-1  2.74.3-1
libspice-server-dev  0.15.1-1
libspice-server1  0.15.1-1
libsqlite3-0  3.40.1-2
libss2  1.47.0-2
libssh-dev  0.10.6-0+deb12u1
libssh2-1-dev  1.10.0-3+b1
libssh2-1  1.10.0-3+b1
libssh-4  0.10.6-0+deb12u1
libssl3  3.0.11-1~deb12u2
libssl-dev  3.0.11-1~deb12u2
libsss-certmap0  2.8.2-4
libsss-idmap0  2.8.2-4
libsss-nss-idmap0  2.8.2-4
libsss-sudo  2.8.2-4
libstdc++6  12.2.0-14
libstonith1  1.0.12-21+b2
libstrongswan  5.9.8-5+deb12u1
libsub-override-perl  0.09-4
libtalloc2  2.4.0-f2
libtasn1-6  4.19.0-2
libtcl8.6  8.6.13+dfsg-2
libtcmalloc-minimal4  2.10-1
libtdb1  1.4.8-2
libteam5  1.31-1
libteamdctl0  1.31-1
libteam-utils  1.31-1
libtevent0  0.14.1-1
libtext-charwidth-perl  0.04-11
libtext-iconv-perl  1.7-8
libtextwrap1  0.1-16
libtext-wrapi18n-perl  0.06-10
libthai0  0.1.29-1
libthai-data  0.1.29-1
libtimedate-perl  2.3300-2
libtinfo6  6.4-4
libtirpc3  1.3.3+ds-1
libtirpc-common  1.3.3+ds-1
libtirpc-dev  1.3.3+ds-1
libtool  2.4.7-5
libtsan0  11.3.0-12
libubsan1  12.2.0-14
libuchardet0  0.0.7-1
libudev1  252.22-1~deb12u1
libunbound8  1.17.1-2+deb12u1
libunbound-dev  1.17.1-2+deb12u1
libunistring2  1.0-2
liburing-dev  2.3-3
liburing2  2.3-3
libunwind8  1.6.2-3
liburcu8  0.13.2-1
libusb-1.0-0  2:1.0.26-1
libusb-1.0-0-dev  2:1.0.26-1
libusbredirparser-dev  0.13.0-2
libusbredirparser1  0.13.0-2
libutempter0  1.2.1-3
libuuid1  2.38.1-5+b1
libuv1  1.44.2-1
libibverbs1  44.0-2
libvirglrenderer-dev  0.10.4-1
libvirglrenderer1  0.10.4-1
libvte-2.91-dev  0.70.6-2~deb12u1
libwayland-server0  1.21.0-1
libwbclient0  2:4.17.12+dfsg-0+deb12u1
libwireshark-dev  4.0.11-1~deb12u1
libwiretap-dev  4.0.11-1~deb12u1
libwrap0  7.6.q-32
libx11-6  2:1.8.4-2+deb12u2
libx11-data  2:1.8.4-2+deb12u2
libx11-dev  2:1.8.4-2+deb12u2
libx11-xcb1  2:1.8.4-2+deb12u2
libxau6  1:1.0.9-1
libxcb1  1.15-1
libxcb-render0  1.15-1
libxcb-shm0  1.15-1
libxdmcp6  1:1.1.2-3
libxen-dev  4.17.3+10-g091466ba55-1~deb12u1
libxenmisc4.17  4.17.3+10-g091466ba55-1~deb12u1
libxencall1  4.17.3+10-g091466ba55-1~deb12u1
libxendevicemodel1  4.17.3+10-g091466ba55-1~deb12u1
libxenevtchn1  4.17.3+10-g091466ba55-1~deb12u1
libxenforeignmemory1  4.17.3+10-g091466ba55-1~deb12u1
libxengnttab1  4.17.3+10-g091466ba55-1~deb12u1
libxenstore4  4.17.3+10-g091466ba55-1~deb12u1
libxentoolcore1  4.17.3+10-g091466ba55-1~deb12u1
libxentoollog1  4.17.3+10-g091466ba55-1~deb12u1
libxenhypfs1  4.17.3+10-g091466ba55-1~deb12u1
libxext6  2:1.3.4-1+b1
libxml2-dev  2.9.14+dfsg-1.3~deb12u1
libxml2-utils  2.9.14+dfsg-1.3~deb12u1
libxml2  2.9.14+dfsg-1.3~deb12u1
libxmlsec1  1.2.37-2
libxmlsec1-openssl  1.2.37-2
libxmu6  2:1.1.3-3
libxrender1  1:0.9.10-1.1
libxslt1.1  1.1.35-1
libxslt1-dev  1.1.35-1
libxt6  1:1.2.1-1.1
libxtables12  1.8.9-2
libxxhash0  0.8.1-1
libyajl-dev  2.1.0-3+deb12u2
libyajl2  2.1.0-3+deb12u2
libyaml-0-2  0.2.5-1
libyaml-cpp0.7  0.7.0+dfsg-8+b1
libz3-4  4.8.12-3.1
libzmq5  4.3.4-6
libzstd1  1.5.4+dfsg2-5
linux-base  4.9
linux-cpupower  6.1.69-1  https://snapshot.debian.org/archive/debian/20240115T092401Z/pool/main/l/linux/linux-cpupower_6.1.69-1_amd64.deb
locales  2.36-9+deb12u4
locales-all  2.36-9+deb12u4
login  1:4.13+dfsg1-1+b1
logrotate  3.21.0-1
logsave  1.47.0-2
lsb-base  11.6
lsb-release  12.0-1
lsof  4.95.0-1
m4  1.4.19-3
mailcap  3.70+nmu1
make  4.3-4.1
man-db  2.11.2-2
mariadb-common  1:10.11.6-0+deb12u1
mawk  1.3.4.20200120-3.1
mdadm  4.2-5
media-types  10.0.0
memcached  1.6.18-1
meson  1.0.1-5
mime-support  3.66
mksh  59c-28
mokutil  0.6.0-2
mount  2.38.1-5+b1
multipath-tools  0.9.4-3+deb12u1
multipath-tools-boot  0.9.4-3+deb12u1
mysql-common  5.8+1.1.0
nano  7.2-1
ncat  7.93+dfsg1-1
ncurses-base  6.4-4
ncurses-bin  6.4-4
netbase  6.4
netcat-openbsd  1.219-1
net-tools  2.10-0.1
netfilter-persistent  1.0.20
nettle-dev  3.8.1-2
nfs-common  1:2.6.2-4
nfs-kernel-server  1:2.6.2-4
nftables  1.0.6-2+deb12u2
ninja-build  1.11.1-1
numad  0.5+20150602-8+b1
ntp  1:4.2.8p15+dfsg-2~1.2.2+dfsg1-1+deb12u1
ntpdate  1:4.2.8p15+dfsg-2~1.2.2+dfsg1-1+deb12u1
nvme-cli  2.4+really2.3-3
open-iscsi  2.1.8-1
openssh-client  1:9.2p1-2+deb12u2
openssh-server  1:9.2p1-2+deb12u2
openssh-sftp-server  1:9.2p1-2+deb12u2
openssl  3.0.11-1~deb12u2
original-awk  2022-09-12-1
ovmf  2022.11-6
passwd  1:4.13+dfsg1-1+b1
patch  2.7.6-7
pci.ids  0.0~2023.04.11-1
pciutils  1:3.9.0-4
perl  5.36.0-7+deb12u1
perl-base  5.36.0-7+deb12u1
perl-modules-5.36  5.36.0-7+deb12u1
pinentry-curses  1.2.1-1
pipexec  2.6.1-2
pm-utils  1.4.1-19
po-debconf  1.0.21+nmu1
policykit-1  122-3
postgresql-15  15.5-0+deb12u1
postgresql-client-15  15.5-0+deb12u1
postgresql-client-common  248
postgresql-common  248
powermgmt-base  1.37
procps  2:4.0.2-3
psmisc  23.6-1
puppet-module-adrienthebo-filemapper  1.1.3-2
puppet-module-asciiduck-sssd  0.3.0-1.1
puppet-module-barbican  21.0.0-1
puppet-module-camptocamp-kmod  2.1.1-3
puppet-module-duritong-sysctl  0.0.11-3
puppet-module-puppetlabs-apache  5.5.0-2
puppet-module-puppetlabs-apt  9.0.1-1
puppet-module-puppetlabs-concat  7.3.1-2
puppet-module-puppetlabs-firewall  3.4.0-1
puppet-module-puppetlabs-inifile  5.4.0-1
puppet-module-puppetlabs-mount-core  1.0.4+dfsg1-2
puppet-module-puppetlabs-translate  2.2.0-1
puppet-module-saz-memcached  3.1.0-1
puppet-module-voxpupuli-collectd  11.0.0-4
puppet-module-vswitch  17.0.0-1
pv  1.6.20-1
pycadf-common  3.1.1-2
python3  3.11.2-1+b1
python3.11  3.11.2-6
python3.11-dev  3.11.2-6
python3.11-minimal  3.11.2-6
python3-alabaster  0.7.12-1
python3-alembic  1.8.1-2
python3-amqp  5.1.1-1
python3-amqplib  1.0.2-3
python3-aniso8601  9.0.1-2
python3-anyjson  0.3.3-5
python3-apparmor  3.0.8-3
python3-appdirs  1.4.4-3
python3-attr  22.2.0-1
python3-babel  2.10.3-1
python3-bcrypt  3.2.2-1
python3-binary-memcached  0.31.1+dfsg1-2
python3-blinker  1.5-1
python3-boto3  1.26.27+dfsg-1
python3-botocore  1.29.27+repack-1
python3-bs4  4.11.2-2
python3-bson  3.11.0-1+b5
python3-cachetools  5.2.0-1
python3-calmjs  3.4.2-1
python3-calmjs.parse  1.2.5-2
python3-calmjs.types  1.0.1-2
python3-castellan  4.0.0-2
python3-certifi  2022.9.24-1
python3-cffi  1.15.1-5
python3-cffi-backend  1.15.1-5+b1
python3-chardet  5.1.0+dfsg-2
python3-cherrypy3  18.8.0-2
python3-cinderclient  1:9.1.0-3
python3-click  8.1.3-2
python3-cliff  4.0.0-2
python3-cmd2  2.4.2+ds-3
python3-colorama  0.4.6-2
python3-commonmark  0.9.1-4
python3-configobj  5.0.8-1
python3-configshell-fb  1:1.1.28-2.1
python3-confluent-kafka  1.7.0-4
python3-contextlib2  0.6.0.post1-3
python3-coverage  6.5.0+dfsg1-2+b1
python3-cryptography  38.0.4-3
python3-csscompressor  0.9.5-3
python3-daemon  2.3.2-1
python3-dateutil  2.8.2-2
python3-dbus  1.3.2-4+b1
python3-debtcollector  2.5.0-2
python3-decorator  5.1.1-3
python3-defusedxml  0.7.1-2
python3-deprecation  2.1.0-2
python3-dev  3.11.2-1+b1
python3-distutils  3.11.2-3
python3-django  3:3.2.19-1+deb12u1
python3-django-appconf  1.0.5-2
python3-django-compressor  4.0-1
python3-django-debreach  2.1.0-2
python3-django-pyscss  2.0.2-12
python3-dnf  4.14.0-3+deb12u1
python3-dnspython  2.3.0-1
python3-docutils  0.19+dfsg-6
python3-dogpile.cache  1.1.8-2
python3-editor  1.0.3-3
python3-elementpath  2.5.3-1
python3-enmerkar  0.7.1-5
python3-eventlet  0.33.1-4
python3-extras  1.0.0-4
python3-falcon  3.1.1-1+b1
python3-fasteners  0.17.3-2
python3-fixtures  4.0.1-2
python3-flake8  5.0.4-4
python3-flask  2.2.2-3
python3-flask-restful  0.3.9-6
python3-future  0.18.2-6
python3-futurist  2.4.1-2
python3-gi  3.42.2-3+b1
python3-glanceclient  1:4.1.0-2
python3-google-auth  1.5.1-3
python3-gpg  1.18.0-3+b1
python3-greenlet  2.0.2-1
python3-gunicorn  20.1.0-6
python3-hawkey  0.69.0-2
python3-html5lib  1.1-3
python3-httplib2  0.20.4-3
python3-idna  3.3-1
python3-imagesize  1.4.1-1
python3-importlib-metadata  4.12.0-1
python3-importlib-resources  5.1.2-2
python3-iso8601  1.0.2-1
python3-itsdangerous  2.1.2-3
python3-jeepney  0.8.0-3
python3-jinja2  3.1.2-1
python3-jmespath  1.0.1-1
python3-joblib  1.2.0-4
python3-jsonpatch  1.32-2
python3-jsonpath-rw  1.4.0-4
python3-json-pointer  2.3-2
python3-jsonschema  4.10.3-1
python3-jwt  2.6.0-1
python3-keystoneauth1  5.0.0-2
python3-keystonemiddleware  10.1.0-4
python3-kombu  5.2.4-1
python3-kubernetes  22.6.0-2
python3-ldap  3.4.3-2+b2
python3-ldap3  2.9.1-2
python3-ldappool  3.0.0-2
python3-ldb  2:2.6.2+samba4.17.12+dfsg-0+deb12u1
python3-lib2to3  3.11.2-3
python3-libapparmor  3.0.8-3
python3-libcomps  0.1.19-2
python3-libdnf  0.69.0-2
python3-linecache2  1.0.0-4
python3-linux-procfs  0.6.3-1.1+b2
python3-lockfile  1:0.12.2-2.2
python3-logutils  0.3.5-1
python3-lxml  4.9.2-1+b1
python3-lz4  4.0.2+dfsg-1+b2
python3-mako  1.2.4+ds-1
python3-markupsafe  2.1.2-1+b1
python3-mccabe  0.7.0-1
python3-mechanize  1:0.4.8+pypi-5
python3-memcache  1.59-5
python3-migrate  0.13.0-3
python3-mimeparse  1.6.0-3
python3-minimal  3.11.2-1+b1
python3-monotonic  1.6-2
python3-more-itertools  8.10.0-2
python3-msgpack  1.0.3-2+b1
python3-munch  2.5.0-2
python3-mysqldb  1.4.6-2+b1
python3-nacl  1.5.0-2
python3-netaddr  0.8.0-2
python3-netifaces  0.11.0-2+b1
python3-neutronclient  1:8.1.0-2
python3-novaclient  2:18.1.0-3
python3-numpy  1:1.24.2-1
python3-oauthlib  3.2.2-1
python3-openssl  23.0.0-1
python3-openstacksdk  0.101.0-2
python3-os-client-config  2.1.0-1
python3-oslo.cache  3.2.0-1
python3-oslo.concurrency  5.0.1-3
python3-oslo.config  1:9.0.0-3
python3-oslo.context  5.0.0-2
python3-oslo.db  12.1.0-3
python3-oslo.i18n  5.1.0-3
python3-oslo.log  5.0.1-1
python3-oslo.middleware  5.0.0-2
python3-oslo.policy  4.0.0-2
python3-oslo.rootwrap  6.3.1-2
python3-oslo.serialization  5.0.0-2
python3-oslo.service  3.0.0-2
python3-oslo.upgradecheck  2.0.0-2
python3-pycadf  3.1.1-2
python3-pycodestyle  2.10.0-1
python3-pycparser  2.21-1
python3-pycryptodome  3.11.0+dfsg1-4
python3-pycurl  7.45.2-3
python3-pyelftools  0.29-1
python3-pyflakes  2.5.0-1
python3-pyghmi  1.5.34-2
python3-pygments  2.14.0+dfsg-1
python3-pyinotify  0.9.6-2
python3-pymongo  3.11.0-1+b5
python3-pymysql  1.0.2-2
python3-pyparsing  3.0.9-1
python3-pyperclip  1.8.2-2
python3-pyrsistent  0.18.1-1+b3
python3-pysaml2  7.0.1-2
python3-pyscss  1.4.0-3
python3-pyudev  0.24.0-1
python3-q-text-as-data  3.1.6-2
python3-rcssmin  1:1.1.0-1+b3
python3-rich  13.3.1-1
python3-redis  4.3.4-3
python3-repoze.lru  0.7-3
python3-repoze.who  2.2-4
python3-requests  2.28.1+dfsg-1
python3-requestsexceptions  1.4.0-3
python3-requests-oauthlib  1.3.0+ds-1
python3-requests-toolbelt  0.10.1-1
python3-requests-unixsocket  0.3.0-2
python3-responses  0.18.0-1
python3-retrying  1.3.3-4
python3-rfc3986  1.5.0-2
python3-rjsmin  1.2.0+dfsg1-2+b3
python3-roman  3.3-3
python3-routes  2.5.1-3
python3-rpm  4.18.0+dfsg-1+deb12u1
python3-rsa  4.8-1
python3-rtslib-fb  2.1.75-2.1
python3-ruamel.yaml  0.17.21-1
python3-ruamel.yaml.clib  0.2.7-1+b2
python3-s3transfer  0.6.0-1
python3-scapy  2.5.0+dfsg-2
python3-scipy  1.10.1-2
python3-scrypt  0.8.20-2+b2
python3-secretstorage  3.3.3-1
python3-semantic-version  2.9.0-2
python3-sh  1.14.2-1
python3-simplegeneric  0.8.1-5
python3-simplejson  3.18.3-1
python3-singledispatch  3.4.0.3-4
python3-six  1.16.0-4
python3-sklearn  1.2.1+dfsg-1
python3-sklearn-lib  1.2.1+dfsg-1
python3-snowballstemmer  2.2.0-2
python3-sortedcontainers  2.4.0-2
python3-software-properties  0.99.30-4
python3-soupsieve  2.3.2-1
python3-sphinx  5.3.0-4
python3-sqlalchemy  1.4.46+ds1-1
python3-sqlparse  0.4.2-1
python3-sss  2.8.2-4
python3-statsd  4.0.1-1
python3-stevedore  4.0.2-2
python3-swiftclient  1:4.1.0-2
python3-systemd  235-1+b2
python3-talloc  2.4.0-f2
python3-tempita  0.5.2-7
python3-tenacity  8.2.1-1
python3-testresources  2.0.1-4
python3-testscenarios  0.5.0-3
python3-testtools  2.5.0-4
python3-threadpoolctl  3.1.0-1
python3-typing-extensions  4.4.0-1
python3-tz  2022.7.1-4
python3-uhashring  2.1-3
python3-ujson  5.7.0-1
python3-unittest2  1.1.0-9
python3-urllib3  1.26.12-1
python3-urwid  2.1.2-4+b1
python3-vine  5.0.0+dfsg-3
python3-waitress  2.1.2-2
python3-warlock  2.0.1-2
python3-wcwidth  0.2.5+dfsg1-1.1
python3-webencodings  0.5.1-5
python3-webob  1:1.8.6-3
python3-websocket  1.2.3-1
python3-websockify  0.10.0+dfsg1-4+b1
python3-webtest  3.0.0-2
python3-werkzeug  2.2.2-3
python3-wheel  0.38.4-2
python3-wrapt  1.14.1-2+b2
python3-xmlschema  1.10.0-6
python3-xstatic  1.0.0-7
python3-xstatic-angular  1.8.2.2-2
python3-xstatic-angular-bootstrap  2.5.0.0-2
python3-xstatic-angular-fileupload  12.0.4.0+dfsg1-3
python3-xstatic-angular-gettext  2.4.1.0-3
python3-xstatic-angular-lrdragndrop  1.0.2.2-3
python3-xstatic-angular-schema-form  0.8.13.0-4
python3-xstatic-angular-ui-router  0.3.1.2-2
python3-xstatic-bootstrap-datepicker  0.0.0.1-6.1
python3-xstatic-bootstrap-scss  3.4.1.0-2
python3-xstatic-bootswatch  3.3.7.0-4
python3-xstatic-d3  3.5.17.0-4
python3-xstatic-font-awesome  4.7.0.0-5
python3-xstatic-hogan  2.0.0.2-3
python3-xstatic-jasmine  2.4.1.1-4
python3-xstatic-jquery  1.12.4.1-2
python3-xstatic-jquery-migrate  1.2.1.1+dfsg1-3
python3-xstatic-jquery.quicksearch  2.0.4.1-3
python3-xstatic-jquery.tablesorter  2.14.5.1-5
python3-xstatic-jquery-ui  1.12.0.1+debian+dfsg3-4
python3-xstatic-jsencrypt  2.3.1.1-4
python3-xstatic-magic-search  0.2.5.1-3
python3-xstatic-mdi  1.6.50.2-2
python3-xstatic-objectpath  1.2.1.0-4
python3-xstatic-rickshaw  1.5.0.2-4
python3-xstatic-roboto-fontface  0.5.0.0-4
python3-xstatic-smart-table  1.4.13.2-4
python3-xstatic-spin  1.2.8.0+dfsg1-3
python3-xstatic-term.js  0.0.7.0-4
python3-xstatic-tv4  1.2.7.0-4
python3-yaml  6.0-3+b2
python3-yappi  1.4.0-1+b1
python3-zipp  1.0.0-6
python3-zmq  24.0.1-4+b1
python3-zope.interface  5.5.2-1+b1
python-babel-localedata  2.10.3-1
python-is-python3  3.11.1-3
python-pastedeploy-tpl  3.0.1-5
python3-pip-whl  23.0.1+dfsg-1
qemu-utils  1:7.2+dfsg-7+deb12u5
radvd  1:2.19-1+b1
rake  13.0.6-3
readline-common  8.2-1.3
redfishtool  1.1.5-1
reprepro  5.3.1-1+deb12u1
rng-tools5  5-4.1
rng-tools-debian  2.3
rpcbind  1.2.6-6+b1
rpm2cpio 4.18.0+dfsg-1+deb12u1
rpm  4.18.0+dfsg-1+deb12u1
rpm-common  4.18.0+dfsg-1+deb12u1
rsync  3.2.7-1
smartmontools  7.3-1+b1
socat  1.7.4.4-2
software-properties-common  0.99.30-4
spectre-meltdown-checker  0.45-2
sphinx-common  5.3.0-4
sphinx-rtd-theme-common  1.2.0+dfsg-1
sqlite3  3.40.1-2
sshpass  1.09-1+b1
ssl-cert  1.1.2
ssg-base  0.1.65-1
ssg-debian  0.1.65-1
sssd  2.8.2-4
sssd-ad  2.8.2-4
sssd-ad-common  2.8.2-4
sssd-common  2.8.2-4
sssd-ipa  2.8.2-4
sssd-krb5  2.8.2-4
sssd-krb5-common  2.8.2-4
sssd-ldap  2.8.2-4
sssd-proxy  2.8.2-4
sssd-tools  2.8.2-4
startpar  0.65-1+b1
strace  6.1-0.1
strongswan  5.9.8-5+deb12u1
strongswan-charon  5.9.8-5+deb12u1
strongswan-libcharon  5.9.8-5+deb12u1
strongswan-starter  5.9.8-5+deb12u1
strongswan-swanctl  5.9.8-5+deb12u1
sudo-ldap  1.9.13p3-1+deb12u1
sysstat  12.6.1-1
syslog-ng  3.38.1-5
syslog-ng-core  3.38.1-5
syslog-ng-mod-mongodb  3.38.1-5
syslog-ng-mod-sql  3.38.1-5
syslinux-utils  3:6.04~git20190206.bf6db5b4+dfsg1-3+b1
systemtap-sdt-dev  4.8-2
sysvinit-utils  3.06-4
tar  1.34+dfsg-1.2+deb12u1
targetcli-fb  1:2.1.53-1.1
tasksel  3.73
tasksel-data  3.73
tcl8.6  8.6.13+dfsg-2
tcl-expect  5.45.4-2+b1
tcpdump  4.99.3-1
texinfo  6.8-6+b1
time  1.9-0.2
tini  0.19.0-1
traceroute  1:2.1.2-1
tuned  2.20.0-1
tzdata  2024a-0+deb12u1
ucf  3.0043+nmu1
udhcpc  1:1.35.0-4+b3
unzip  6.0-28
util-linux  2.38.1-5+b1
uuid-dev  2.38.1-5+b1
uuid-runtime  2.38.1-5+b1
uwsgi-core  2.0.21-5.1
uwsgi-plugin-apparmor  0.0.0+git.2014.09.15.7d6d7bd7eb-4
uwsgi-plugin-python3  2.0.21-5.1
vim  2:9.0.1378-2
vim-common  2:9.0.1378-2
vim-runtime  2:9.0.1378-2
vim-tiny  2:9.0.1378-2
virt-what  1.25-1
vlan  2.0.5
w3m  0.5.3+git20230121-2
wget  1.21.3-1+b2
whiptail  0.52.23-1+b1
x11-common  1:7.7+23
xclip  0.13-2
xfsprogs  6.1.0-1
xml-core  0.18+nmu1
xmlsec1  1.2.37-2
xsltproc  1.1.35-1
xxd  2:9.0.1378-2
xz-utils  5.4.1-0.2
zip  3.0-13
zlib1g  1:1.2.13.dfsg-1
zlib1g-dev  1:1.2.13.dfsg-1
