acpica-tools-20180629-3.el8.x86_64.rpm
adobe-mappings-cmap-20171205-3.el8.noarch.rpm
adobe-mappings-cmap-deprecated-20171205-3.el8.noarch.rpm
adobe-mappings-pdf-20180407-1.el8.noarch.rpm
apr-1.6.3-9.el8.x86_64.rpm
apr-util-1.6.1-6.el8.x86_64.rpm
asciidoc-8.6.10-0.5.20180627gitf7c2274.el8.noarch.rpm
aspell-0.60.6.1-21.el8.x86_64.rpm
atk-2.28.1-1.el8.x86_64.rpm
atk-devel-2.28.1-1.el8.x86_64.rpm
at-spi2-atk-2.26.2-1.el8.x86_64.rpm
at-spi2-atk-devel-2.26.2-1.el8.x86_64.rpm
at-spi2-core-2.28.0-1.el8.x86_64.rpm
at-spi2-core-devel-2.28.0-1.el8.x86_64.rpm
augeas-1.12.0-2.el8_1.1.x86_64.rpm
augeas-libs-1.12.0-2.el8_1.1.x86_64.rpm
autoconf-2.69-27.el8.noarch.rpm
autoconf-archive-2018.03.13-1.el8.noarch.rpm
autogen-5.18.12-7.el8.x86_64.rpm
autogen-libopts-5.18.12-7.el8.x86_64.rpm
automake-1.16.1-6.el8.noarch.rpm
avahi-0.7-19.el8.x86_64.rpm
avahi-devel-0.7-19.el8.x86_64.rpm
avahi-glib-0.7-19.el8.x86_64.rpm
avahi-libs-0.7-19.el8.x86_64.rpm
bash-completion-2.7-5.el8.noarch.rpm
bc-1.07.1-5.el8.x86_64.rpm
bind-export-devel-9.11.4-26.P2.el8.x86_64.rpm
bind-export-libs-9.11.4-26.P2.el8.x86_64.rpm
binutils-devel-2.30-58.el8_1.2.x86_64.rpm
bison-3.0.4-10.el8.x86_64.rpm
bison-devel-3.0.4-10.el8.x86_64.rpm
bluez-libs-5.50-1.el8.x86_64.rpm
bluez-libs-devel-5.50-1.el8.x86_64.rpm
boost-1.66.0-6.el8.x86_64.rpm
boost-atomic-1.66.0-6.el8.x86_64.rpm
boost-chrono-1.66.0-6.el8.x86_64.rpm
boost-container-1.66.0-6.el8.x86_64.rpm
boost-context-1.66.0-6.el8.x86_64.rpm
boost-coroutine-1.66.0-6.el8.x86_64.rpm
boost-date-time-1.66.0-6.el8.x86_64.rpm
boost-devel-1.66.0-6.el8.x86_64.rpm
boost-fiber-1.66.0-6.el8.x86_64.rpm
boost-filesystem-1.66.0-6.el8.x86_64.rpm
boost-graph-1.66.0-6.el8.x86_64.rpm
boost-iostreams-1.66.0-6.el8.x86_64.rpm
boost-locale-1.66.0-6.el8.x86_64.rpm
boost-log-1.66.0-6.el8.x86_64.rpm
boost-math-1.66.0-6.el8.x86_64.rpm
boost-program-options-1.66.0-6.el8.x86_64.rpm
boost-random-1.66.0-6.el8.x86_64.rpm
boost-regex-1.66.0-6.el8.x86_64.rpm
boost-serialization-1.66.0-6.el8.x86_64.rpm
boost-signals-1.66.0-6.el8.x86_64.rpm
boost-stacktrace-1.66.0-6.el8.x86_64.rpm
boost-system-1.66.0-6.el8.x86_64.rpm
boost-test-1.66.0-6.el8.x86_64.rpm
boost-thread-1.66.0-6.el8.x86_64.rpm
boost-timer-1.66.0-6.el8.x86_64.rpm
boost-type_erasure-1.66.0-6.el8.x86_64.rpm
boost-wave-1.66.0-6.el8.x86_64.rpm
bootswatch-common-3.3.7.0-11.el8.noarch.rpm
bootswatch-fonts-3.3.7.0-11.el8.noarch.rpm
brlapi-0.6.7-28.el8.x86_64.rpm
brlapi-devel-0.6.7-28.el8.x86_64.rpm
brltty-5.6-28.el8.x86_64.rpm
bubblewrap-0.3.0-1.el8.x86_64.rpm
bzip2-devel-1.0.6-26.el8.x86_64.rpm
cairo-1.15.12-3.el8.x86_64.rpm
cairo-devel-1.15.12-3.el8.x86_64.rpm
cairo-gobject-1.15.12-3.el8.x86_64.rpm
cairo-gobject-devel-1.15.12-3.el8.x86_64.rpm
c-ares-1.13.0-5.el8.x86_64.rpm
celt051-0.5.1.3-15.el8.x86_64.rpm
celt051-devel-0.5.1.3-15.el8.x86_64.rpm
centos-indexhtml-8.0-0.el8.noarch.rpm
check-0.12.0-2.el8.x86_64.rpm
check-devel-0.12.0-2.el8.x86_64.rpm
checkpolicy-2.9-1.el8.x86_64.rpm
chrpath-0.16-7.el8.x86_64.rpm
clang-8.0.1-1.module_el8.1.0+215+a01033fb.x86_64.rpm
clang-libs-8.0.1-1.module_el8.1.0+215+a01033fb.x86_64.rpm
cmake-3.11.4-3.el8.x86_64.rpm
cmake-data-3.11.4-3.el8.noarch.rpm
cmake-rpm-macros-3.11.4-3.el8.noarch.rpm
colord-libs-1.4.2-1.el8.x86_64.rpm
compat-lua-5.1.5-15.el8.x86_64.rpm
compat-lua-devel-5.1.5-15.el8.x86_64.rpm
compat-lua-libs-5.1.5-15.el8.x86_64.rpm
cpp-hocon-0.2.1-2.el8.x86_64.rpm
cracklib-devel-2.9.6-15.el8.x86_64.rpm
cryptsetup-2.2.0-2.el8.x86_64.rpm
cryptsetup-devel-2.2.0-2.el8.x86_64.rpm
ctags-5.8-22.el8.x86_64.rpm
cups-client-2.2.6-28.el8.x86_64.rpm
cups-libs-2.2.6-28.el8.x86_64.rpm
cyrus-sasl-2.1.27-1.el8.x86_64.rpm
cyrus-sasl-devel-2.1.27-1.el8.x86_64.rpm
cyrus-sasl-gssapi-2.1.27-1.el8.x86_64.rpm
dbus-devel-1.12.8-9.el8.x86_64.rpm
dbus-glib-0.110-2.el8.x86_64.rpm
dejavu-fonts-common-2.35-6.el8.noarch.rpm
dejavu-sans-fonts-2.35-6.el8.noarch.rpm
desktop-file-utils-0.23-8.el8.x86_64.rpm
device-mapper-devel-1.02.163-5.el8.0.1.x86_64.rpm
device-mapper-event-1.02.163-5.el8.0.1.x86_64.rpm
device-mapper-event-libs-1.02.163-5.el8.0.1.x86_64.rpm
device-mapper-persistent-data-0.8.5-2.el8.x86_64.rpm
dmidecode-3.2-3.el8.x86_64.rpm
docbook-dtds-1.0-69.el8.noarch.rpm
docbook-style-dsssl-1.79-25.el8.noarch.rpm
docbook-style-xsl-1.79.2-7.el8.noarch.rpm
docbook-utils-0.6.14-44.el8.noarch.rpm
dosfstools-4.1-6.el8.x86_64.rpm
doxygen-1.8.14-12.el8.x86_64.rpm
dyninst-10.1.0-2.el8.x86_64.rpm
e2fsprogs-1.44.6-3.el8.x86_64.rpm
e2fsprogs-devel-1.44.6-3.el8.x86_64.rpm
e2fsprogs-libs-1.44.6-3.el8.x86_64.rpm
efi-filesystem-3-2.el8.noarch.rpm
efivar-36-1.el8.x86_64.rpm
efivar-devel-36-12.el7.x86_64.rpm
efivar-libs-36-1.el8.x86_64.rpm
enchant-1.6.0-21.el8.x86_64.rpm
enchant2-2.2.3-2.el8.x86_64.rpm
environment-modules-4.1.4-4.el8.x86_64.rpm
erlang-22.0.7-1.el8.x86_64.rpm
erlang-asn1-22.2.8-1.el8.x86_64.rpm
erlang-common_test-22.2.8-1.el8.x86_64.rpm
erlang-compiler-22.2.8-1.el8.x86_64.rpm
erlang-crypto-22.2.8-1.el8.x86_64.rpm
erlang-debugger-22.2.8-1.el8.x86_64.rpm
erlang-dialyzer-22.0.7-1.el8.x86_64.rpm
erlang-diameter-22.0.7-1.el8.x86_64.rpm
erlang-edoc-22.0.7-1.el8.x86_64.rpm
erlang-eldap-22.2.8-1.el8.x86_64.rpm
erlang-erl_docgen-22.0.7-1.el8.x86_64.rpm
erlang-erl_interface-22.0.7-1.el8.x86_64.rpm
erlang-erts-22.2.8-1.el8.x86_64.rpm
erlang-et-22.2.8-1.el8.x86_64.rpm
erlang-eunit-22.2.8-1.el8.x86_64.rpm
erlang-examples-22.0.7-1.el8.x86_64.rpm
erlang-ftp-22.0.7-1.el8.x86_64.rpm
erlang-hipe-22.2.8-1.el8.x86_64.rpm
erlang-inets-22.2.8-1.el8.x86_64.rpm
erlang-jinterface-22.0.7-1.el8.x86_64.rpm
erlang-kernel-22.2.8-1.el8.x86_64.rpm
erlang-megaco-22.0.7-1.el8.x86_64.rpm
erlang-mnesia-22.2.8-1.el8.x86_64.rpm
erlang-observer-22.2.8-1.el8.x86_64.rpm
erlang-odbc-22.0.7-1.el8.x86_64.rpm
erlang-os_mon-22.2.8-1.el8.x86_64.rpm
erlang-parsetools-22.0.7-1.el8.x86_64.rpm
erlang-public_key-22.2.8-1.el8.x86_64.rpm
erlang-reltool-22.0.7-1.el8.x86_64.rpm
erlang-runtime_tools-22.2.8-1.el8.x86_64.rpm
erlang-sasl-22.2.8-1.el8.x86_64.rpm
erlang-snmp-22.2.8-1.el8.x86_64.rpm
erlang-ssh-22.2.8-1.el8.x86_64.rpm
erlang-ssl-22.2.8-1.el8.x86_64.rpm
erlang-stdlib-22.2.8-1.el8.x86_64.rpm
erlang-syntax_tools-22.0.7-1.el8.x86_64.rpm
erlang-tftp-22.0.7-1.el8.x86_64.rpm
erlang-tools-22.2.8-1.el8.x86_64.rpm
erlang-wx-22.2.8-1.el8.x86_64.rpm
erlang-xmerl-22.2.8-1.el8.x86_64.rpm
expat-devel-2.2.5-3.el8.x86_64.rpm
expect-5.45.4-5.el8.x86_64.rpm
fipscheck-1.5.0-4.el8.x86_64.rpm
fipscheck-devel-1.5.0-4.el8.x86_64.rpm
fipscheck-lib-1.5.0-4.el8.x86_64.rpm
firewalld-filesystem-0.7.0-5.el8_1.1.noarch.rpm
flac-libs-1.3.2-9.el8.x86_64.rpm
flex-2.6.1-9.el8.x86_64.rpm
fontawesome-fonts-4.7.0-4.el8.noarch.rpm
fontawesome-fonts-web-4.7.0-4.el8.noarch.rpm
fontconfig-2.13.1-3.el8.x86_64.rpm
fontconfig-devel-2.13.1-3.el8.x86_64.rpm
fontpackages-filesystem-1.44-22.el8.noarch.rpm
freetype-2.9.1-4.el8.x86_64.rpm
freetype-devel-2.9.1-4.el8.x86_64.rpm
fribidi-1.0.4-6.el8.x86_64.rpm
fribidi-devel-1.0.4-6.el8.x86_64.rpm
fuse-2.9.7-12.el8.x86_64.rpm
fuse-common-3.2.1-12.el8.x86_64.rpm
fuse-devel-2.9.7-12.el8.x86_64.rpm
fuse-libs-2.9.7-12.el8.x86_64.rpm
gamin-0.1.10-31.el8.x86_64.rpm
gamin-devel-0.1.10-31.el8.x86_64.rpm
GConf2-3.2.6-22.el8.x86_64.rpm
gd-2.2.5-6.el8.x86_64.rpm
gdbm-devel-1.18-1.el8.x86_64.rpm
gdk-pixbuf2-2.36.12-5.el8.x86_64.rpm
gdk-pixbuf2-devel-2.36.12-5.el8.x86_64.rpm
gdk-pixbuf2-modules-2.36.12-5.el8.x86_64.rpm
geoclue2-2.4.10-1.el8.x86_64.rpm
gettext-0.19.8.1-17.el8.x86_64.rpm
gettext-common-devel-0.19.8.1-17.el8.noarch.rpm
gettext-devel-0.19.8.1-17.el8.x86_64.rpm
gettext-libs-0.19.8.1-17.el8.x86_64.rpm
ghostscript-9.25-5.el8_1.1.x86_64.rpm
giflib-5.1.4-3.el8.x86_64.rpm
git-2.18.2-2.el8_1.x86_64.rpm
git-core-2.18.2-2.el8_1.x86_64.rpm
git-core-doc-2.18.2-2.el8_1.noarch.rpm
glade-devel-3.22.1-1.el8.x86_64.rpm
glade-libs-3.22.1-1.el8.x86_64.rpm
glibc-static-2.28-72.el8_1.1.x86_64.rpm
glib-networking-2.56.1-1.1.el8.x86_64.rpm
gl-manpages-1.1-15.20161227.el8.noarch.rpm
glusterfs-6.0-15.el8.x86_64.rpm
glusterfs-api-6.0-15.el8.x86_64.rpm
glusterfs-api-devel-6.0-15.el8.x86_64.rpm
glusterfs-cli-6.0-15.el8.x86_64.rpm
glusterfs-client-xlators-6.0-15.el8.x86_64.rpm
glusterfs-devel-6.0-15.el8.x86_64.rpm
glusterfs-libs-6.0-15.el8.x86_64.rpm
gmp-c++-6.1.2-10.el8.x86_64.rpm
gmp-devel-6.1.2-10.el8.x86_64.rpm
gnu-efi-3.0.8-4.el8.x86_64.rpm
gnu-efi-devel-3.0.8-4.el8.x86_64.rpm
gnulib-devel-0-31.20200107git.el8.noarch.rpm
gnutls-3.6.8-8.el8.x86_64.rpm
gnutls-c++-3.6.8-8.el8.x86_64.rpm
gnutls-dane-3.6.8-8.el8.x86_64.rpm
gnutls-devel-3.6.8-8.el8.x86_64.rpm
gnutls-utils-3.6.8-8.el8.x86_64.rpm
go-bindata-3.0.7-9.gita0ff256.el7.x86_64.rpm
gobject-introspection-1.56.1-1.el8.x86_64.rpm
gobject-introspection-devel-1.56.1-1.el8.x86_64.rpm
go-compilers-golang-compiler-1-20.el8.x86_64.rpm
golang-github-cpuguy83-go-md2man-1.0.4-5.el7.x86_64.rpm
google-droid-sans-fonts-20120715-13.el8.noarch.rpm
google-roboto-slab-fonts-1.100263-0.7.20150923git.el8.noarch.rpm
gperf-3.1-5.el8.x86_64.rpm
gperftools-devel-2.7-6.el8.x86_64.rpm
gperftools-libs-2.7-6.el8.x86_64.rpm
graphite2-1.3.10-10.el8.x86_64.rpm
graphite2-devel-1.3.10-10.el8.x86_64.rpm
graphviz-2.40.1-39.el8.x86_64.rpm
groff-1.22.3-18.el8.x86_64.rpm
gsm-1.0.17-5.el8.x86_64.rpm
gstreamer1-1.14.0-3.el8.x86_64.rpm
gstreamer1-plugins-base-1.14.0-4.el8.x86_64.rpm
gtk2-2.24.32-4.el8.x86_64.rpm
gtk2-devel-2.24.32-4.el8.x86_64.rpm
harfbuzz-1.7.5-3.el8.x86_64.rpm
harfbuzz-devel-1.7.5-3.el8.x86_64.rpm
harfbuzz-icu-1.7.5-3.el8.x86_64.rpm
help2man-1.47.6-1.el8.noarch.rpm
hicolor-icon-theme-0.17-2.el8.noarch.rpm
hiera-3.6.0-2.el8.noarch.rpm
hunspell-1.6.2-1.el8.x86_64.rpm
hunspell-en-US-0.20140811.1-12.el8.noarch.rpm
hwdata-0.314-8.2.el8_1.noarch.rpm
hyphen-2.8.8-9.el8.x86_64.rpm
ibacm-22.3-1.el8.x86_64.rpm
iproute-4.18.0-15.el8.x86_64.rpm
iptables-1.8.2-16.el8.x86_64.rpm
iptables-devel-1.8.2-16.el8.x86_64.rpm
iptables-ebtables-1.8.2-16.el8.x86_64.rpm
iptables-services-1.8.2-16.el8.x86_64.rpm
iptables-utils-1.8.2-16.el8.x86_64.rpm
iscsi-initiator-utils-6.2.0.877-1.gitf71581b.el8.x86_64.rpm
iscsi-initiator-utils-iscsiuio-6.2.0.877-1.gitf71581b.el8.x86_64.rpm
isns-utils-libs-0.99-1.el8.x86_64.rpm
iso-codes-3.79-2.el8.noarch.rpm
jasper-libs-2.0.14-4.el8.x86_64.rpm
javapackages-filesystem-5.3.0-1.module_el8.0.0+11+5b8c10bd.noarch.rpm
javapackages-tools-5.3.0-1.module_el8.0.0+11+5b8c10bd.noarch.rpm
jbig2dec-libs-0.14-2.el8.x86_64.rpm
jbigkit-libs-2.1-14.el8.x86_64.rpm
json-c-devel-0.13.1-0.2.el8.x86_64.rpm
json-glib-1.4.4-1.el8.x86_64.rpm
json-glib-devel-1.4.4-1.el8.x86_64.rpm
Judy-1.0.5-18.module_el8.1.0+217+4d875839.x86_64.rpm
keyutils-1.5.10-6.el8.x86_64.rpm
keyutils-libs-devel-1.5.10-6.el8.x86_64.rpm
kmod-devel-25-13.el8.x86_64.rpm
krb5-devel-1.17-9.el8.x86_64.rpm
latex2html-2018.2-2.el8.noarch.rpm
lato-fonts-2.015-5.el8.noarch.rpm
lcms2-2.9-2.el8.x86_64.rpm
leatherman-1.6.1-2.el8.x86_64.rpm
less-530-1.el8.x86_64.rpm
libacl-devel-2.2.53-1.el8.x86_64.rpm
libaio-0.3.112-1.el8.x86_64.rpm
libaio-devel-0.3.112-1.el8.x86_64.rpm
libarchive-devel-3.3.2-8.el8_1.x86_64.rpm
libasyncns-0.8-14.el8.x86_64.rpm
libattr-devel-2.4.48-3.el8.x86_64.rpm
libbasicobjects-0.1.1-39.el8.x86_64.rpm
libblkid-devel-2.32.1-17.el8.x86_64.rpm
libcacard-2.7.0-2.el8_1.x86_64.rpm
libcacard-devel-2.7.0-2.el8_1.x86_64.rpm
libcanberra-0.30-16.el8.x86_64.rpm
libcanberra-gtk3-0.30-16.el8.x86_64.rpm
libcap-devel-2.26-1.el8.x86_64.rpm
libcap-ng-devel-0.7.9-4.el8.x86_64.rpm
libcmocka-1.1.5-1.el8.x86_64.rpm
libcmocka-devel-1.1.5-1.el8.x86_64.rpm
libcollection-0.7.0-39.el8.x86_64.rpm
libcroco-0.6.12-4.el8.x86_64.rpm
libdaemon-0.14-15.el8.x86_64.rpm
libdatrie-0.2.9-7.el8.x86_64.rpm
libdb-devel-5.3.28-37.el8.x86_64.rpm
libdwarf-20180129-4.el8.x86_64.rpm
libedit-3.1-23.20170329cvs.el8.x86_64.rpm
libedit-devel-3.1-23.20170329cvs.el8.x86_64.rpm
libepoxy-1.5.2-1.el8.x86_64.rpm
libepoxy-devel-1.5.2-1.el8.x86_64.rpm
libev-4.24-6.el8.x86_64.rpm
libevent-2.1.8-5.el8.x86_64.rpm
libevent-devel-2.1.8-5.el8.x86_64.rpm
libffi-devel-3.1-21.el8.x86_64.rpm
libfontenc-1.1.3-8.el8.x86_64.rpm
libgcrypt-devel-1.8.3-4.el8.x86_64.rpm
libglvnd-1.0.1-0.9.git5baa1e5.el8.x86_64.rpm
libglvnd-core-devel-1.0.1-0.9.git5baa1e5.el8.x86_64.rpm
libglvnd-devel-1.0.1-0.9.git5baa1e5.el8.x86_64.rpm
libglvnd-egl-1.0.1-0.9.git5baa1e5.el8.x86_64.rpm
libglvnd-gles-1.0.1-0.9.git5baa1e5.el8.x86_64.rpm
libglvnd-glx-1.0.1-0.9.git5baa1e5.el8.x86_64.rpm
libglvnd-opengl-1.0.1-0.9.git5baa1e5.el8.x86_64.rpm
libgnomekbd-3.26.0-4.el8.x86_64.rpm
libgnomekbd-devel-3.26.0-4.el8.x86_64.rpm
libgpg-error-devel-1.31-1.el8.x86_64.rpm
libgs-9.25-5.el8_1.1.x86_64.rpm
libgtop2-2.38.0-3.el8.x86_64.rpm
libgudev-232-4.el8.x86_64.rpm
libgusb-0.3.0-1.el8.x86_64.rpm
libibumad-22.3-1.el8.x86_64.rpm
libibverbs-22.3-1.el8.x86_64.rpm
libICE-1.0.9-15.el8.x86_64.rpm
libicu-60.3-2.el8_1.x86_64.rpm
libicu-devel-60.3-2.el8_1.x86_64.rpm
libijs-0.35-5.el8.x86_64.rpm
libini_config-1.3.1-39.el8.x86_64.rpm
libiscsi-1.18.0-8.module_el8.1.0+248+298dec18.x86_64.rpm
libiscsi-devel-1.18.0-8.module_el8.1.0+248+298dec18.x86_64.rpm
libjpeg-turbo-1.5.3-10.el8.x86_64.rpm
libjpeg-turbo-devel-1.5.3-10.el8.x86_64.rpm
libkadm5-1.17-9.el8.x86_64.rpm
libkcapi-1.1.1-16_1.el8.x86_64.rpm
libkcapi-hmaccalc-1.1.1-16_1.el8.x86_64.rpm
libmcpp-2.7.2-20.el8.x86_64.rpm
libmicrohttpd-0.9.59-2.el8.x86_64.rpm
libmicrohttpd-devel-0.9.59-2.el8.x86_64.rpm
libmnl-1.0.4-6.el8.x86_64.rpm
libmnl-devel-1.0.4-6.el8.x86_64.rpm
libmodman-2.0.1-17.el8.x86_64.rpm
libmount-devel-2.32.1-17.el8.x86_64.rpm
libmspack-0.7-0.1.alpha.el8.3.x86_64.rpm
libnetfilter_conntrack-1.0.6-5.el8.x86_64.rpm
libnfnetlink-1.0.1-13.el8.x86_64.rpm
libnfsidmap-2.3.3-26.el8.x86_64.rpm
libnftnl-1.1.1-4.el8.x86_64.rpm
libnl-1.1.4-3.el7.x86_64.rpm
libnl3-3.4.0-5.el8.x86_64.rpm
libnl3-cli-3.4.0-5.el8.x86_64.rpm
libnl3-devel-3.4.0-5.el8.x86_64.rpm
libnl-devel-1.1.4-3.el7.x86_64.rpm
libnotify-0.7.7-5.el8.x86_64.rpm
libogg-1.3.2-10.el8.x86_64.rpm
libogg-devel-1.3.2-10.el8.x86_64.rpm
libpaper-1.1.24-22.el8.x86_64.rpm
libpath_utils-0.2.1-39.el8.x86_64.rpm
libpcap-devel-1.9.0-3.el8.x86_64.rpm
libpciaccess-0.14-1.el8.x86_64.rpm
libpciaccess-devel-0.14-1.el8.x86_64.rpm
libpipeline-1.5.0-2.el8.x86_64.rpm
libpng-1.6.34-5.el8.x86_64.rpm
libpng-devel-1.6.34-5.el8.x86_64.rpm
libproxy-0.4.15-5.2.el8.x86_64.rpm
libquadmath-8.3.1-4.5.el8.x86_64.rpm
libquadmath-devel-8.3.1-4.5.el8.x86_64.rpm
librados2-12.2.7-9.el8.x86_64.rpm
librados-devel-12.2.7-9.el8.x86_64.rpm
librbd1-12.2.7-9.el8.x86_64.rpm
librbd-devel-12.2.7-9.el8.x86_64.rpm
librdmacm-22.3-1.el8.x86_64.rpm
libref_array-0.1.5-39.el8.x86_64.rpm
librsvg2-2.42.7-3.el8.x86_64.rpm
libsecret-0.18.6-1.el8.x86_64.rpm
libselinux-devel-2.9-2.1.el8.x86_64.rpm
libselinux-utils-2.9-2.1.el8.x86_64.rpm
libsepol-devel-2.9-1.el8.x86_64.rpm
libserf-1.3.9-8.module_el8.0.0+45+75bba4f4.x86_64.rpm
libSM-1.2.3-1.el8.x86_64.rpm
libsndfile-1.0.28-8.el8.x86_64.rpm
libsodium-1.0.18-2.el8.x86_64.rpm
libsoup-2.62.3-1.el8.x86_64.rpm
libtasn1-devel-4.13-3.el8.x86_64.rpm
libtdb-1.3.18-2.el8.x86_64.rpm
libthai-0.1.27-2.el8.x86_64.rpm
libtheora-1.1.1-21.el8.x86_64.rpm
libtiff-4.0.9-15.el8.x86_64.rpm
libtimezonemap-0.4.5.1-3.el8.x86_64.rpm
libtirpc-devel-1.1.4-4.el8.x86_64.rpm
libtool-2.4.6-25.el8.x86_64.rpm
libtool-ltdl-devel-2.4.6-25.el8.x86_64.rpm
libunistring-0.9.9-3.el8.x86_64.rpm
libunwind-1.3.1-3.el8.x86_64.rpm
libusb-0.1.5-12.el8.x86_64.rpm
libusb-devel-0.1.5-12.el8.x86_64.rpm
libusbx-devel-1.0.22-1.el8.x86_64.rpm
libuuid-devel-2.32.1-17.el8.x86_64.rpm
libuv-1.23.1-1.el8.x86_64.rpm
libverto-devel-0.3.0-5.el8.x86_64.rpm
libverto-libevent-0.3.0-5.el8.x86_64.rpm
libvisual-0.4.0-24.el8.x86_64.rpm
libvorbis-1.3.6-2.el8.x86_64.rpm
libwayland-client-1.15.0-1.el8.x86_64.rpm
libwayland-cursor-1.15.0-1.el8.x86_64.rpm
libwayland-egl-1.15.0-1.el8.x86_64.rpm
libwayland-server-1.15.0-1.el8.x86_64.rpm
libwebp-1.0.0-1.el8.x86_64.rpm
libX11-1.6.7-1.el8.x86_64.rpm
libX11-common-1.6.7-1.el8.noarch.rpm
libX11-devel-1.6.7-1.el8.x86_64.rpm
libX11-xcb-1.6.7-1.el8.x86_64.rpm
libXau-1.0.8-13.el8.x86_64.rpm
libXau-devel-1.0.8-13.el8.x86_64.rpm
libXaw-1.0.13-10.el8.x86_64.rpm
libxcb-1.13-5.el8.x86_64.rpm
libxcb-devel-1.13-5.el8.x86_64.rpm
libXcomposite-0.4.4-14.el8.x86_64.rpm
libXcomposite-devel-0.4.4-14.el8.x86_64.rpm
libXcursor-1.1.15-3.el8.x86_64.rpm
libXcursor-devel-1.1.15-3.el8.x86_64.rpm
libXdamage-1.1.4-14.el8.x86_64.rpm
libXdamage-devel-1.1.4-14.el8.x86_64.rpm
libXext-1.3.3-9.el8.x86_64.rpm
libXext-devel-1.3.3-9.el8.x86_64.rpm
libXfixes-5.0.3-7.el8.x86_64.rpm
libXfixes-devel-5.0.3-7.el8.x86_64.rpm
libXft-2.3.2-10.el8.x86_64.rpm
libXft-devel-2.3.2-10.el8.x86_64.rpm
libXi-1.7.9-7.el8.x86_64.rpm
libXi-devel-1.7.9-7.el8.x86_64.rpm
libXinerama-1.1.4-1.el8.x86_64.rpm
libXinerama-devel-1.1.4-1.el8.x86_64.rpm
libxkbcommon-0.8.2-1.el8.x86_64.rpm
libxkbcommon-devel-0.8.2-1.el8.x86_64.rpm
libxkbfile-1.0.9-9.el8.x86_64.rpm
libxklavier-5.4-11.el8.x86_64.rpm
libxklavier-devel-5.4-11.el8.x86_64.rpm
libxml2-devel-2.9.7-5.el8.x86_64.rpm
libXmu-1.1.2-12.el8.x86_64.rpm
libXpm-3.5.12-7.el8.x86_64.rpm
libXrandr-1.5.1-7.el8.x86_64.rpm
libXrandr-devel-1.5.1-7.el8.x86_64.rpm
libXrender-0.9.10-7.el8.x86_64.rpm
libXrender-devel-0.9.10-7.el8.x86_64.rpm
libxshmfence-1.3-2.el8.x86_64.rpm
libxslt-1.1.32-3.el8.x86_64.rpm
libxslt-devel-1.1.32-3.el8.x86_64.rpm
libXt-1.1.5-12.el8.x86_64.rpm
libXtst-1.2.3-7.el8.x86_64.rpm
libXv-1.0.11-7.el8.x86_64.rpm
libXxf86misc-1.0.4-1.el8.x86_64.rpm
libXxf86vm-1.1.4-9.el8.x86_64.rpm
libXxf86vm-devel-1.1.4-9.el8.x86_64.rpm
lksctp-tools-1.0.18-3.el8.x86_64.rpm
lksctp-tools-devel-1.0.18-3.el8.x86_64.rpm
lld-8.0.1-1.module_el8.1.0+215+a01033fb.x86_64.rpm
lldb-8.0.1-1.module_el8.1.0+215+a01033fb.x86_64.rpm
lld-libs-8.0.1-1.module_el8.1.0+215+a01033fb.x86_64.rpm
llvm-8.0.1-1.module_el8.1.0+215+a01033fb.x86_64.rpm
llvm-libs-8.0.1-1.module_el8.1.0+215+a01033fb.x86_64.rpm
llvm-toolset-8.0.1-1.module_el8.1.0+215+a01033fb.x86_64.rpm
lm_sensors-devel-3.4.0-20.20180522git70f7e08.el8.x86_64.rpm
lm_sensors-libs-3.4.0-20.20180522git70f7e08.el8.x86_64.rpm
lsof-4.91-2.el8.x86_64.rpm
lua-devel-5.3.4-11.el8.x86_64.rpm
lua-libs-5.3.4-11.el8.x86_64.rpm
lynx-2.8.9-2.el8.x86_64.rpm
lz4-devel-1.8.1.2-4.el8.x86_64.rpm
lzo-devel-2.08-14.el8.x86_64.rpm
lzo-minilzo-2.08-14.el8.x86_64.rpm
m4-1.4.18-7.el8.x86_64.rpm
mailcap-2.1.48-3.el8.noarch.rpm
man-db-2.7.6.1-17.el8.x86_64.rpm
mariadb-connector-c-3.0.7-1.el8.x86_64.rpm
mariadb-connector-c-config-3.0.7-1.el8.noarch.rpm
mariadb-connector-c-devel-3.0.7-1.el8.x86_64.rpm
mcpp-2.7.2-20.el8.x86_64.rpm
mdi-common-1.4.57.0-13.el8.noarch.rpm
mdi-fonts-1.4.57.0-13.el8.noarch.rpm
mesa-khr-devel-19.1.4-3.el8_1.x86_64.rpm
mesa-libGLU-9.0.0-15.el8.x86_64.rpm
mesa-libGLU-devel-9.0.0-15.el8.x86_64.rpm
meson-0.49.2-1.el8.noarch.rpm
metacity-3.28.0-1.el8.x86_64.rpm
ModemManager-glib-1.10.4-1.el8.x86_64.rpm
mokutil-0.3.0-9.el8.x86_64.rpm
mozjs60-60.9.0-3.el8.x86_64.rpm
multilib-rpm-config-1-10.el8.noarch.rpm
ncurses-devel-6.1-7.20180224.el8.x86_64.rpm
netcf-devel-0.2.8-12.module_el8.1.0+248+298dec18.x86_64.rpm
netcf-libs-0.2.8-12.module_el8.1.0+248+298dec18.x86_64.rpm
netpbm-10.82.00-6.el8.x86_64.rpm
netpbm-progs-10.82.00-6.el8.x86_64.rpm
nettle-3.4.1-1.el8.x86_64.rpm
nettle-devel-3.4.1-1.el8.x86_64.rpm
net-tools-2.0-0.51.20160912git.el8.x86_64.rpm
newt-0.52.20-9.el8.x86_64.rpm
newt-devel-0.52.20-9.el8.x86_64.rpm
nfs-utils-2.3.3-26.el8.x86_64.rpm
ninja-build-1.8.2-1.el8.x86_64.rpm
nmap-ncat-7.70-5.el8.x86_64.rpm
nspr-devel-4.21.0-2.el8_0.x86_64.rpm
nss-devel-3.44.0-9.el8_1.x86_64.rpm
nss-util-devel-3.44.0-9.el8_1.x86_64.rpm
numactl-devel-2.0.12-7.el8.x86_64.rpm
numactl-libs-2.0.12-7.el8.x86_64.rpm
openjade-1.3.2-57.el8.x86_64.rpm
openjpeg2-2.3.1-3.el8_1.x86_64.rpm
openldap-devel-2.4.46-11.el8_1.x86_64.rpm
openpgm-5.2.122-21.el8.x86_64.rpm
opensp-1.5.2-28.el8.x86_64.rpm
openssh-8.0p1-4.el8_1.x86_64.rpm
openssh-clients-8.0p1-4.el8_1.x86_64.rpm
openssl-1.1.1c-2.el8_1.1.x86_64.rpm
openssl-devel-1.1.1c-2.el8_1.1.x86_64.rpm
opus-1.3-0.4.beta.el8.x86_64.rpm
orc-0.4.28-2.el8.x86_64.rpm
p11-kit-devel-0.23.14-5.el8_0.x86_64.rpm
pam-devel-1.3.1-4.el8.x86_64.rpm
pango-1.42.4-6.el8.x86_64.rpm
pango-devel-1.42.4-6.el8.x86_64.rpm
pciutils-3.5.6-4.el8.x86_64.rpm
pciutils-devel-3.5.6-4.el8.x86_64.rpm
pciutils-libs-3.5.6-4.el8.x86_64.rpm
pcre-devel-8.42-4.el8.x86_64.rpm
perl-Data-Dumper-2.167-399.el8.x86_64.rpm
perl-Digest-CRC-0.22.2-5.el8.x86_64.rpm
perl-Encode-Locale-1.05-9.el8.noarch.rpm
perl-Error-0.17025-2.el8.noarch.rpm
perl-Fedora-VSP-0.001-9.el8.noarch.rpm
perl-generators-1.10-9.el8.noarch.rpm
perl-Git-2.18.2-2.el8_1.noarch.rpm
perl-HTML-Parser-3.72-14.el8.x86_64.rpm
perl-HTML-Tagset-3.20-33.el8.noarch.rpm
perl-HTTP-Date-6.02-18.el8.noarch.rpm
perl-HTTP-Message-6.18-1.el8.noarch.rpm
perl-IO-HTML-1.001-10.el8.noarch.rpm
perl-LWP-MediaTypes-6.02-14.el8.noarch.rpm
perl-SGMLSpm-1.03ii-42.el8.noarch.rpm
perl-TermReadKey-2.37-7.el8.x86_64.rpm
perl-Test-Harness-3.42-1.el8.noarch.rpm
perl-Text-Unidecode-1.30-5.el8.noarch.rpm
perl-TimeDate-2.30-13.el8.noarch.rpm
perl-XML-Parser-2.44-11.el8.x86_64.rpm
perl-XML-XPath-1.42-3.el8.noarch.rpm
pesign-0.112-25.el8.x86_64.rpm
pixman-0.36.0-1.el8.x86_64.rpm
pixman-devel-0.36.0-1.el8.x86_64.rpm
platform-python-coverage-4.5.1-7.el8.x86_64.rpm
polkit-0.115-9.el8.x86_64.rpm
polkit-devel-0.115-9.el8.x86_64.rpm
polkit-docs-0.115-9.el8.noarch.rpm
polkit-libs-0.115-9.el8.x86_64.rpm
polkit-pkla-compat-0.1-12.el8.x86_64.rpm
poppler-0.66.0-26.el8.x86_64.rpm
poppler-data-0.4.9-1.el8.noarch.rpm
popt-devel-1.16-14.el8.x86_64.rpm
pps-tools-devel-1.0.2-1.el8.x86_64.rpm
procmail-3.22-47.el8.x86_64.rpm
psmisc-23.1-3.el8.x86_64.rpm
python3-alembic-1.3.1-1.el8.noarch.rpm
python3-amqp-2.5.2-3.el8.noarch.rpm
python3-aniso8601-8.0.0-1.el8.noarch.rpm
python3-anyjson-0.3.3-24.el8.noarch.rpm
python3-appdirs-1.4.3-12.el8.noarch.rpm
python3-asn1crypto-0.24.0-3.el8.noarch.rpm
python3-attrs-17.4.0-6.el8.noarch.rpm
python3-audit-3.0-0.13.20190507gitf58ec40.el8.x86_64.rpm
python3-Automat-0.7.0-3.1.el8.noarch.rpm
python3-babel-2.5.1-5.el8.noarch.rpm
python3-bcrypt-3.1.7-3.el8.x86_64.rpm
python3-beautifulsoup4-4.8.2-1.el8.noarch.rpm
python3-betamax-0.8.1-7.el8.noarch.rpm
python3-cachetools-3.1.1-4.el8.noarch.rpm
python3-certifi-2018.10.15-7.el8.noarch.rpm
python3-cffi-1.11.5-5.el8.x86_64.rpm
python3-chardet-3.0.4-7.el8.noarch.rpm
python3-click-6.7-8.el8.noarch.rpm
python3-cliff-2.16.0-2.el8.noarch.rpm
python3-cmd2-0.9.16-2.el8.noarch.rpm
python3-colorama-0.4.1-4.el8.noarch.rpm
python3-configobj-5.0.6-11.el8.noarch.rpm
python3-constantly-15.1.0-4.el8.noarch.rpm
python3-contextlib2-0.5.5-12.el8.noarch.rpm
python3-coverage-4.5.1-7.el8.x86_64.rpm
python3-cryptography-2.3-2.el8.x86_64.rpm
python3-d2to1-0.2.12-15.post1.el8.noarch.rpm
python3-dbus-1.2.4-15.el8.x86_64.rpm
python3-ddt-1.2.1-5.el8.noarch.rpm
python3-debtcollector-1.22.0-2.el8.noarch.rpm
python3-decorator-4.2.1-2.el8.noarch.rpm
python3-defusedxml-0.6.0-4.el8.noarch.rpm
python3-deprecation-2.0.6-5.el8.noarch.rpm
python3-django-2.0.13-1.el8.noarch.rpm
python3-django-appconf-1.0.3-1.el8.noarch.rpm
python3-django-compressor-2.2-8.el8.noarch.rpm
python3-django-pyscss-2.0.2-14.el8.noarch.rpm
python3-dns-1.15.0-8.el8.noarch.rpm
python3-docutils-0.14-12.module_el8.1.0+245+c39af44f.noarch.rpm
python3-dogpile-cache-0.9.0-1.el8.noarch.rpm
python3-dulwich-0.19.14-1.el8.x86_64.rpm
python3-editor-1.0.4-4.el8.noarch.rpm
python3-entrypoints-0.3-1.el8.noarch.rpm
python3-eventlet-0.25.1-2.el8.noarch.rpm
python3-extras-1.0.0-11.el8.1.noarch.rpm
python3-fasteners-0.14.1-20.el8.noarch.rpm
python3-fixtures-3.0.0-16.el8.noarch.rpm
python3-flake8-3.7.7-6.el8.noarch.rpm
python3-flask-1.1.1-1.el8.noarch.rpm
python3-flask-restful-0.3.7-5.el8.noarch.rpm
python3-freezegun-0.3.12-1.el8.1.noarch.rpm
python3-funcsigs-1.0.2-17.el8.noarch.rpm
python3-future-0.18.2-3.el8.noarch.rpm
python3-futurist-1.9.0-2.el8.noarch.rpm
python3-gevent-1.2.2-4.el8.x86_64.rpm
python3-greenlet-0.4.13-3.el8.x86_64.rpm
python3-hacking-1.1.0-1.el8.noarch.rpm
python3-hamcrest-1.9.0-8.el8.noarch.rpm
python3-html5lib-0.999999999-6.el8.noarch.rpm
python3-hyperlink-19.0.0-1.el8.1.noarch.rpm
python3-idle-3.6.8-15.1.el8.x86_64.rpm
python3-idna-2.5-5.el8.noarch.rpm
python3-imagesize-1.0.0-2.el8.noarch.rpm
python3-importlib-metadata-0.23-1.el8.noarch.rpm
python3-incremental-17.5.0-5.el8.1.noarch.rpm
python3-inotify-0.9.6-13.el8.noarch.rpm
python3-iso8601-0.1.11-9.el8.noarch.rpm
python3-isodate-0.6.0-1.el8.noarch.rpm
python3-itsdangerous-0.24-14.el8.noarch.rpm
python3-jeepney-0.4.3-1.el8.noarch.rpm
python3-jinja2-2.10.1-2.el8_0.noarch.rpm
python3-jmespath-0.9.0-11.el8.noarch.rpm
python3-jsonpatch-1.21-2.el8.noarch.rpm
python3-jsonpointer-1.10-11.el8.noarch.rpm
python3-jsonschema-2.6.0-4.el8.noarch.rpm
python3-jwt-1.6.1-2.el8.noarch.rpm
python3-kafka-1.4.3-3.el8.noarch.rpm
python3-kerberos-1.3.0-7.el8.x86_64.rpm
python3-keystonemiddleware-7.0.1-2.el8.noarch.rpm
python3-kickstart-3.16.7-1.el8.noarch.rpm
python3-kombu-4.6.6-3.el8.noarch.rpm
python3-ldap-3.1.0-5.el8.x86_64.rpm
python3-ldappool-2.4.0-5.el8.noarch.rpm
python3-lesscpy-0.13.0-12.el8.noarch.rpm
python3-libs-3.6.8-15.1.el8.x86_64.rpm
python3-libselinux-2.9-2.1.el8.x86_64.rpm
python3-linecache2-1.0.0-25.el8.noarch.rpm
python3-lldb-8.0.1-1.module_el8.1.0+215+a01033fb.x86_64.rpm
python3-lxml-4.2.3-1.el8.x86_64.rpm
python3-mako-1.0.6-13.el8.noarch.rpm
python3-markupsafe-0.23-19.el8.x86_64.rpm
python3-mccabe-0.6.1-11.el8.noarch.rpm
python3-memcached-1.58-11.el8.noarch.rpm
python3-migrate-0.13.0-1.el8.noarch.rpm
python3-mimeparse-1.6.0-13.el8.noarch.rpm
python3-mock-2.0.0-11.el8.noarch.rpm
python3-monotonic-1.5-5.el8.noarch.rpm
python3-mox3-0.28.0-2.el8.noarch.rpm
python3-munch-2.3.2-6.el8.noarch.rpm
python3-netaddr-0.7.19-8.el8.noarch.rpm
python3-netifaces-0.10.6-4.el8.x86_64.rpm
python3-nose-1.3.7-30.module_el8.1.0+245+c39af44f.noarch.rpm
python3-oauthlib-2.1.0-1.el8.noarch.rpm
python3-ordered-set-2.0.2-4.el8.noarch.rpm
python3-osc-lib-1.14.1-2.el8.noarch.rpm
python3-osc-lib-tests-1.14.1-2.el8.noarch.rpm
python3-os-client-config-1.33.0-2.el8.noarch.rpm
python3-oslo-cache-1.37.0-2.el8.noarch.rpm
python3-oslo-concurrency-3.30.0-2.el8.noarch.rpm
python3-oslo-config-6.11.2-1.el8.noarch.rpm
python3-oslo-context-2.23.0-2.el8.noarch.rpm
python3-oslo-db-5.0.2-2.el8.noarch.rpm
python3-oslo-i18n-3.24.0-2.el8.noarch.rpm
python3-oslo-log-3.44.1-2.el8.noarch.rpm
python3-oslo-middleware-3.38.1-2.el8.noarch.rpm
python3-oslo-policy-2.3.3-1.el8.noarch.rpm
python3-oslo-serialization-2.29.2-2.el8.noarch.rpm
python3-oslo-service-1.40.2-2.el8.noarch.rpm
python3-oslo-sphinx-4.18.0-1.el8.noarch.rpm
python3-oslotest-3.8.1-2.el8.noarch.rpm
python3-oslo-upgradecheck-0.3.2-1.el8.noarch.rpm
python3-oslo-utils-3.41.5-1.el8.noarch.rpm
python3-oslo-versionedobjects-1.36.1-1.el8.noarch.rpm
python3-oslo-versionedobjects-tests-1.36.1-1.el8.noarch.rpm
python3-osprofiler-2.8.2-1.el8.noarch.rpm
python3-os-service-types-1.7.0-2.el8.noarch.rpm
python3-os-testr-1.1.0-2.el8.noarch.rpm
python3-os-vif-1.17.0-1.el8.noarch.rpm
python3-packaging-16.8-9.el8.noarch.rpm
python3-paramiko-2.4.3-1.el8.noarch.rpm
python3-passlib-1.7.1-6.el8.noarch.rpm
python3-paste-3.0.8-1.el8.1.noarch.rpm
python3-paste-deploy-2.0.1-1.el8.noarch.rpm
python3-pbr-5.1.2-3.el8.noarch.rpm
python3-pint-0.10.1-1.el8.noarch.rpm
python3-pip-wheel-9.0.3-15.el8.noarch.rpm
python3-ply-3.9-7.el8.noarch.rpm
python3-policycoreutils-2.9-3.el8_1.1.noarch.rpm
python3-prettytable-0.7.2-14.el8.noarch.rpm
python3-pyasn1-0.4.6-3.el8.noarch.rpm
python3-pyasn1-modules-0.4.6-3.el8.noarch.rpm
python3-pycadf-2.10.0-2.el8.noarch.rpm
python3-pycodestyle-2.5.0-2.el8.noarch.rpm
python3-pycparser-2.14-14.el8.noarch.rpm
python3-pyflakes-2.1.1-1.el8.noarch.rpm
python3-pygments-2.2.0-20.module_el8.1.0+245+c39af44f.noarch.rpm
python3-PyMySQL-0.8.0-10.module_el8.1.0+245+c39af44f.noarch.rpm
python3-pynacl-1.3.0-5.el8.x86_64.rpm
python3-pyngus-2.3.0-1.el8.noarch.rpm
python3-pyOpenSSL-18.0.0-1.el8.noarch.rpm
python3-pyparsing-2.4.6-1.el8.noarch.rpm
python3-pyperclip-1.6.4-6.el8.noarch.rpm
python3-pysaml2-4.5.0-9.el8.noarch.rpm
python3-pyserial-3.1.1-8.el8.noarch.rpm
python3-pytz-2017.2-9.el8.noarch.rpm
python3-pyyaml-3.12-12.el8.x86_64.rpm
python3-qpid-proton-0.30.0-2.el8.x86_64.rpm
python3-rcssmin-1.0.6-18.el8.x86_64.rpm
python3-rdflib-4.2.1-9.el8.1.noarch.rpm
python3-redis-3.3.8-1.el8.noarch.rpm
python3-reno-2.11.3-1.el8.noarch.rpm
python3-repoze-lru-0.7-6.el8.noarch.rpm
python3-requests-2.22.0-7.el8.noarch.rpm
python3-requestsexceptions-1.4.0-1.el8.noarch.rpm
python3-requests-kerberos-0.12.0-8.el8.noarch.rpm
python3-rfc3986-1.2.0-6.el8.noarch.rpm
python3-rjsmin-1.0.12-17.el8.x86_64.rpm
python3-routes-2.4.1-12.el8.noarch.rpm
python3-scrypt-0.8.0-11.el8.x86_64.rpm
python3-scss-1.3.5-9.el8.x86_64.rpm
python3-secretstorage-3.1.1-4.el8.noarch.rpm
python3-selenium-3.12.0-5.el8.noarch.rpm
python3-semantic_version-2.6.0-5.el8.noarch.rpm
python3-setools-4.2.2-1.el8.x86_64.rpm
python3-setuptools_scm-1.15.7-4.el8.noarch.rpm
python3-setuptools-wheel-39.2.0-5.el8.noarch.rpm
python3-simplegeneric-0.8.1-17.el8.noarch.rpm
python3-simplejson-3.17.0-2.el8.x86_64.rpm
python3-snowballstemmer-1.2.1-6.el8.noarch.rpm
python3-soupsieve-1.9.2-3.el8.noarch.rpm
python3-sphinx-1.7.6-1.el8.noarch.rpm
python3-sphinxcontrib-websupport-1.0.1-10.20180316git.el8.noarch.rpm
python3-sphinx_rtd_theme-0.3.1-3.el8.noarch.rpm
python3-sphinx-theme-alabaster-0.7.9-7.el8.noarch.rpm
python3-sqlalchemy-1.3.2-1.module_el8.1.0+245+c39af44f.x86_64.rpm
python3-sqlparse-0.2.4-9.el8.noarch.rpm
python3-statsd-3.2.1-16.el8.noarch.rpm
python3-stestr-2.6.0-4.el8.noarch.rpm
python3-stevedore-1.31.0-2.el8.noarch.rpm
python3-subunit-1.4.0-1.el8.noarch.rpm
python3-swiftclient-3.8.1-1.el8.noarch.rpm
python3-tempita-0.5.1-22.el8.1.noarch.rpm
python3-testrepository-0.0.20-20.el8.noarch.rpm
python3-testresources-1.0.0-14.el8.noarch.rpm
python3-testscenarios-0.5.0-17.el8.noarch.rpm
python3-testtools-2.3.0-15.el8.noarch.rpm
python3-tinyrpc-1.0.3-1.el8.noarch.rpm
python3-tkinter-3.6.8-15.1.el8.x86_64.rpm
python3-traceback2-1.4.0-25.el8.noarch.rpm
python3-twisted-19.10.0-2.el8.x86_64.rpm
python3-ujson-2.0-0.2.20170206git2f1d487.el8.x86_64.rpm
python3-unittest2-1.1.0-16.el8.noarch.rpm
python3-versiontools-1.9.1-24.el8.noarch.rpm
python3-vine-1.3.0-5.el8.noarch.rpm
python3-voluptuous-0.11.7-1.el8.noarch.rpm
python3-waitress-1.4.2-1.el8.noarch.rpm
python3-warlock-1.3.3-1.el8.noarch.rpm
python3-wcwidth-0.1.9-1.el8.noarch.rpm
python3-webencodings-0.5.1-6.el8.noarch.rpm
python3-webob-1.8.5-1.el8.1.noarch.rpm
python3-webtest-2.0.33-4.el8.noarch.rpm
python3-werkzeug-0.16.0-1.el8.noarch.rpm
python3-wheel-0.31.1-2.module_el8.1.0+245+c39af44f.noarch.rpm
python3-whoosh-2.7.4-9.el8.noarch.rpm
python3-wrapt-1.11.2-4.el8.x86_64.rpm
python3-XStatic-1.0.1-19.el8.noarch.rpm
python3-XStatic-Angular-1.5.8.0-10.el8.noarch.rpm
python3-XStatic-Angular-Bootstrap-2.2.0.0-10.el8.noarch.rpm
python3-XStatic-Angular-FileUpload-12.0.4.0-14.el8.noarch.rpm
python3-XStatic-Angular-Gettext-2.3.8.0-1.el8.noarch.rpm
python3-XStatic-Angular-lrdragndrop-1.0.2.2-16.el8.noarch.rpm
python3-XStatic-Angular-Schema-Form-0.8.13.0-2.el8.noarch.rpm
python3-XStatic-Bootstrap-Datepicker-1.3.1.0-16.el8.noarch.rpm
python3-XStatic-Bootstrap-SCSS-3.3.7.1-10.el8.noarch.rpm
python3-XStatic-bootswatch-3.3.7.0-11.el8.noarch.rpm
python3-XStatic-D3-3.5.17.0-10.el8.noarch.rpm
python3-XStatic-Font-Awesome-4.7.0.0-10.el8.noarch.rpm
python3-XStatic-Hogan-2.0.0.2-17.el8.noarch.rpm
python3-XStatic-Jasmine-2.4.1.1-9.el8.noarch.rpm
python3-XStatic-jQuery-1.10.2.1-1.el8.noarch.rpm
python3-XStatic-JQuery-Migrate-1.2.1.1-17.el8.noarch.rpm
python3-XStatic-JQuery-quicksearch-2.0.3.1-17.el8.noarch.rpm
python3-XStatic-JQuery-TableSorter-2.14.5.1-17.el8.noarch.rpm
python3-XStatic-jquery-ui-1.12.0.1-9.el8.noarch.rpm
python3-XStatic-JSEncrypt-2.3.1.1-9.el8.noarch.rpm
python3-XStatic-Magic-Search-0.2.5.1-12.el8.noarch.rpm
python3-XStatic-mdi-1.4.57.0-13.el8.noarch.rpm
python3-XStatic-objectpath-1.2.1.0-2.el8.noarch.rpm
python3-XStatic-Rickshaw-1.5.0.0-19.el8.noarch.rpm
python3-XStatic-roboto-fontface-0.5.0.0-13.el8.noarch.rpm
python3-XStatic-smart-table-1.4.13.2-9.el8.noarch.rpm
python3-XStatic-Spin-1.2.5.2-18.el8.noarch.rpm
python3-XStatic-termjs-0.0.7.0-9.el8.noarch.rpm
python3-XStatic-tv4-1.2.7.0-2.el8.noarch.rpm
python3-yappi-1.0-4.el8.x86_64.rpm
python3-zipp-0.5.1-3.el8.noarch.rpm
python3-zmq-19.0.0-1.el8.x86_64.rpm
python3-zope-event-4.2.0-12.el8.noarch.rpm
python3-zope-interface-4.6.0-1.el8.x86_64.rpm
python-django-bash-completion-2.0.13-1.el8.noarch.rpm
python-oslo-cache-lang-1.37.0-2.el8.noarch.rpm
python-oslo-concurrency-lang-3.30.0-2.el8.noarch.rpm
python-oslo-db-lang-5.0.2-2.el8.noarch.rpm
python-oslo-i18n-lang-3.24.0-2.el8.noarch.rpm
python-oslo-log-lang-3.44.1-2.el8.noarch.rpm
python-oslo-middleware-lang-3.38.1-2.el8.noarch.rpm
python-oslo-policy-lang-2.3.3-1.el8.noarch.rpm
python-oslo-utils-lang-3.41.5-1.el8.noarch.rpm
python-pycadf-common-2.10.0-2.el8.noarch.rpm
python-sphinx-locale-1.7.6-1.el8.noarch.rpm
qpid-proton-c-0.30.0-2.el8.x86_64.rpm
quota-4.04-10.el8.x86_64.rpm
quota-nls-4.04-10.el8.noarch.rpm
radvd-2.17-12.el8.x86_64.rpm
readline-devel-7.0-10.el8.x86_64.rpm
roboto-fontface-common-0.5.0.0-13.el8.noarch.rpm
roboto-fontface-fonts-0.5.0.0-13.el8.noarch.rpm
rpcbind-1.2.5-4.el8.x86_64.rpm
rpcgen-1.3.1-4.el8.x86_64.rpm
rpm-plugin-selinux-4.14.2-26.el8_1.x86_64.rpm
rsync-3.1.3-6.el8.x86_64.rpm
rsync-daemon-3.1.3-6.el8.noarch.rpm
ruby-2.5.5-105.module_el8.1.0+214+9be47fd7.x86_64.rpm
ruby-devel-2.5.5-105.module_el8.1.0+214+9be47fd7.x86_64.rpm
rubygem-openssl-2.1.2-105.module_el8.1.0+214+9be47fd7.x86_64.rpm
rubygem-psych-3.0.2-105.module_el8.1.0+214+9be47fd7.x86_64.rpm
rubygems-2.7.6.2-105.module_el8.1.0+214+9be47fd7.noarch.rpm
ruby-libs-2.5.5-105.module_el8.1.0+214+9be47fd7.x86_64.rpm
sanlock-devel-3.8.0-2.el8.x86_64.rpm
sanlock-lib-3.8.0-2.el8.x86_64.rpm
scrub-2.5.2-14.el8.x86_64.rpm
SDL-1.2.15-36.el8_1.x86_64.rpm
SDL-devel-1.2.15-36.el8_1.x86_64.rpm
selinux-policy-minimum-3.14.3-20.el8.noarch.rpm
sendmail-8.15.2-32.el8.x86_64.rpm
sgml-common-0.6.3-50.el8.noarch.rpm
slang-2.3.2-3.el8.x86_64.rpm
slang-devel-2.3.2-3.el8.x86_64.rpm
snappy-1.1.7-5.el8.x86_64.rpm
snappy-devel-1.1.7-5.el8.x86_64.rpm
socat-1.7.3.2-6.el8.x86_64.rpm
sound-theme-freedesktop-0.8-9.el8.noarch.rpm
source-highlight-3.1.8-16.el8.x86_64.rpm
startup-notification-0.12-15.el8.x86_64.rpm
subversion-1.10.2-1.module_el8.0.0+45+75bba4f4.x86_64.rpm
subversion-libs-1.10.2-1.module_el8.0.0+45+75bba4f4.x86_64.rpm
systemd-pam-239-18.el8_1.5.x86_64.rpm
systemd-udev-239-18.el8_1.5.x86_64.rpm
tbb-2018.2-9.el8.x86_64.rpm
tcl-8.6.8-2.el8.x86_64.rpm
tcsh-6.20.00-9.el8.x86_64.rpm
texi2html-5.0-8.el8.noarch.rpm
texinfo-6.5-4.el8.x86_64.rpm
texlive-20180414-14.el8.x86_64.rpm
texlive-ae-20180414-14.el8.noarch.rpm
texlive-algorithms-20180414-14.el8.noarch.rpm
texlive-amscls-20180414-14.el8.noarch.rpm
texlive-amsfonts-20180414-14.el8.noarch.rpm
texlive-amsmath-20180414-14.el8.noarch.rpm
texlive-anysize-20180414-14.el8.noarch.rpm
texlive-attachfile-20180414-14.el8.noarch.rpm
texlive-avantgar-20180414-14.el8.noarch.rpm
texlive-babel-20180414-14.el8.noarch.rpm
texlive-babelbib-20180414-14.el8.noarch.rpm
texlive-babel-english-20180414-14.el8.noarch.rpm
texlive-base-20180414-14.el8.noarch.rpm
texlive-beamer-20180414-14.el8.noarch.rpm
texlive-bera-20180414-14.el8.noarch.rpm
texlive-beton-20180414-14.el8.noarch.rpm
texlive-bibtex-20180414-14.el8.x86_64.rpm
texlive-bookman-20180414-14.el8.noarch.rpm
texlive-booktabs-20180414-14.el8.noarch.rpm
texlive-breakurl-20180414-14.el8.noarch.rpm
texlive-breqn-20180414-14.el8.noarch.rpm
texlive-caption-20180414-14.el8.noarch.rpm
texlive-carlisle-20180414-14.el8.noarch.rpm
texlive-charter-20180414-14.el8.noarch.rpm
texlive-chngcntr-20180414-14.el8.noarch.rpm
texlive-cite-20180414-14.el8.noarch.rpm
texlive-cm-20180414-14.el8.noarch.rpm
texlive-cmap-20180414-14.el8.noarch.rpm
texlive-cmextra-20180414-14.el8.noarch.rpm
texlive-cm-super-20180414-14.el8.noarch.rpm
texlive-collection-basic-20180414-14.el8.noarch.rpm
texlive-collection-fontsrecommended-20180414-14.el8.noarch.rpm
texlive-collection-latex-20180414-14.el8.noarch.rpm
texlive-collection-latexrecommended-20180414-14.el8.noarch.rpm
texlive-colortbl-20180414-14.el8.noarch.rpm
texlive-courier-20180414-14.el8.noarch.rpm
texlive-crop-20180414-14.el8.noarch.rpm
texlive-csquotes-20180414-14.el8.noarch.rpm
texlive-ctable-20180414-14.el8.noarch.rpm
texlive-currfile-20180414-14.el8.noarch.rpm
texlive-dvipdfmx-20180414-14.el8.x86_64.rpm
texlive-dvips-20180414-14.el8.x86_64.rpm
texlive-ec-20180414-14.el8.noarch.rpm
texlive-enctex-20180414-14.el8.noarch.rpm
texlive-enumitem-20180414-14.el8.noarch.rpm
texlive-eso-pic-20180414-14.el8.noarch.rpm
texlive-etex-20180414-14.el8.noarch.rpm
texlive-etex-pkg-20180414-14.el8.noarch.rpm
texlive-etoolbox-20180414-14.el8.noarch.rpm
texlive-euenc-20180414-14.el8.noarch.rpm
texlive-euler-20180414-14.el8.noarch.rpm
texlive-euro-20180414-14.el8.noarch.rpm
texlive-eurosym-20180414-14.el8.noarch.rpm
texlive-extsizes-20180414-14.el8.noarch.rpm
texlive-fancybox-20180414-14.el8.noarch.rpm
texlive-fancyhdr-20180414-14.el8.noarch.rpm
texlive-fancyref-20180414-14.el8.noarch.rpm
texlive-fancyvrb-20180414-14.el8.noarch.rpm
texlive-filecontents-20180414-14.el8.noarch.rpm
texlive-filehook-20180414-14.el8.noarch.rpm
texlive-finstrut-20180414-14.el8.noarch.rpm
texlive-fix2col-20180414-14.el8.noarch.rpm
texlive-float-20180414-14.el8.noarch.rpm
texlive-fontspec-20180414-14.el8.noarch.rpm
texlive-footmisc-20180414-14.el8.noarch.rpm
texlive-fp-20180414-14.el8.noarch.rpm
texlive-fpl-20180414-14.el8.noarch.rpm
texlive-geometry-20180414-14.el8.noarch.rpm
texlive-glyphlist-20180414-14.el8.noarch.rpm
texlive-graphics-20180414-14.el8.noarch.rpm
texlive-graphics-cfg-20180414-14.el8.noarch.rpm
texlive-graphics-def-20180414-14.el8.noarch.rpm
texlive-gsftopk-20180414-14.el8.x86_64.rpm
texlive-helvetic-20180414-14.el8.noarch.rpm
texlive-hyperref-20180414-14.el8.noarch.rpm
texlive-hyphen-base-20180414-14.el8.noarch.rpm
texlive-hyph-utf8-20180414-14.el8.noarch.rpm
texlive-ifetex-20180414-14.el8.noarch.rpm
texlive-ifluatex-20180414-14.el8.noarch.rpm
texlive-ifxetex-20180414-14.el8.noarch.rpm
texlive-index-20180414-14.el8.noarch.rpm
texlive-jknapltx-20180414-14.el8.noarch.rpm
texlive-kastrup-20180414-14.el8.noarch.rpm
texlive-knuth-lib-20180414-14.el8.noarch.rpm
texlive-knuth-local-20180414-14.el8.noarch.rpm
texlive-koma-script-20180414-14.el8.noarch.rpm
texlive-kpathsea-20180414-14.el8.x86_64.rpm
texlive-l3experimental-20180414-14.el8.noarch.rpm
texlive-l3kernel-20180414-14.el8.noarch.rpm
texlive-l3packages-20180414-14.el8.noarch.rpm
texlive-latex-20180414-14.el8.noarch.rpm
texlive-latexconfig-20180414-14.el8.noarch.rpm
texlive-latex-fonts-20180414-14.el8.noarch.rpm
texlive-lib-20180414-14.el8.x86_64.rpm
texlive-lineno-20180414-14.el8.noarch.rpm
texlive-listings-20180414-14.el8.noarch.rpm
texlive-lm-20180414-14.el8.noarch.rpm
texlive-lm-math-20180414-14.el8.noarch.rpm
texlive-ltabptch-20180414-14.el8.noarch.rpm
texlive-ltxmisc-20180414-14.el8.noarch.rpm
texlive-lua-alt-getopt-20180414-14.el8.noarch.rpm
texlive-lualatex-math-20180414-14.el8.noarch.rpm
texlive-lualibs-20180414-14.el8.noarch.rpm
texlive-luaotfload-20180414-14.el8.noarch.rpm
texlive-luatex-20180414-14.el8.x86_64.rpm
texlive-luatexbase-20180414-14.el8.noarch.rpm
texlive-makeindex-20180414-14.el8.x86_64.rpm
texlive-manfnt-font-20180414-14.el8.noarch.rpm
texlive-marginnote-20180414-14.el8.noarch.rpm
texlive-marvosym-20180414-14.el8.noarch.rpm
texlive-mathpazo-20180414-14.el8.noarch.rpm
texlive-mathtools-20180414-14.el8.noarch.rpm
texlive-mdwtools-20180414-14.el8.noarch.rpm
texlive-memoir-20180414-14.el8.noarch.rpm
texlive-metafont-20180414-14.el8.x86_64.rpm
texlive-metalogo-20180414-14.el8.noarch.rpm
texlive-mflogo-20180414-14.el8.noarch.rpm
texlive-mflogo-font-20180414-14.el8.noarch.rpm
texlive-mfnfss-20180414-14.el8.noarch.rpm
texlive-mfware-20180414-14.el8.x86_64.rpm
texlive-microtype-20180414-14.el8.noarch.rpm
texlive-mparhack-20180414-14.el8.noarch.rpm
texlive-mptopdf-20180414-14.el8.noarch.rpm
texlive-ms-20180414-14.el8.noarch.rpm
texlive-multido-20180414-14.el8.noarch.rpm
texlive-natbib-20180414-14.el8.noarch.rpm
texlive-ncntrsbk-20180414-14.el8.noarch.rpm
texlive-ntgclass-20180414-14.el8.noarch.rpm
texlive-oberdiek-20180414-14.el8.noarch.rpm
texlive-palatino-20180414-14.el8.noarch.rpm
texlive-paralist-20180414-14.el8.noarch.rpm
texlive-parallel-20180414-14.el8.noarch.rpm
texlive-parskip-20180414-14.el8.noarch.rpm
texlive-pdfpages-20180414-14.el8.noarch.rpm
texlive-pdftex-20180414-14.el8.x86_64.rpm
texlive-pgf-20180414-14.el8.noarch.rpm
texlive-plain-20180414-14.el8.noarch.rpm
texlive-powerdot-20180414-14.el8.noarch.rpm
texlive-psfrag-20180414-14.el8.noarch.rpm
texlive-pslatex-20180414-14.el8.noarch.rpm
texlive-psnfss-20180414-14.el8.noarch.rpm
texlive-pspicture-20180414-14.el8.noarch.rpm
texlive-pst-3d-20180414-14.el8.noarch.rpm
texlive-pst-blur-20180414-14.el8.noarch.rpm
texlive-pst-coil-20180414-14.el8.noarch.rpm
texlive-pst-eps-20180414-14.el8.noarch.rpm
texlive-pst-fill-20180414-14.el8.noarch.rpm
texlive-pst-grad-20180414-14.el8.noarch.rpm
texlive-pst-math-20180414-14.el8.noarch.rpm
texlive-pst-node-20180414-14.el8.noarch.rpm
texlive-pst-plot-20180414-14.el8.noarch.rpm
texlive-pstricks-20180414-14.el8.noarch.rpm
texlive-pstricks-add-20180414-14.el8.noarch.rpm
texlive-pst-slpe-20180414-14.el8.noarch.rpm
texlive-pst-text-20180414-14.el8.noarch.rpm
texlive-pst-tree-20180414-14.el8.noarch.rpm
texlive-pxfonts-20180414-14.el8.noarch.rpm
texlive-qstest-20180414-14.el8.noarch.rpm
texlive-rcs-20180414-14.el8.noarch.rpm
texlive-rsfs-20180414-14.el8.noarch.rpm
texlive-sansmath-20180414-14.el8.noarch.rpm
texlive-sauerj-20180414-14.el8.noarch.rpm
texlive-section-20180414-14.el8.noarch.rpm
texlive-seminar-20180414-14.el8.noarch.rpm
texlive-sepnum-20180414-14.el8.noarch.rpm
texlive-setspace-20180414-14.el8.noarch.rpm
texlive-showexpl-20180414-14.el8.noarch.rpm
texlive-soul-20180414-14.el8.noarch.rpm
texlive-subfig-20180414-14.el8.noarch.rpm
texlive-symbol-20180414-14.el8.noarch.rpm
texlive-tetex-20180414-14.el8.noarch.rpm
texlive-tex-20180414-14.el8.x86_64.rpm
texlive-texconfig-20180414-14.el8.noarch.rpm
texlive-tex-gyre-20180414-14.el8.noarch.rpm
texlive-tex-gyre-math-20180414-14.el8.noarch.rpm
texlive-tex-ini-files-20180414-14.el8.noarch.rpm
texlive-texlive-common-doc-20180414-14.el8.noarch.rpm
texlive-texlive-docindex-20180414-14.el8.noarch.rpm
texlive-texlive-en-20180414-14.el8.noarch.rpm
texlive-texlive.infra-20180414-14.el8.noarch.rpm
texlive-texlive-msg-translations-20180414-14.el8.noarch.rpm
texlive-texlive-scripts-20180414-14.el8.noarch.rpm
texlive-textcase-20180414-14.el8.noarch.rpm
texlive-thumbpdf-20180414-14.el8.noarch.rpm
texlive-times-20180414-14.el8.noarch.rpm
texlive-tipa-20180414-14.el8.noarch.rpm
texlive-tools-20180414-14.el8.noarch.rpm
texlive-txfonts-20180414-14.el8.noarch.rpm
texlive-type1cm-20180414-14.el8.noarch.rpm
texlive-typehtml-20180414-14.el8.noarch.rpm
texlive-ucs-20180414-14.el8.noarch.rpm
texlive-underscore-20180414-14.el8.noarch.rpm
texlive-unicode-data-20180414-14.el8.noarch.rpm
texlive-unicode-math-20180414-14.el8.noarch.rpm
texlive-updmap-map-20180414-14.el8.noarch.rpm
texlive-url-20180414-14.el8.noarch.rpm
texlive-utopia-20180414-14.el8.noarch.rpm
texlive-varwidth-20180414-14.el8.noarch.rpm
texlive-wasy-20180414-14.el8.noarch.rpm
texlive-wasy2-ps-20180414-14.el8.noarch.rpm
texlive-wasysym-20180414-14.el8.noarch.rpm
texlive-xcolor-20180414-14.el8.noarch.rpm
texlive-xdvi-20180414-14.el8.x86_64.rpm
texlive-xkeyval-20180414-14.el8.noarch.rpm
texlive-xunicode-20180414-14.el8.noarch.rpm
texlive-zapfchan-20180414-14.el8.noarch.rpm
texlive-zapfding-20180414-14.el8.noarch.rpm
time-1.9-3.el8.x86_64.rpm
tk-8.6.8-1.el8.x86_64.rpm
tpm2-tss-2.0.0-4.el8.x86_64.rpm
tpm2-tss-devel-2.0.0-4.el8.x86_64.rpm
tree-1.7.0-15.el8.x86_64.rpm
trousers-0.3.14-4.el8.x86_64.rpm
trousers-devel-0.3.14-4.el8.x86_64.rpm
trousers-lib-0.3.14-4.el8.x86_64.rpm
ttmkfdir-3.0.9-54.el8.x86_64.rpm
tzdata-2019c-1.el8.noarch.rpm
tzdata-java-2019c-1.el8.noarch.rpm
unbound-libs-1.7.3-8.el8.x86_64.rpm
unixODBC-2.3.7-1.el8.x86_64.rpm
unixODBC-devel-2.3.7-1.el8.x86_64.rpm
urw-base35-bookman-fonts-20170801-10.el8.noarch.rpm
urw-base35-c059-fonts-20170801-10.el8.noarch.rpm
urw-base35-d050000l-fonts-20170801-10.el8.noarch.rpm
urw-base35-fonts-20170801-10.el8.noarch.rpm
urw-base35-fonts-common-20170801-10.el8.noarch.rpm
urw-base35-gothic-fonts-20170801-10.el8.noarch.rpm
urw-base35-nimbus-mono-ps-fonts-20170801-10.el8.noarch.rpm
urw-base35-nimbus-roman-fonts-20170801-10.el8.noarch.rpm
urw-base35-nimbus-sans-fonts-20170801-10.el8.noarch.rpm
urw-base35-p052-fonts-20170801-10.el8.noarch.rpm
urw-base35-standard-symbols-ps-fonts-20170801-10.el8.noarch.rpm
urw-base35-z003-fonts-20170801-10.el8.noarch.rpm
usbredir-0.8.0-1.el8.x86_64.rpm
usbredir-devel-0.8.0-1.el8.x86_64.rpm
utf8proc-2.1.1-4.module_el8.0.0+45+75bba4f4.x86_64.rpm
vim-filesystem-8.0.1763-13.el8.noarch.rpm
virt-what-1.18-6.el8.x86_64.rpm
wayland-devel-1.15.0-1.el8.x86_64.rpm
wayland-protocols-devel-1.17-1.el8.noarch.rpm
web-assets-filesystem-5-7.el8.noarch.rpm
webkit2gtk3-2.24.4-2.el8_1.x86_64.rpm
webkit2gtk3-jsc-2.24.4-2.el8_1.x86_64.rpm
woff2-1.0.2-4.el8.x86_64.rpm
wxBase3-3.0.4-11.el8.x86_64.rpm
wxGTK3-3.0.4-11.el8.x86_64.rpm
wxGTK3-gl-3.0.4-11.el8.x86_64.rpm
wxGTK3-i18n-3.0.4-11.el8.noarch.rpm
xcb-util-0.4.0-10.el8.x86_64.rpm
xfsprogs-5.0.0-1.el8.x86_64.rpm
xhtml1-dtds-1.0-20020801.13.el8.4.noarch.rpm
xkeyboard-config-2.24-3.el8.noarch.rpm
xmlto-0.0.28-7.el8.x86_64.rpm
xorg-x11-fonts-ISO8859-1-100dpi-7.5-19.el8.noarch.rpm
xorg-x11-fonts-Type1-7.5-19.el8.noarch.rpm
xorg-x11-font-utils-7.5-40.el8.x86_64.rpm
xorg-x11-proto-devel-2018.4-1.el8.noarch.rpm
xorg-x11-server-utils-7.7-27.el8.x86_64.rpm
xorg-x11-xauth-1.0.9-12.el8.x86_64.rpm
xstatic-angular-bootstrap-common-2.2.0.0-10.el8.noarch.rpm
XStatic-Angular-common-1.5.8.0-10.el8.noarch.rpm
xstatic-angular-fileupload-common-12.0.4.0-14.el8.noarch.rpm
xstatic-angular-gettext-common-2.3.8.0-1.el8.noarch.rpm
xstatic-angular-lrdragndrop-common-1.0.2.2-16.el8.noarch.rpm
xstatic-angular-schema-form-common-0.8.13.0-2.el8.noarch.rpm
xstatic-bootstrap-datepicker-common-1.3.1.0-16.el8.noarch.rpm
xstatic-bootstrap-scss-common-3.3.7.1-10.el8.noarch.rpm
xstatic-d3-common-3.5.17.0-10.el8.noarch.rpm
xstatic-hogan-common-2.0.0.2-17.el8.noarch.rpm
xstatic-jasmine-common-2.4.1.1-9.el8.noarch.rpm
xstatic-jquery-migrate-common-1.2.1.1-17.el8.noarch.rpm
xstatic-jquery-quicksearch-common-2.0.3.1-17.el8.noarch.rpm
xstatic-jquery-tablesorter-common-2.14.5.1-17.el8.noarch.rpm
xstatic-jquery-ui-common-1.12.0.1-9.el8.noarch.rpm
xstatic-jsencrypt-common-2.3.1.1-9.el8.noarch.rpm
XStatic-Magic-Search-common-0.2.5.1-12.el8.noarch.rpm
xstatic-objectpath-common-1.2.1.0-2.el8.noarch.rpm
xstatic-rickshaw-common-1.5.0.0-19.el8.noarch.rpm
xstatic-smart-table-common-1.4.13.2-9.el8.noarch.rpm
xstatic-spin-common-1.2.5.2-18.el8.noarch.rpm
xstatic-termjs-common-0.0.7.0-9.el8.noarch.rpm
xstatic-tv4-common-1.2.7.0-2.el8.noarch.rpm
xz-devel-5.2.4-3.el8.x86_64.rpm
yajl-2.1.0-10.el8.x86_64.rpm
yajl-devel-2.1.0-10.el8.x86_64.rpm
yaml-cpp-0.6.2-3.el8.x86_64.rpm
zenity-3.28.1-1.el8.x86_64.rpm
zeromq-4.3.2-1.el8.x86_64.rpm
zlib-devel-1.2.11-10.el8.x86_64.rpm
zziplib-0.13.68-7.el8.x86_64.rpm
