autogen-libopts-devel-5.18.12-7.el8.x86_64.rpm#http://repo.okay.com.mx/centos/8/x86_64/release//autogen-libopts-devel-5.18.12-7.el8.x86_64.rpm
btrfs-progs-4.20.2-1.el8.x86_64.rpm#https://mirror.rackspace.com/elrepo/testing/el8/x86_64/RPMS/btrfs-progs-4.20.2-1.el8.x86_64.rpm
btrfs-progs-devel-4.20.2-1.el8.x86_64.rpm#https://mirror.rackspace.com/elrepo/testing/el8/x86_64/RPMS/btrfs-progs-devel-4.20.2-1.el8.x86_64.rpm
elixir-1.9.2-1.el8.x86_64.rpm#https://cbs.centos.org/kojifiles/packages/elixir/1.9.2/1.el8/x86_64/elixir-1.9.2-1.el8.x86_64.rpm
gtk3-devel-docs-3.22.30-3.el8.x86_64.rpm#http://repo.okay.com.mx/centos/8/x86_64/release//gtk3-devel-docs-3.22.30-3.el8.x86_64.rpm
Judy-devel-1.0.5-18.module_el8.1.0+217+4d875839.x86_64.rpm#http://mirror.centos.org/centos/8.1.1911/PowerTools/x86_64/os/Packages/Judy-devel-1.0.5-18.module_el8.1.0+217+4d875839.x86_64.rpm
kernel-headers-4.18.0-147.3.1.el8_1.x86_64.rpm#http://mirror.centos.org/centos/8.1.1911/BaseOS/x86_64/os/Packages/kernel-headers-4.18.0-147.3.1.el8_1.x86_64.rpm
libbtrfs-4.20.2-1.el8.x86_64.rpm#https://mirror.rackspace.com/elrepo/testing/el8/x86_64/RPMS/libbtrfs-4.20.2-1.el8.x86_64.rpm
libbtrfsutil-4.20.2-1.el8.x86_64.rpm#https://mirror.rackspace.com/elrepo/testing/el8/x86_64/RPMS/libbtrfsutil-4.20.2-1.el8.x86_64.rpm
libtimezonemap-devel-0.4.5.1-3.el8.x86_64.rpm#https://koji.mbox.centos.org/pkgs/work/tasks/556/10556/libtimezonemap-devel-0.4.5.1-3.el8.x86_64.rpm
libzstd-1.3.4-1.el8.elrepo.x86_64.rpm#https://mirror.rackspace.com/elrepo/testing/el8/x86_64/RPMS/libzstd-1.3.4-1.el8.elrepo.x86_64.rpm
openstack-macros-2019.2.3-1.el8.noarch.rpm#https://cbs.centos.org/kojifiles/packages/openstack-macros/2019.2.3/1.el8/noarch/openstack-macros-2019.2.3-1.el8.noarch.rpm
python3-cinderclient-5.0.1-1.el8.noarch.rpm#https://cbs.centos.org/kojifiles/packages/python-cinderclient/5.0.1/1.el8/noarch/python3-cinderclient-5.0.1-1.el8.noarch.rpm
python3-django-debreach-2.0.1-1.el8.noarch.rpm#https://cbs.centos.org/kojifiles/packages/python-django-debreach/2.0.1/1.el8/noarch/python3-django-debreach-2.0.1-1.el8.noarch.rpm
python3-django-nose-1.4.7-2.el8.noarch.rpm#https://cbs.centos.org/kojifiles/packages/python-django-nose/1.4.7/2.el8/noarch/python3-django-nose-1.4.7-2.el8.noarch.rpm
python3-glanceclient-2.17.0-1.el8.noarch.rpm#http://mirror.digitalone.com/centos/8/cloud/x86_64/openstack-train/Packages/p/python3-glanceclient-2.17.0-1.el8.noarch.rpm
python3-httpretty-0.9.6-2.el8.noarch.rpm#https://repo.cloudlinux.com/cloudlinux/8.1/PowerTools/x86_64/python3-httpretty-0.9.6-2.el8.noarch.rpm
python3-keystoneauth1-3.17.2-1.el8.noarch.rpm#https://cbs.centos.org/kojifiles/packages/python-keystoneauth1/3.17.2/1.el8/noarch/python3-keystoneauth1-3.17.2-1.el8.noarch.rpm
python3-neutronclient-6.14.0-1.el8.noarch.rpm#https://cbs.centos.org/kojifiles/packages/python-neutronclient/6.14.0/1.el8/noarch/python3-neutronclient-6.14.0-1.el8.noarch.rpm
python3-nose-exclude-0.5.0-7.el8.noarch.rpm#https://cbs.centos.org/kojifiles/packages/python-nose-exclude/0.5.0/7.el8/noarch/python3-nose-exclude-0.5.0-7.el8.noarch.rpm
python3-openstackdocstheme-1.29.0-6.el8.noarch.rpm#https://cbs.centos.org/kojifiles/packages/python-openstackdocstheme/1.29.0/6.el8/noarch/python3-openstackdocstheme-1.29.0-6.el8.noarch.rpm
python3-openstacksdk-0.36.1-1.el8.noarch.rpm#https://cbs.centos.org/kojifiles/packages/python-openstacksdk/0.36.1/1.el8/noarch/python3-openstacksdk-0.36.1-1.el8.noarch.rpm
python3-sphinxcontrib-apidoc-0.2.1-13.el8.noarch.rpm#https://cbs.centos.org/kojifiles/packages/python-sphinxcontrib-apidoc/0.2.1/13.el8/noarch/python3-sphinxcontrib-apidoc-0.2.1-13.el8.noarch.rpm
python3-swiftclient-3.8.1-1.el8.noarch.rpm#https://cbs.centos.org/kojifiles/packages/python-swiftclient/3.8.1/1.el8/noarch/python3-swiftclient-3.8.1-1.el8.noarch.rpm