python3-iso8601 2.1.0-2 https://snapshot.debian.org/archive/debian-ports/20250531T195045Z/pool/main/p/python-iso8601/python3-iso8601_2.1.0-2_all.deb
python3-keystoneauth1 5.10.0-2 https://snapshot.debian.org/archive/debian-ports/20250531T195045Z/pool/main/p/python-keystoneauth1/python3-keystoneauth1_5.10.0-2_all.deb
python3-keystonemiddleware 10.2.0-2 https://snapshot.debian.org/archive/debian-ports/20230623T210953Z/pool/main/p/python-keystonemiddleware/python3-keystonemiddleware_10.2.0-2_all.deb
python3-osc-lib 2.7.0-2 https://snapshot.debian.org/archive/debian-ports/20230623T210953Z/pool/main/p/python-osc-lib/python3-osc-lib_2.7.0-2_all.deb
python3-oslo.cache 3.3.1-2 https://snapshot.debian.org/archive/debian-ports/20230623T210953Z/pool/main/p/python-oslo.cache/python3-oslo.cache_3.3.1-2_all.deb
python3-oslo.concurrency 5.1.1-2 https://snapshot.debian.org/archive/debian-ports/20230623T210953Z/pool/main/p/python-oslo.concurrency/python3-oslo.concurrency_5.1.1-2_all.deb
python3-oslo.config 1:9.1.1-2 https://snapshot.debian.org/archive/debian-ports/20230623T210953Z/pool/main/p/python-oslo.config/python3-oslo.config_9.1.1-2_all.deb
python3-oslo.context 5.1.1-2 https://snapshot.debian.org/archive/debian-ports/20230623T210953Z/pool/main/p/python-oslo.context/python3-oslo.context_5.1.1-2_all.deb
python3-oslo.db 12.3.1-2 https://snapshot.debian.org/archive/debian-ports/20230623T210953Z/pool/main/p/python-oslo.db/python3-oslo.db_12.3.1-2_all.deb
python3-oslo.i18n 6.0.0-2 https://snapshot.debian.org/archive/debian-ports/20230623T210953Z/pool/main/p/python-oslo.i18n/python3-oslo.i18n_6.0.0-2_all.deb
python3-oslo.log 5.2.0-2 https://snapshot.debian.org/archive/debian-ports/20230623T210953Z/pool/main/p/python-oslo.log/python3-oslo.log_5.2.0-2_all.deb
python3-oslo.metrics 0.6.0-3 https://snapshot.debian.org/archive/debian/20230815T213225Z/pool/main/p/python-oslo.metrics/python3-oslo.metrics_0.6.0-3_all.deb
python3-oslo.middleware 5.1.1-2 https://snapshot.debian.org/archive/debian-ports/20230623T210953Z/pool/main/p/python-oslo.middleware/python3-oslo.middleware_5.1.1-2_all.deb
python3-oslo.policy 4.1.1-2 https://snapshot.debian.org/archive/debian-ports/20230623T210953Z/pool/main/p/python-oslo.policy/python3-oslo.policy_4.1.1-2_all.deb
python3-oslo.serialization 5.1.1-2 https://snapshot.debian.org/archive/debian-ports/20230623T210953Z/pool/main/p/python-oslo.serialization/python3-oslo.serialization_5.1.1-2_all.deb
python3-oslo.service 3.1.1-2 https://snapshot.debian.org/archive/debian-ports/20230623T210953Z/pool/main/p/python-oslo.service/python3-oslo.service_3.1.1-2_all.deb
python3-oslo.upgradecheck 2.1.1-2 https://snapshot.debian.org/archive/debian-ports/20230623T210953Z/pool/main/p/python-oslo.upgradecheck/python3-oslo.upgradecheck_2.1.1-2_all.deb
python3-oslo.utils 6.1.0-2 https://snapshot.debian.org/archive/debian-ports/20230623T210953Z/pool/main/p/python-oslo.utils/python3-oslo.utils_6.1.0-2_all.deb
python3-oslo.versionedobjects 3.1.0-2 https://snapshot.debian.org/archive/debian-ports/20230623T210953Z/pool/main/p/python-oslo.versionedobjects/python3-oslo.versionedobjects_3.1.0-2_all.deb
python3-platformdirs 4.3.6-1 https://snapshot.debian.org/archive/debian/20240923T023655Z/pool/main/p/platformdirs/python3-platformdirs_4.3.6-1_all.deb
python3-pyro4  4.80-1 https://snapshot.debian.org/archive/debian/20200614T024052Z/pool/main/p/pyro4/python3-pyro4_4.80-1_all.deb
python3-serpent  1.30.2-1 https://snapshot.debian.org/archive/debian/20200212T030619Z/pool/main/s/serpent/python3-serpent_1.30.2-1_all.deb
python3-sqlalchemy 1.4.47+ds1-1 https://snapshot.debian.org/archive/debian-ports/20230401T234825Z/pool/main/s/sqlalchemy/python3-sqlalchemy_1.4.47%2Bds1-1_all.deb
python3-stevedore 5.0.0-2 https://snapshot.debian.org/archive/debian-ports/20230623T210953Z/pool/main/s/stevedore/python3-stevedore_5.0.0-2_all.deb
python3-swiftclient 1:4.2.0-2 https://snapshot.debian.org/archive/debian-ports/20230623T210953Z/pool/main/p/python-swiftclient/python3-swiftclient_4.2.0-2_all.deb
python3-typing-extensions 4.13.2-1 https://snapshot.debian.org/archive/debian-ports/20250531T195045Z/pool/main/p/python-typing-extensions/python3-typing-extensions_4.13.2-1_all.deb
