acl  2.3.2-2+b1
acpi-support-base  0.143-5.2
acpid  1:2.0.34-1+b1
adduser  3.152
alembic  1.13.2-4
ansible  12.0.0~a6+dfsg-1
ansible-core  2.19.0~beta6-1
ant  1.10.15-1
apache2  2.4.65-2
apache2-bin  2.4.65-2
apache2-data  2.4.65-2
apache2-utils  2.4.65-2
apparmor  4.1.0-1
apparmor-utils  4.1.0-1
apt  3.0.3
apt-utils  3.0.3
auditd  1:4.0.2-2+b2
augeas-lenses  1.14.1-1
augeas-tools  1.14.1-1+b3
autoconf  2.72-3.1
automake  1:1.17-4
autopoint  0.23.1-2
autotools-dev  20240727.1
avahi-daemon  0.8-16
base-files  13.8
base-passwd  3.6.7
bash  5.2.37-2+b5
bash-completion  1:2.16.0-7
bc  1.07.1-4
bind9-dnsutils  1:9.20.11-4
bind9-host  1:9.20.11-4
bind9-libs  1:9.20.11-4
binutils  2.44-3
binutils-common  2.44-3
binutils-x86-64-linux-gnu  2.44-3
bison  2:3.8.2+dfsg-1+b2
bsdextrautils  2.41-5
bsdutils  1:2.41-5
bubblewrap  0.11.0-2
busybox  1:1.37.0-6+b3
bzip2  1.0.8-6
ca-certificates  20250419
ca-certificates-java  20240118
cdebconf  0.280
cgroup-tools  3.1.0-2+b2
charon-systemd  6.0.1-6
cloud-guest-utils  0.33-1
cloud-image-utils  0.33-1
cloud-init  25.1.4-1
cloud-utils  0.33-1
cluster-glue  1.0.12-24+b1
collectd  5.12.0-26
collectd-core  5.12.0-26
conntrack  1:1.4.8-2
conntrackd  1:1.4.8-2
containerd  1.7.24~ds1-6+b4
coreutils  9.7-3
cpio  2.15+dfsg-2
cpp  4:14.2.0-1
cpp-14  14.2.0-19
cpp-14-x86-64-linux-gnu  14.2.0-19
cracklib-runtime  2.9.6-5.2+b1
cron  3.0pl1-197
cron-daemon-common  3.0pl1-197
cryptsetup-bin  2:2.7.5-2
curl  8.14.1-2
dash  0.5.12-12
dbconfig-common  2.0.25
dbus  1.16.2-2
dbus-bin  1.16.2-2
dbus-broker  37-2
dbus-daemon  1.16.2-2
dbus-session-bus-common  1.16.2-2
dbus-system-bus-common  1.16.2-2
dbus-user-session  1.16.2-2
dconf-gsettings-backend  0.40.0-5
dconf-service  0.40.0-5
debconf  1.5.91
debconf-i18n  1.5.91
debhelper  13.24.2
debian-archive-keyring  2025.1
debianutils  5.23.2
debugedit  1:5.1-2
default-jre-headless  2:1.21-76
device-tree-compiler  1.7.2-2+b1
dh-apparmor  4.1.0-1
dh-autoreconf  20
dh-golang  1.63
dh-strip-nondeterminism  1.14.1-2
diffutils  1:3.10-4
dirmngr  2.4.7-21+b3
distro-info-data  0.66
dmeventd  2:1.02.205-2
dmidecode  3.6-2
dmsetup  2:1.02.205-2
dnf  4.23.0-1
dnf-data  4.23.0-1
docker.io  26.1.5+dfsg1-9+b9
docutils-common  0.21.2+dfsg-2
dosfstools  4.2-1.2
dpkg  1.22.21
dpkg-dev  1.22.21
dracut-install  106-6
dwz  0.15-1+b1
e2fsprogs  1.47.2-3+b3
eatmydata  131-2
efibootmgr  18-2
eject  2.41-5
elfutils  0.192-4
erlang-asn1  1:27.3.4.1+dfsg-1
erlang-base  1:27.3.4.1+dfsg-1
erlang-crypto  1:27.3.4.1+dfsg-1
erlang-dev  1:27.3.4.1+dfsg-1
erlang-diameter  1:27.3.4.1+dfsg-1
erlang-edoc  1:27.3.4.1+dfsg-1
erlang-eldap  1:27.3.4.1+dfsg-1
erlang-eunit  1:27.3.4.1+dfsg-1
erlang-ftp  1:27.3.4.1+dfsg-1
erlang-inets  1:27.3.4.1+dfsg-1
erlang-mnesia  1:27.3.4.1+dfsg-1
erlang-odbc  1:27.3.4.1+dfsg-1
erlang-os-mon  1:27.3.4.1+dfsg-1
erlang-parsetools  1:27.3.4.1+dfsg-1
erlang-public-key  1:27.3.4.1+dfsg-1
erlang-runtime-tools  1:27.3.4.1+dfsg-1
erlang-snmp  1:27.3.4.1+dfsg-1
erlang-ssh  1:27.3.4.1+dfsg-1
erlang-ssl  1:27.3.4.1+dfsg-1
erlang-syntax-tools  1:27.3.4.1+dfsg-1
erlang-tftp  1:27.3.4.1+dfsg-1
erlang-tools  1:27.3.4.1+dfsg-1
erlang-xmerl  1:27.3.4.1+dfsg-1
ethtool  1:6.14.1-1
expect  5.45.4-4
facter  4.10.0-1
fdisk  2.41-5
file  1:5.46-5
findutils  4.10.0-3
firmware-amd-graphics  20250808-1~bpo13+1
firmware-ath9k-htc  1.4.0-110-ge888634+dfsg1-0.1
firmware-atheros  20250808-1~bpo13+1
firmware-bnx2  20250808-1~bpo13+1
firmware-bnx2x  20250808-1~bpo13+1
firmware-brcm80211  20250808-1~bpo13+1
firmware-cavium  20250808-1~bpo13+1
firmware-intel-sound  20250808-1~bpo13+1
firmware-iwlwifi  20250808-1~bpo13+1
firmware-libertas  20250808-1~bpo13+1
firmware-linux  20250808-1~bpo13+1
firmware-linux-free  20241210-2
firmware-linux-nonfree  20250808-1~bpo13+1
firmware-misc-nonfree  20250808-1~bpo13+1
firmware-myricom  20250808-1~bpo13+1
firmware-netronome  20250808-1~bpo13+1
firmware-netxen  20250808-1~bpo13+1
firmware-qcom-soc  20250808-1~bpo13+1
firmware-qlogic  20250808-1~bpo13+1
firmware-realtek  20250808-1~bpo13+1
firmware-samsung  20250808-1~bpo13+1
firmware-siano  20250808-1~bpo13+1
flake8  7.1.1-3
flex  2.6.4-8.2+b4
fontconfig  2.15.0-2.3
fontconfig-config  2.15.0-2.3
fonts-dejavu-core  2.37-8
fonts-dejavu-mono  2.37-8
fonts-font-awesome  5.0.10+really4.7.0~dfsg-4.1
fonts-glyphicons-halflings  1.009~3.4.1+dfsg-6
fonts-lato  2.015-1
fonts-materialdesignicons-webfont  1.6.50-3
fonts-roboto-fontface  0.5.0-3
freeipmi-common  1.6.15-1
gawk  1:5.2.1-2+b1
gcc  4:14.2.0-1
gcc-14  14.2.0-19
gcc-14-base  14.2.0-19
gcc-14-x86-64-linux-gnu  14.2.0-19
gcc-alpha-linux-gnu  4:14.2.0-1
gdisk  1.0.10-2
genisoimage  9:1.1.11-4
gettext  0.23.1-2
gettext-base  0.23.1-2
gir1.2-girepository-2.0  1.84.0-1
gir1.2-glib-2.0  2.84.3-1
gir1.2-glib-2.0-dev 2.84.3-1
gir1.2-packagekitglib-1.0  1.3.1-1
girepository-tools 2.84.3-1
glib-networking  2.80.1-1
glib-networking-common  2.80.1-1
glib-networking-services  2.80.1-1
gnupg  2.4.7-21
gnupg-l10n  2.4.7-21
gnupg-utils  2.4.7-21+b3
golang-1.22  1.22.12-3~bpo12+1  https://snapshot.debian.org/archive/debian/20250630T203427Z/pool/main/g/golang-1.22/golang-1.22_1.22.12-3~bpo12%2B1_all.deb
golang-1.22-doc  1.22.12-3~bpo12+1  https://snapshot.debian.org/archive/debian/20250630T203427Z/pool/main/g/golang-1.22/golang-1.22-doc_1.22.12-3~bpo12%2B1_all.deb
golang-1.22-go  1.22.12-3~bpo12+1  https://snapshot.debian.org/archive/debian/20250630T203427Z/pool/main/g/golang-1.22/golang-1.22-go_1.22.12-3~bpo12%2B1_amd64.deb
golang-1.22-src  1.22.12-3~bpo12+1  https://snapshot.debian.org/archive/debian/20250630T203427Z/pool/main/g/golang-1.22/golang-1.22-src_1.22.12-3~bpo12%2B1_all.deb
golang-1.23  1.23.5-1~bpo12+1  https://snapshot.debian.org/archive/debian/20250630T203427Z/pool/main/g/golang-1.23/golang-1.23_1.23.5-1~bpo12%2B1_all.deb
golang-1.23-doc  1.23.5-1~bpo12+1  https://snapshot.debian.org/archive/debian/20250630T203427Z/pool/main/g/golang-1.23/golang-1.23-doc_1.23.5-1~bpo12%2B1_all.deb
golang-1.23-go  1.23.5-1~bpo12+1  https://snapshot.debian.org/archive/debian/20250630T203427Z/pool/main/g/golang-1.23/golang-1.23-go_1.23.5-1~bpo12%2B1_amd64.deb
golang-1.23-src  1.23.5-1~bpo12+1  https://snapshot.debian.org/archive/debian/20250630T203427Z/pool/main/g/golang-1.23/golang-1.23-src_1.23.5-1~bpo12%2B1_all.deb
golang-1.24  1.24.4-1
golang-1.24-doc  1.24.4-1
golang-1.24-go  1.24.4-1
golang-1.24-src  1.24.4-1
golang-any  2:1.24~2
golang-go  2:1.24~2
golang-src  2:1.24~2
gpg  2.4.7-21+b3
gpg-agent  2.4.7-21+b3
gpg-wks-client  2.4.7-21+b3
gpg-wks-server  2.4.7-21+b3
gpgconf  2.4.7-21+b3
gpgsm  2.4.7-21+b3
gpgv  2.4.7-21+b3
gpsd  3.25-5
grep  3.11-4
groff-base  1.23.0-9
grub-common  2.12-9
grub-pc  2.12-9
grub-pc-bin  2.12-9
grub2  2.12-9
grub2-common  2.12-9
gsettings-desktop-schemas  48.0-1
gunicorn  23.0.0-1
gzip  1.13-1
hdparm  9.65+ds-1.1
hiera  3.12.0-1
hostname  3.25
ieee-data  20240722
ifenslave  2.14
ifupdown  0.8.44
init  1.68
init-system-helpers  1.68
initramfs-tools  0.148.3
initramfs-tools-bin 0.148.3
initramfs-tools-core  0.148.3
init-system-helpers  1.68
inotify-tools  4.23.9.0-2+b1
install-info  7.1.1-1+b1
intltool-debian  0.35.0+20060710.6
iotop  0.6-42-ga14256a-0.3+b1
iperf3  3.18-2
ipmitool  1.8.19-9
iproute2  6.15.0-1
iptables  1.8.11-2
iptables-persistent  1.0.23
iputils-arping  3:20240905-3
iputils-ping  3:20240905-3
iputils-tracepath  3:20240905-3
ipxe-qemu  1.21.1+git20250501.dad20602+dfsg-1
isa-support  27
isc-dhcp-client  4.4.3-P1-8
isc-dhcp-common  4.4.3-P1-8
iscsiuio  2.1.11-1
iso-codes  4.18.0-1
isomd5sum  1:1.2.3-5+b8
java-common  0.76
jruby  9.4.8.0+ds-3
kbd  2.7.1-2
kernel-wedge  2.106
keyutils  1.6.3-6
klibc-utils  2.0.14-1
kmod  34.2-2
kpartx  0.11.1-2
krb5-multidev  1.21.3-5
less  668-1
libacl1  2.3.2-2+b1
libactivation-java  1.2.0-2
libaio-dev  0.3.113-8+b1
libaio1t64  0.3.113-8+b1
libapache2-mod-wsgi-py3  5.0.2-1
libapache-pom-java  33-2
libapparmor-dev  4.1.0-1
libapparmor1  4.1.0-1
libappstream5 1.0.5-1
libapr1t64  1.7.5-1
libaprutil1-dbd-sqlite3  1.6.3-3+b1
libaprutil1-ldap  1.6.3-3+b1
libaprutil1t64  1.6.3-3+b1
libapt-pkg7.0  3.0.3
libarchive-zip-perl  1.68-1
libarchive13t64  3.7.4-4
libargon2-1  0~20190702+dfsg-4+b2
libasan8  14.2.0-19
libasm1t64  0.192-4
libasound2-data  1.2.14-1
libasound2t64  1.2.14-1
libassuan9  3.0.2-2
libatinject-jsr330-api-java  1.0+ds1-6
libatomic1  14.2.0-19
libattr1  1:2.5.2-3
libattr1-dev  1:2.5.2-3
libaudit1  1:4.0.2-2+b2
libaudit-common  1:4.0.2-2
libaudit-dev  1:4.0.2-2+b2
libaudit1  1:4.0.2-2+b2
libaugeas0  1.14.1-1+b3
libauparse0t64  1:4.0.2-2+b2
libavahi-client-dev  0.8-16
libavahi-client3  0.8-16
libavahi-common-data  0.8-16
libavahi-common-dev  0.8-16
libavahi-common3  0.8-16
libavahi-core7  0.8-16
libavahi-glib-dev  0.8-16
libavahi-glib1  0.8-16
libbabeltrace1  1.5.11-4+b2
libbackport9-java  1.10-2
libbasicobjects0t64  0.6.2-3
libbcpkix-java  1.80-3
libbcprov-java  1.80-3
libbctls-java  1.80-3
libbcutil-java  1.80-3
libbeckon-clojure  0.1.1-2
libbidi-clojure  2.1.6-2
libbinutils  2.44-3
libblas3  3.12.1-6
libblkid1  2.41-5
libblkio1  1.5.0-2
libbluetooth-dev  5.82-1.1
libbluetooth3  5.82-1.1
libboost-context1.83.0  1.83.0-4.2
libboost-filesystem1.83.0  1.83.0-4.2
libboost-iostreams1.83.0  1.83.0-4.2
libboost-locale1.83.0  1.83.0-4.2
libboost-log1.83.0  1.83.0-4.2
libboost-nowide1.83.0  1.83.0-4.2
libboost-program-options1.83.0  1.83.0-4.2
libboost-python1.83.0  1.83.0-4.2
libboost-regex1.83.0  1.83.0-4.2
libboost-thread1.83.0  1.83.0-4.2
libbpf1  1:1.5.0-3
libbrlapi0.8  6.7-3.1
libbrotli1  1.1.0-2+b7
libbsd0  0.12.2-2
libbson-1.0-0t64  1.30.4-1
libbz2-1.0  1.0.8-6
libc-ares2  1.34.5-1
libc-bin  2.41-12
libc-dev-bin  2.41-12
libc-l10n  2.41-12
libc3p0-java  0.9.1.2-10.1
libc6  2.41-12
libc6-dev  2.41-12
libc6.1-dev-alpha-cross  2.41-11cross1
libcacard-dev  1:2.8.0-3+b2
libcacard0  1:2.8.0-3+b2
libcairo2  1.18.4-1+b1
libcap-ng-dev  0.8.5-4+b1
libcap-ng0  0.8.5-4+b1
libcap2  1:2.75-10+b1
libcap2-bin  1:2.75-10+b1
libcapstone-dev  5.0.6-1
libcapstone5  5.0.6-1
libcares2  1.34.5-1
libcbor0.10  0.10.2-2
libcc1-0  14.2.0-19
libcgroup3  3.1.0-2+b2
libcheshire-clojure  5.11.0-4
libc-l10n  2.41-12
libclj-digest-clojure  1.4.9+dfsg-1
libclj-time-clojure  0.15.2-2
libclojure-java  1.12.0-1
libclout-clojure  2.1.2-2
libcollection4t64  0.6.2-3
libcom-err2  1.47.2-3+b3
libcomidi-clojure  0.3.2-2
libcommons-codec-java  1.18.0-1
libcommons-compress-java  1.27.1-2
libcommons-exec-java  1.3-3
libcommons-fileupload-java  1.5-1.1
libcommons-io-java  2.19.0-1
libcommons-lang-java  2.6-10
libcommons-logging-java  1.3.0-2
libcommons-parent-java  56-1
libcompojure-clojure  1.6.0-2
libcomps0  0.1.21-1+b3
libcore-async-clojure  1.5.648-2
libcore-cache-clojure  1.0.225-2
libcore-memoize-clojure  1.0.257-1
libcore-specs-alpha-clojure  0.4.74-1
libcpath-clojure  0.1.2-2
libcpp-hocon0.3.0t64  0.3.0-1.1+b2
libcpupower1  6.12.38-1
libcrack2  2.9.6-5.2+b1
libcrypt-dev  1:4.4.38-1
libcrypt1  1:4.4.38-1
libcrypto-equality-clojure  1.0.0-2
libcrypto-random-clojure  1.2.1-1
libcryptsetup12  2:2.7.5-2
libctf-nobfd0  2.44-3
libctf0  2.44-3
libcups2t64  2.4.10-3
libcurl3t64-gnutls  8.14.1-2
libcurl4-gnutls-dev  8.14.1-2
libcurl4-openssl-dev  8.14.1-2
libcurl4t64  8.14.1-2
libdaemon0  0.14-7.1+b3
libdata-csv-clojure  1.0.0-1
libdata-json-clojure  2.4.0-2
libdata-priority-map-clojure  1.1.0-3
libdatrie1  0.2.13-3+b1
libdaxctl1  81-1
libdb5.3t64  5.3.28+dfsg2-9
libdbi1t64  0.9.0-6.1+b1
libdbus-1-3  1.16.2-2
libdbus-1-dev  1.16.2-2
libdconf1  0.40.0-5
libdebconfclient0  0.280
libdebhelper-perl  13.24.2
libdebian-installer4  0.125
libdebuginfod-common  0.192-4
libdebuginfod1t64  0.192-4
libdevmapper-event1.02.1  2:1.02.205-2
libdevmapper1.02.1  2:1.02.205-2
libdhash1t64  0.6.2-3
libdirgra-java  0.4-2
libdnf2-common  0.74.0-1
libdnf2t64  0.74.0-1
libdouble-conversion3  3.3.1-1
libdpkg-perl  1.22.21
libdrm-amdgpu1  2.4.124-2
libdrm-common  2.4.124-2
libdrm-dev  2.4.124-2
libdrm-intel1  2.4.124-2
libdrm2  2.4.124-2
libdropwizard-metrics-java  3.2.6-1
libdujour-version-check-clojure  0.2.3-1
libduktape207  2.7.0-2+b2
libdw1t64  0.192-4
libdynapath-clojure  1.0.0-3
libeatmydata1  131-2+b1
libeclipse-jdt-core-compiler-batch-java  3.35.0+eclipse4.29-2
libeclipse-jdt-core-java  3.35.0+eclipse4.29-2
libedit2  3.1-20250104-1
libefiboot1t64  38-3.1+b1
libefivar1t64  38-3.1+b1
libeinfo1  0.56-1
libel-api-java  3.0.0-3
libelf-dev  0.192-4
libelf1t64  0.192-4
libepoxy-dev  1.5.10-2
libepoxy0  1.5.10-2
libestr0  0.1.11-2
libev4t64  1:4.33-2.1+b1
libevent-2.1-7t64  2.1.12-stable-10+b1
libevent-core-2.1-7t64  2.1.12-stable-10+b1
libexecs1  1.4-2+b2
libexpat1  2.7.1-2
libexpat1-dev  2.7.1-2
libext2fs2t64  1.47.2-3+b3
libfastjson4  1.2304.0-2
libfdisk1  2.41-5
libfdt-dev  1.7.2-2+b1
libfdt1  1.7.2-2+b1
libffi8  3.4.8-2
libfido2-1  1.15.0-1+b1
libfile-stripnondeterminism-perl  1.14.1-2
libfixposix4t64  1:0.5.1-1+nmu1.1+b1
libfmt10  10.1.1+ds1-4
libfontconfig1  2.15.0-2.3
libfreeipmi17  1.6.15-1
libfreetype-dev  2.13.3+dfsg-1
libfreetype6  2.13.3+dfsg-1
libfribidi-dev  1.0.16-1
libfribidi0  1.0.16-1
libfstrm0  0.6.1-1+b3
libfsverity0  1.6-1.2
libfuse-dev  2.9.9-9
libfuse2t64  2.9.9-9
libfuse3-4  3.17.2-3
libgbm-dev  25.0.7-2
libgbm1  25.0.7-2
libgc1  1:8.2.8-1
libgcc-14-dev  14.2.0-19
libgcc-s1  14.2.0-19
libgcrypt20  1.11.0-7
libgcrypt20-dev  1.11.0-7
libgdbm-compat4t64  1.24-2
libgdbm6t64  1.24-2
libgeoip1t64  1.6.12-11.1+b1
libgfapi0  11.1-6
libgfortran5  14.2.0-19
libgfrpc0  11.1-6
libgfxdr0  11.1-6
libgio-2.0-dev 2.84.3-1
libgio-2.0-dev-bin 2.84.3-1
libgirepository-1.0-1  1.84.0-1
libgirepository-2.0-0  2.84.3-1
libglib2.0-0t64  2.84.3-1
libglib2.0-bin  2.84.3-1
libglib2.0-dev  2.84.3-1
libglib2.0-dev-bin  2.84.3-1
libglusterfs-dev  11.1-6
libglusterfs0  11.1-6
libgmp10  2:6.3.0+dfsg-3
libgnutls-dane0t64  3.8.9-3
libgnutls-openssl27t64  3.8.9-3
libgnutls28-dev  3.8.9-3
libgnutls30t64  3.8.9-3
libgomp1  14.2.0-19
libgoogle-perftools4t64  2.16-1
libgpg-error0  1.51-4
libgpgme11t64  1.24.2-3
libgpm2  1.20.7-11+b2
libgprofng0  2.44-3
libgps30t64  3.25-5
libgraphite2-3  1.3.14-2+b1
libgssapi-krb5-2  1.21.3-5
libgssrpc4t64  1.21.3-5
libgstreamer-plugins-base1.0-0  1.26.2-1
libgstreamer1.0-0  1.26.2-2
libgtk-3-dev  3.24.49-3
libharfbuzz0b  10.2.0-1+b1
libhawtjni-runtime-java  1.18-1
libheadius-options-java  1.7-1
libhiccup-clojure  1.0.5-2
libhikaricp-java  2.7.9-1
libhogweed6t64  3.10.1-1
libhttpasyncclient-java  4.1.5-1
libhttpclient-java  4.5.14-1
libhttpcore-java  4.4.16-1
libhwasan0  14.2.0-19
libibus-1.0-dev 1.5.32-2
libibverbs1  56.1-1
libibverbs1  56.1-1
libice6  2:1.1.1-1
libicu76  76.1-4
libidn2-0  2.3.8-2
libidn2-0  2.3.8-2
libini4j-java  0.5.4-1
libini-config5t64  0.6.2-3
libinih1  59-1
libinotifytools0  4.23.9.0-2+b1
libinstaparse-clojure  1.4.7-2
libinvokebinder-java  1.14-1
libio-pty-perl  1:1.20-1+b3
libip4tc2  1.8.11-2
libip6tc2  1.8.11-2
libipa-hbac0t64  2.10.1-2+b1
libipc-run-perl  20231003.0-2
libiperf0  3.18-2
libipsec-mb2  2.0-1+b1
libisal2  2.31.1-1.1
libiscsi-dev  1.20.0-4
libiscsi7  1.20.0-4
libisl23  0.27-1
libisns0t64  0.101-1+b1
libitm1  14.2.0-19
libivykis0t64  0.43.2-1+b1
libjackson2-core-java  2.14.1-1
libjackson2-dataformat-cbor  2.7.8-5.1
libjackson2-dataformat-smile  2.7.8-5
libjanino-java  3.1.12+dfsg-1
libjansi1-java  1.18-3.1
libjansi-native-java  1.8-2
libjansson4  2.14-2+b3
libjava-classpath-clojure  1.0.0-1
libjava-jmx-clojure  0.3.4-2
libjaxb-api-java  2.3.1-1
libjcodings-java  1.0.58-1
libjemalloc2  5.3.0-3
libjetty9-extra-java  9.4.57-1
libjetty9-java  9.4.57-1
libjffi-java  1.3.13+ds-1
libjffi-jni  1.3.13+ds-1+b1
libjitescript-java  0.4.3-1
libjline2-java  2.14.6-6
libjnr-constants-java  0.10.4-2
libjnr-enxio-java  0.32.16-1
libjnr-ffi-java  2.2.15-2
libjnr-netdb-java  1.2.0+dfsg-1
libjnr-posix-java  3.1.18-1
libjnr-unixsocket-java  0.38.21-3
libjnr-x86asm-java  1.0.2-6
libjoda-time-java  2.10.14-1
libjolokia-core-java  1.7.1+dfsg-3
libjpeg62-turbo  1:2.1.5-4
libjpeg-dev  1:2.1.5-4
libjpeg62-turbo  1:2.1.5-4
libjruby-joni-java  2.2.1-1
libjruby-utils-clojure  5.2.0-1
libjs-angular-file-upload  12.2.13+dfsg-2
libjs-angular-gettext  2.3.8-2.1
libjs-angular-schema-form  0.8.13-1.1
libjs-angularjs  1.8.3-3
libjs-angularjs-smart-table  1.4.13-2
libjs-bootstrap  3.4.1+dfsg-6
libjs-bootswatch  3.3.7+dfsg2-1.1
libjs-d3  3.5.17-4
libjs-jquery  3.6.1+dfsg+~3.5.14-1
libjs-jquery-cookie  12-4
libjs-jquery-metadata  12-4
libjs-jquery-tablesorter  1:2.31.3+dfsg1-4
libjs-jquery-ui  1.13.2+dfsg-1
libjs-jquery.quicksearch  2.0.4-1.1
libjs-jsencrypt  2.3.0+dfsg2-3
libjs-lrdragndrop  1.0.2-2.1
libjs-magic-search  0.2.5-1.1
libjs-objectpath  1.2.1-2.1
libjs-rickshaw  1.5.1.dfsg-5
libjs-sphinxdoc  8.1.3-5
libjs-spin.js  1.2.8+dfsg2-1.1
libjs-term.js  0.0.7-4
libjs-tv4  1.2.7+dfsg1-3
libjs-twitter-bootstrap-datepicker  1.3.1+dfsg1-4.1
libjs-underscore  1.13.4~dfsg+~1.11.4-3
libjson-c-dev  0.18+ds-1
libjson-c5  0.18+ds-1
libjson-perl  4.10000-1
libjson-simple-java  2.3.0-2
libjsp-api-java  2.3.4-3
libjsr166y-java  1.7.0-3
libjzlib-java  1.1.3-3
libk5crypto3  1.21.3-5
libkadm5clnt-mit12  1.21.3-5
libkadm5srv-mit12  1.21.3-5
libkeyutils1  1.6.3-6
libkitchensink-clojure  3.4.0-1
libklibc  2.0.14-1
libkmod2  34.2-2
libkrb5-3  1.21.3-5
libkrb5-dev  1.21.3-5
libkrb5support0  1.21.3-5
libksba8  1.6.7-2+b1
liblapack3  3.12.1-6
liblastlog2-2  2.41-5
liblazymap-clojure  3.1.1-3
liblbfgsb0  3.0+dfsg.4-1+b2
liblcms2-2  2.16-2
libldap2  2.6.10+dfsg-1
libldb2  2:2.11.0+samba4.22.3+dfsg-4
libleatherman1.12.1t64  1.12.1+dfsg-1.3+b3
libleveldb1d  1.23-5+b2
libliberator-clojure  0.15.3-1
libllvm19  1:19.1.7-3+b1
liblmdb0  0.9.31-1+b2
liblocale-gettext-perl  1.07-7+b1
liblogback-java  1:1.2.11-6
liblognorm5  2.0.6-5
liblrm2t64  1.0.12-24+b1
liblsan0  14.2.0-19
liblsof0  4.99.4+dfsg-2
libltdl7  2.5.4-4
liblua5.2-0  5.2.4-3+b3
liblua5.3-0  5.3.6-2+b4
liblua5.3-dev  5.3.6-2+b4
liblua5.4-0  5.4.7-1+b2
liblvm2cmd2.03  2.03.31-2
liblz4-1  1.10.0-4
liblzma5  5.8.1-1
libmagic-mgc  1:5.46-5
libmagic1t64  1:5.46-5
libmail-java  1.6.5-3
libmariadb-dev  1:11.8.2-1
libmariadb-dev-compat  1:11.8.2-1
libmariadb3  1:11.8.2-1
libmaxminddb0  1.12.2-1
libmd0  1.1.0-2+b1
libmedley-clojure  1.0.0-2
libmm-glib0  1.24.0-1
libmnl0  1.0.5-3
libmodulemd2  2.15.0-1
libmongoc-1.0-0t64  1.30.4-1
libmongocrypt0  1.13.2-1
libmount1  2.41-5
libmpc3  1.3.1-1+b3
libmpfr6  4.2.2-1
libncurses-dev  6.5+20250216-2
libncurses6  6.5+20250216-2
libncursesw6  6.5+20250216-2
libndctl6  81-1
libndp0  1.9-1+b1
libnet-ntp-perl  1.5-3
libnet1  1.3+dfsg-2
libnetfilter-conntrack3  1.1.0-1
libnetfilter-cthelper0  1.0.1-4+b2
libnetfilter-queue1  1.0.5-4+b1
libnetsnmptrapd40t64  5.9.4+dfsg-2
libnettle8t64  3.10.1-1
libnettle8t64  3.10.1-1
libnewt0.52  0.52.25-1
libnfnetlink0  1.0.2-3
libnfs-dev  5.0.2-1+b2
libnfs14  5.0.2-1+b2
libnfsidmap1  1:2.8.3-1
libnftables1  1.1.3-1
libnftnl11  1.2.9-1
libnghttp2-14  1.64.0-1.1
libnghttp3-9  1.8.0-1
libngtcp2-16  1.11.0-1
libngtcp2-crypto-gnutls8  1.11.0-1
libnl-3-200  3.7.0-2
libnl-3-dev  3.7.0-2
libnl-cli-3-200  3.7.0-2
libnl-genl-3-200  3.7.0-2
libnl-nf-3-200  3.7.0-2
libnl-route-3-200  3.7.0-2
libnl-route-3-dev  3.7.0-2
libnm0  1.52.1-1
libnorm1t64  1.5.9+dfsg-3.1+b2
libnpth0t64  1.8-3
libnsl-dev  1.3.0-3+b3
libnsl2  1.3.0-3+b3
libnspr4  2:4.36-1
libnss-cache  0.22-1
libnss-mdns  0.15.1-4+b1
libnss-sss  2.10.1-2+b1
libnss-sudo  1.9.16p2-3
libnss3  2:3.110-1
libnss3-dev  2:3.110-1
libnuma-dev  2.0.19-1
libnuma1  2.0.19-1
libnvme1t64  1.13-2
liboath0t64  2.6.12-1
libodbc2  2.3.12-2
libopencsd1  1.5.5-1
libopendbx1t64  1.4.6-18
libopenhpi3  3.8.0-2.3
libopenipmi0t64  2.0.37-1
libopeniscsiusr  2.1.11-1
libopenscap33  1.4.2+dfsg-1
libopenscap-dev  1.4.2+dfsg-1
libopenscap-perl  1.4.2+dfsg-1
libopentracing1  1.6.0-4+b2
libopentracing-c-wrapper0t64  1.1.3-3.1+b1
libopts25  1:5.18.16-7
libopus0  1.5.2-2
liborc-0.4-0t64  1:0.4.41-1
libordered-clojure  1.15.12-1
libp11-kit0  0.25.5-3
libpackagekit-glib2-18  1.3.1-1
libpam-modules  1.7.0-5
libpam-modules-bin  1.7.0-5
libpam-pwquality  1.4.5-5
libpam-runtime  1.7.0-5
libpam-sss  2.10.1-2+b1
libpam-systemd  257.7-1
libpam0g  1.7.0-5
libpango-1.0-0  1.56.3-1
libpangocairo-1.0-0  1.56.3-1
libpangoft2-1.0-0  1.56.3-1
libparted2t64  3.6-5
libpath-utils1t64  0.6.2-3
libpcap0.8-dev  1.10.5-2
libpcap0.8t64  1.10.5-2
libpci3  1:3.13.0-2
libpciaccess0  0.17-3+b3
libpciaccess-dev  0.17-3+b3
libpciaccess0  0.17-3+b3
libpcre2-8-0  10.45-1
libpcre2-16-0 10.45-1
libpcre2-32-0 10.45-1
libpcre2-dev 10.45-1
libpcre2-posix3 10.45-1
libpcsclite1  2.3.3-1
libperl5.40  5.40.1-6
libpgm-5.3-0t64  5.3.128~dfsg-2.1+b1
libpils2t64  1.0.12-24+b1
libpipeline1  1.5.8-1
libpixman-1-0  0.44.0-3
libpixman-1-dev  0.44.0-3
libplumb2t64  1.0.12-24+b1
libplumbgpl2t64  1.0.12-24+b1
libpmem1  1.13.1-1.1+b1
libpmem-dev  1.13.1-1.1+b1
libpmem1  1.13.1-1.1+b1
libpng-dev  1.6.48-1
libpng16-16t64  1.6.48-1
libpolkit-agent-1-0  126-2
libpolkit-gobject-1-0  126-2
libpolkit-gobject-1-dev  126-2
libpopt0  1.19+dfsg-2
libpq-dev  17.5-1
libpq5  17.5-1
libprismatic-plumbing-clojure  0.6.0-4
libprismatic-schema-clojure  1.2.0-6
libproc2-0  2:4.0.4-9
libprotobuf-c1  1.5.1-1
libproxy1v5  0.5.9-1
libpsl5t64  0.21.2-1.1+b1
libpsl5t64  0.21.2-1.1+b1
libpuppetlabs-http-client-clojure  2.1.1-2
libpuppetlabs-i18n-clojure  0.9.2-2
libpuppetlabs-ring-middleware-clojure  2.0.4-1
libpwquality-common  1.4.5-5
libpwquality1  1.4.5-5
libpython3-dev  3.13.5-1
libpython3-stdlib  3.13.5-1
libpython3.13  3.13.5-2
libpython3.13-dev  3.13.5-2
libpython3.13-minimal  3.13.5-2
libpython3.13-stdlib  3.13.5-2
libpython3-dev  3.13.5-1
libpython3-stdlib  3.13.5-1
libqb100 2.0.8-2+b1
libquadmath0  14.2.0-19
libquartz2-java  2.3.2-4
librabbitmq4  0.15.0-1
librados-dev  18.2.7+ds-1
librbd-dev  18.2.7+ds-1
librdkafka1  2.8.0-1
librdmacm1t64  56.1-1
libreadline-dev  8.2-6
libreadline8t64  8.2-6
libref-array1t64  0.6.2-3
librepo0  1.19.0-1+b1
libring-anti-forgery-clojure  1.1.0-2
libring-codec-clojure  1.2.0-1
libring-core-clojure  1.8.2-3
libring-defaults-clojure  0.3.1-2
libring-headers-clojure  0.3.0-2
libring-json-clojure  0.4.0-2
libring-mock-clojure  0.4.0-2
libring-servlet-clojure  1.8.2-3
libring-ssl-clojure  0.3.0-2
librpm10  4.20.1+dfsg-3
librpmbuild10  4.20.1+dfsg-3
librpmio10  4.20.1+dfsg-3
librpmsign10  4.20.1+dfsg-3
librpm-sequoia-1  1.8.0-2
librrd8t64  1.7.2-4.2+b5
librte-cryptodev25  24.11.2-2
librte-dmadev25  24.11.2-2
librte-eal25  24.11.2-2
librte-ethdev25  24.11.2-2
librte-hash25  24.11.2-2
librte-kvargs25  24.11.2-2
librte-log25  24.11.2-2
librte-mbuf25  24.11.2-2
librte-mempool25  24.11.2-2
librte-meter25  24.11.2-2
librte-net25  24.11.2-2
librte-pci25  24.11.2-2
librte-rcu25  24.11.2-2
librte-ring25  24.11.2-2
librte-telemetry25  24.11.2-2
librte-vhost25  24.11.2-2
librtmp1  2.4+20151223.gitfa8646d.1-2+b5
libruby  1:3.3+b1
libruby3.3  3.3.8-2
libsanlock-client1  3.9.5-1
libsanlock-dev  3.9.5-1
libsasl2-2  2.1.28+dfsg1-9
libsasl2-dev  2.1.28+dfsg1-9
libsasl2-modules-db  2.1.28+dfsg1-9
libsass1  3.6.5+20231221-3+b1
libsctp1  1.0.21+dfsg-1
libsdl2-dev 2.32.4+dfsg-1
libsdl2-compat-dev 2.32.54+ds-1
libsdl3-dev 3.2.10+ds-1
libseccomp-dev  2.6.0-2
libseccomp2  2.6.0-2
libsecret-1-0  0.21.7-1
libsecret-common  0.21.7-1
libselinux1  3.8.1-1
libselinux1-dev  3.8.1-1
libsemanage2  3.8.1-1
libsemanage-common  3.8.1-1
libsemanage2  3.8.1-1
libsemver-clojure  0.3.0-2
libsensors5  1:3.6.2-2
libsensors-config  1:3.6.2-2
libsensors5  1:3.6.2-2
libsepol2  3.8.1-1
libservlet-api-java  4.0.1-2
libsframe1  2.44-3
libsgutils2-1.48  1.48-2
libshell-utils-clojure  2.0.0-1
libsigsegv2  2.14-1+b2
libslang2  2.3.3-5+b2
libslf4j-java  1.7.32-2
libslingshot-clojure  0.12.2-3
libslirp-dev  4.8.0-1+b1
libslirp0  4.8.0-1+b1
libsm6  2:1.2.6-1
libsmartcols1  2.41-5
libsmbclient0  2:4.22.3+dfsg-4
libsnakeyaml-engine-java  2.7+ds-3
libsnappy1v5  1.2.2-1
libsnmp-base  5.9.4+dfsg-2
libsnmp-dev  5.9.4+dfsg-2
libsnmp40t64  5.9.4+dfsg-2
libsodium23  1.0.18-1+b2
libsolv1  0.7.32-1
libsolvext1  0.7.32-1
libsoup-2.4-1  2.74.3-10.1
libsoup2.4-common  2.74.3-10.1
libspec-alpha-clojure  0.5.238-1
libspice-server1  0.15.2-1+b1
libspice-server-dev  0.15.2-1+b1
libspice-server1  0.15.2-1+b1
libspring-beans-java  4.3.30-3
libspring-core-java  4.3.30-3
libsqlite3-0  3.46.1-7
libss2  1.47.2-3+b3
libssh-4  0.11.2-1
libssh-dev  0.11.2-1
libssh2-1-dev  1.11.1-1
libssh2-1t64  1.11.1-1
libssl-dev  3.5.1-1
libssl-utils-clojure  3.5.3-2
libssl3t64  3.5.1-1
libssl3t64  3.5.1-1
libsss-certmap0  2.10.1-2+b1
libsss-idmap0  2.10.1-2+b1
libsss-nss-idmap0  2.10.1-2+b1
libsss-sudo  2.10.1-2+b1
libstdc++6  14.2.0-19
libstemmer0d 2.2.0-4+b2
libstonith1t64  1.0.12-24+b1
libstrongswan  6.0.1-6
libsub-override-perl  0.12-1
libsystemd-shared  257.7-1
libsystemd0  257.7-1
libtaglibs-standard-impl-java  1.2.5-3
libtaglibs-standard-spec-java  1.2.5-3
libtalloc2  2:2.4.3+samba4.22.3+dfsg-4
libtasn1-6  4.20.0-2
libtcl8.6  8.6.16+dfsg-1
libtcmalloc-minimal4t64  2.16-1
libtdb1  2:1.4.13+samba4.22.3+dfsg-4
libteam-utils  1.31-1+b2
libteam5  1.31-1+b2
libteamdctl0  1.31-1+b2
libtevent0t64  2:0.16.2+samba4.22.3+dfsg-4
libtext-charwidth-perl  0.04-11+b4
libtext-iconv-perl  1.7-8+b4
libtext-wrapi18n-perl  0.06-10
libtextwrap1  0.1-17+b1
libthai-data  0.1.29-2
libthai0  0.1.29-2+b1
libtigris-clojure  0.1.2-2
libtimedate-perl  2.3300-2
libtinfo6  6.5+20250216-2
libtirpc3t64  1.3.6+ds-1
libtirpc-common  1.3.6+ds-1
libtirpc-dev  1.3.6+ds-1
libtirpc3t64  1.3.6+ds-1
libtomcat9-java  9.0.95-1
libtool  2.5.4-4
libtools-analyzer-clojure  1.1.1-2
libtools-analyzer-jvm-clojure  1.2.3-1
libtools-cli-clojure  1.0.206-2
libtools-logging-clojure  1.2.4-2
libtools-macro-clojure  0.1.5-2
libtools-reader-clojure  1.3.6-2
libtraceevent1  1:1.8.4-2
libtrapperkeeper-authorization-clojure  2.0.1-2
libtrapperkeeper-clojure  4.0.2-1
libtrapperkeeper-comidi-metrics-clojure  0.1.2-2
libtrapperkeeper-filesystem-watcher-clojure  1.2.6-1
libtrapperkeeper-metrics-clojure  1.5.0-5
libtrapperkeeper-scheduler-clojure  1.1.3-7
libtrapperkeeper-status-clojure  1.1.1-5
libtrapperkeeper-webserver-jetty9-clojure  4.5.2-2
libtsan2  14.2.0-19
libtypesafe-config-clojure  0.1.5-2
libtypesafe-config-java  1.3.1-2.1
libubsan1  14.2.0-19
libuchardet0  0.0.8-1+b2
libudev1  257.7-1
libunbound-dev  1.22.0-2
libunbound8  1.22.0-2
libunistring5  1.3-2
libunwind8  1.8.1-0.1
liburcu8t64  0.15.2-2
liburing-dev  2.9-1
liburing2  2.9-1
libusb-1.0-0  2:1.0.28-1
libusb-1.0-0-dev  2:1.0.28-1
libusbredirparser-dev  0.15.0-1
libusbredirparser1t64  0.15.0-1
libutempter0  1.2.1-4
libutf8proc3  2.9.0-1+b2
libuuid1  2.41-5
libuv1t64  1.50.0-2
libva-drm2  2.22.0-3
libva2  2.22.0-3
libvdeplug-dev  4.0.1-5.1+b1
libvdeplug2t64  4.0.1-5.1+b1
libversioneer-clojure  0.2.0-1
libvirglrenderer-dev  1.1.0-2
libvirglrenderer1  1.1.0-2
libvte-2.91-dev  0.80.1-1
libvulkan1  1.4.309.0-1
libwayland-server0  1.23.1-3
libwbclient0  2:4.22.3+dfsg-4
libwebsocket-api-java  1.1-2
libwireshark-dev  4.4.7-1
libwiretap-dev  4.4.7-1
libwrap0  7.6.q-36
libwtmpdb0  0.73.0-3
libx11-6  2:1.8.12-1
libx11-data  2:1.8.12-1
libx11-dev  2:1.8.12-1
libx11-xcb1  2:1.8.12-1
libxau6  1:1.0.11-1
libxcb1  1.17.0-2+b1
libxcb-dri3-0  1.17.0-2+b1
libxcb-present0  1.17.0-2+b1
libxcb-randr0  1.17.0-2+b1
libxcb-render0  1.17.0-2+b1
libxcb-shm0  1.17.0-2+b1
libxcb-sync1  1.17.0-2+b1
libxcb-xfixes0  1.17.0-2+b1
libxcb1  1.17.0-2+b1
libxdmcp6  1:1.1.5-1
libxdp1  1.5.4-1
libxencall1  4.20.0+68-g35cb38b222-1
libxen-dev  4.20.0+68-g35cb38b222-1
libxencall1  4.20.0+68-g35cb38b222-1
libxendevicemodel1  4.20.0+68-g35cb38b222-1
libxenevtchn1  4.20.0+68-g35cb38b222-1
libxenforeignmemory1  4.20.0+68-g35cb38b222-1
libxengnttab1  4.20.0+68-g35cb38b222-1
libxenhypfs1  4.20.0+68-g35cb38b222-1
libxenmisc4.20  4.20.0+68-g35cb38b222-1
libxenstore4  4.20.0+68-g35cb38b222-1
libxentoolcore1  4.20.0+68-g35cb38b222-1
libxentoollog1  4.20.0+68-g35cb38b222-1
libxext6  2:1.3.4-1+b3
libxml2  2.12.7+dfsg+really2.9.14-2.1
libxml2-dev  2.12.7+dfsg+really2.9.14-2.1
libxml2-utils  2.12.7+dfsg+really2.9.14-2.1
libxmlb2 0.3.22-1
libxmlsec1t64  1.2.41-1+b1
libxmlsec1t64-openssl  1.2.41-1+b1
libxmu6  2:1.1.3-3+b4
libxrender1  1:0.9.12-1
libxshmfence1  1.3.3-1
libxslt1-dev  1.1.35-1.2
libxslt1.1  1.1.35-1.2
libxt6t64  1:1.2.1-1.2+b2
libxtables12  1.8.11-2
libxxhash0  0.8.3-2
libxz-java  1.9-1
libyajl-dev  2.1.0-5+b2
libyajl2  2.1.0-5+b2
libyaml-0-2  0.2.5-2
libyaml-cpp0.8  0.8.0+dfsg-7
libyaml-snake-java  2.0+ds+really1.33-1
libz3-4  4.13.3-1
libzmq5  4.3.5-1+b3
libzstd1  1.5.7+dfsg-1
linux-base  4.12
linux-cpupower  6.12.38-1
linux-image-amd64  6.12.38-1
linux-image-6.12.38+deb13-amd64  6.12.38-1
linux-libc-dev  6.12.38-1
locales  2.41-12
locales-all  2.41-12
login  1:4.16.0-2+really2.41-5
login  1:4.16.0-2+really2.41-5
login.defs  1:4.17.4-2
logrotate  3.22.0-1
logsave  1.47.2-3+b3
lsb-base  11.6
lsb-release  12.1-1
lsof  4.99.4+dfsg-2
lvm2  2.03.31-2
m4  1.4.19-8
mailcap  3.74
make  4.4.1-2
man-db  2.13.1-1
mariadb-common  1:11.8.2-1
mawk  1.3.4.20250131-1
mdadm  4.4-11
media-types  13.0.0
memcached  1.6.38-1
mesa-libgallium  25.0.7-2
meson  1.7.0-1
mksh  59c-41
mokutil  0.7.2-1
mount  2.41-5
multipath-tools  0.11.1-2
multipath-tools-boot  0.11.1-2
mysql-common  5.8+1.1.1
nano  8.4-1
ncat  7.95+dfsg-3
ncurses-base  6.5+20250216-2
ncurses-bin  6.5+20250216-2
ndisc6  1.0.7-1
net-tools  2.10-1.3
netbase  6.5
netcat-openbsd  1.229-1
netfilter-persistent  1.0.23
nettle-dev  3.10.1-1
nfs-common  1:2.8.3-1
nfs-kernel-server  1:2.8.3-1
nftables  1.1.3-1
ninja-build  1.12.1-1
# ntp  1:4.2.8p15+dfsg-2~1.2.3+dfsg1-3
# ntpdate  1:4.2.8p15+dfsg-2~1.2.3+dfsg1-3
ntpsec  1.2.3+dfsg1-8
ntpsec-ntpdate  1.2.3+dfsg1-8
ntpsec-ntpdig  1.2.3+dfsg1-8
numad  0.5+20150602-8+b2
nvme-cli  2.13-2
open-iscsi  2.1.11-1
openjdk-21-jre-headless  21.0.8+9-1
openscap-common  1.4.2+dfsg-1
openscap-doc  1.4.2+dfsg-1
openscap-scanner  1.4.2+dfsg-1
openscap-utils  1.4.2+dfsg-1
openssh-client  1:10.0p1-7
openssh-server  1:10.0p1-7
openssh-sftp-server  1:10.0p1-7
openssl  3.5.1-1
openssl-provider-legacy  3.5.1-1
original-awk  2025-01-16-1
ovmf  2025.02-8
packagekit 1.3.1-1
parted  3.6-5
passwd  1:4.17.4-2
passwd  1:4.17.4-2
patch  2.8-2
pci.ids  0.0~2025.06.09-1
pciutils  1:3.13.0-2
perl  5.40.1-6
perl-base  5.40.1-6
perl-modules-5.40  5.40.1-6
pinentry-curses  1.3.1-2
pipexec  2.6.2-1
pm-utils  1.4.1-21
po-debconf  1.0.21+nmu1
polkitd  126-2
postgresql-17  17.5-1
postgresql-client-17  17.5-1
postgresql-client-common  278
postgresql-common  278
postgresql-common-dev  278
postgresql-common-dev  278
powermgmt-base  1.38
procps  2:4.0.4-9
psmisc  23.7-2
puppet  8.10.0-5
puppet-agent  8.10.0-5
puppet-module-adrienthebo-filemapper  1.1.3-2
# puppet-module-asciiduck-sssd  0.3.0-1.1
puppet-module-barbican  25.0.0-5
puppet-module-camptocamp-kmod  2.1.1-3
puppet-module-duritong-sysctl  0.0.11-3
puppet-module-keystone  25.0.0-4
puppet-module-nanliu-staging  1.0.4-3
puppet-module-openstacklib  25.0.0-1
puppet-module-oslo  25.0.0-2
puppet-module-puppetlabs-apache  12.2.0-1
puppet-module-puppetlabs-apt  9.4.0-1
puppet-module-puppetlabs-concat  7.3.1-2
puppet-module-puppetlabs-firewall  8.1.7-1
puppet-module-puppetlabs-inifile  5.4.0-1
puppet-module-puppetlabs-mount-core  1.0.4+dfsg1-2
puppet-module-puppetlabs-mysql  15.0.0-3
puppet-module-puppetlabs-postgresql  10.5.0-1
puppet-module-puppetlabs-rabbitmq  8.5.0-8
puppet-module-puppetlabs-stdlib  9.4.1-1
puppet-module-puppetlabs-translate  2.2.0-1
puppet-module-voxpupuli-collectd  11.0.0-4
puppet-module-vswitch  21.0.0-1
pv  1.9.31-1
pycadf-common  4.0.1-1
python-apt-common  3.0.0
python-babel-localedata  2.17.0-1
python-is-python3  3.13.3-1
python-pastedeploy-tpl  3.1-1
python3  3.13.5-1
python3-aiohappyeyeballs  2.6.1-1
python3-aiohttp  3.11.16-1
python3-aiosignal  1.3.2-1
python3-alabaster  0.7.16-0.1
python3-alembic  1.13.2-4
python3-amqp  5.3.1-2
python3-aniso8601  10.0.1-1
python3-anyjson  0.3.3-5
python3-apparmor  4.1.0-1
python3-apt  3.0.0
python3-argcomplete  3.6.2-1
python3-asgiref  3.8.1-1
python3-async-timeout  5.0.1-1
python3-attr  25.3.0-1
python3-autocommand  2.2.2-3
python3-autopage  0.4.0-4
python3-babel  2.17.0-1
python3-barbicanclient  7.1.0-3
python3-bcrypt  4.2.0-2.1+b1
python3-binary-memcached  0.31.2+dfsg1-4
python3-blinker  1.9.0-1
python3-boto3  1.37.9-1
python3-botocore  1.37.9+repack-1
python3-bs4  4.13.4-2
python3-bson  4.10.1-6
python3-build 1.2.2-2
python3-cachetools  5.3.3-1
python3-calmjs  3.4.2-4
python3-calmjs.parse  1.2.5-6
python3-calmjs.types  1.0.1-6
python3-castellan  5.2.1-2
python3-cbor2  5.6.5-1
python3-certifi  2025.1.31+ds-1
python3-cffi  1.17.1-3
python3-cffi-backend  1.17.1-3
python3-chardet  5.2.0+dfsg-2
python3-charset-normalizer  3.4.2-1
python3-cheroot  10.0.1+ds1-4
python3-cherrypy3  18.10.0-1
python3-cinderclient  1:9.7.0-2
python3-click  8.2.0+0.really.8.1.8-1
python3-cliff  4.9.1-2
python3-cmd2  2.5.11+ds-1
python3-colorama  0.4.6-4
python3-commonmark  0.9.1-8
python3-configobj  5.0.9-1
python3-configshell-fb  1:2.0.0-2
python3-confluent-kafka  1.7.0-4+b4
python3-coverage  7.6.0+dfsg1-2+b2
python3-cryptography  43.0.0-3
python3-csscompressor  0.9.5-6
python3-daemon  3.1.2-2
python3-dateutil  2.9.0-4
python3-dbus  1.4.0-1
python3-debtcollector  3.0.0-5
python3-decorator  5.2.1-2
python3-defusedxml  0.7.1-3
python3-deprecated  1.2.18-1
python3-deprecation  2.1.0-4
python3-dev  3.13.5-1
python3-distro 1.9.0-1
python3-distutils-extra  3.1
python3-django  3:4.2.23-1
python3-django-appconf  1.0.6-3
python3-django-compressor  4.5.1-4
python3-django-debreach  2.1.0-3
python3-django-pyscss  2.0.3-5
python3-dnf  4.23.0-1
python3-dnspython  2.7.0-1
python3-docutils  0.21.2+dfsg-2
python3-dogpile.cache  1.3.3-1
python3-editor  1.0.3-10
python3-elementpath  4.8.0-1
python3-enmerkar  0.7.1-8
python3-eventlet  0.39.1-2
python3-extras  1.0.0-6
python3-falcon  3.1.1-5+b1
python3-fasteners  0.18-2
python3-fissix  24.4.24-2
python3-fixtures  4.1.0-3
python3-flake8  7.1.1-3
python3-flask  3.1.1-1
python3-flask-restful  0.3.10-5
python3-frozenlist  1.6.0-1
python3-futurist  3.1.0-2
python3-futurist  3.1.0-2
python3-gevent  24.11.1-1+b1
python3-gi  3.50.0-4+b1
python3-glanceclient  1:4.8.0-2
python3-google-auth  2.28.2-3
python3-gpg  1.24.2-3
python3-gps  3.25-5
python3-greenlet  3.1.0-1+b2
python3-gunicorn  23.0.0-1
python3-hawkey  0.74.0-1
python3-html5lib  1.2-2
python3-httplib2  0.22.0-1
python3-idna  3.10-1
python3-imagesize  1.4.1-1
python3-importlib-metadata  8.7.0-1
python3-importlib-resources  6.5.2-1
python3-inflect  7.3.1-2
python3-iso8601  2.1.0-2
python3-itsdangerous  2.2.0-2
python3-jaraco.classes  3.4.0-1
python3-jaraco.collections  5.1.0-1
python3-jaraco.context  6.0.1-1
python3-jaraco.functools  4.1.0-1
python3-jaraco.text  4.0.0-1
python3-jeepney  0.9.0-1
python3-jinja2  3.1.6-1
python3-jmespath  1.0.1-1
python3-joblib  1.4.2-4
python3-json-pointer  2.4-3
python3-jsonpatch  1.32-5
python3-jsonpath-rw  1.4.0-7
python3-jsonschema  4.19.2-6
python3-jsonschema-specifications  2023.12.1-2
python3-jwcrypto  1.5.6-1
python3-jwt  2.10.1-2
python3-keyring  25.6.0-2
python3-keystoneauth1  5.10.0-2
python3-keystoneclient  1:5.6.0-2
python3-keystonemiddleware  10.9.0-2
python3-kombu  5.5.3-1
python3-lazr.restfulclient 0.14.6-3
python3-lazr.uri 1.0.6-6
python3-ldap  3.4.4-1+b5
python3-ldap3  2.9.1-2
python3-ldappool  3.0.0-5
python3-ldb  2:2.11.0+samba4.22.3+dfsg-4
python3-legacy-cgi  2.6.3-1
python3-legacycrypt  0.3-2
python3-libapparmor  4.1.0-1
python3-libcomps  0.1.21-1+b3
python3-libdnf  0.74.0-1
python3-libsass  0.23.0-0.1
python3-linkify-it 2.0.3-1
python3-linux-procfs  0.7.3-3
python3-lockfile  1:0.12.2-4
python3-logutils  0.3.5-5
python3-lxml  5.4.0-1
python3-lz4  4.4.0+dfsg-2
python3-mako  1.3.9-1
python3-markdown-it 3.0.0-3
python3-markupsafe  2.1.5-1+b3
python3-mccabe  0.7.0-1
python3-mdurl 0.1.2-1
python3-mechanize  1:0.4.10+ds-4
python3-memcache  1.62-3
python3-microversion-parse  1.0.1-3
python3-mimeparse  2.0.0-2
python3-minimal  3.13.5-1
python3-monotonic  1.6-3
python3-more-itertools  10.7.0-1
python3-msgpack  1.0.3-3+b4
python3-multidict  6.4.3-1
python3-munch  4.0.0-2
python3-mysqldb  1.4.6-2+b5
python3-nacl  1.5.0-7
python3-netaddr  1.3.0-1
python3-netifaces  0.11.0-2+b6
python3-neutronclient  1:11.4.0-2
python3-novaclient  2:18.9.0-2
python3-ntp  1.2.3+dfsg1-8
python3-numpy  1:2.2.4+ds-1
python3-numpy-dev  1:2.2.4+ds-1
python3-oauthlib  3.2.2-3
python3-openscap  1.4.2+dfsg-1
python3-openssl  25.0.0-1
python3-openstacksdk  4.4.0-5
python3-os-client-config  2.1.0-3
python3-os-service-types  1.7.0-5
python3-oslo.cache  3.10.1-3
python3-oslo.concurrency  7.1.0-3
python3-oslo.config  1:9.7.1-3
python3-oslo.context  5.7.1-3
python3-oslo.db  17.2.1-2
python3-oslo.i18n  6.5.1-3
python3-oslo.log  7.1.0-4
python3-oslo.messaging  16.1.0-3
python3-oslo.metrics  0.11.0-3
python3-oslo.middleware  6.3.1-3
python3-oslo.policy  4.5.1-3
python3-oslo.rootwrap  7.5.1-3
python3-oslo.serialization  5.7.0-3
python3-oslo.service  4.1.1-2
python3-oslo.upgradecheck  2.5.0-3
python3-oslo.utils  8.2.0-4
python3-oslo.versionedobjects  3.6.0-3
python3-osprofiler  4.2.0-6
python3-os-service-types  1.7.0-5
python3-packaging  25.0-1
python3-paramiko  3.5.1-3
python3-parted  3.13.0-1+b3
python3-passlib  1.7.4-6
python3-paste  3.10.1-1
python3-pastedeploy  3.1-1
python3-pastedeploy-tpl  3.1-1
python3-pastescript  3.7.0-1
python3-pbr  6.1.1-2
python3-pecan  1.5.1-6
python3-pexpect  4.9-3
python3-pip  25.1.1+dfsg-1
python3-pip-whl  25.1.1+dfsg-1
python3-pkg-resources  78.1.1-0.1
python3-platformdirs  4.3.7-1
python3-ply  3.11-9
python3-portend  3.2.0-1
python3-prettytable  3.15.1-1
python3-prometheus-client  0.21.1+ds1-1
python3-propcache  0.3.1-1
python3-psutil  7.0.0-2
python3-psycopg2  2.9.10-1+b1
python3-ptyprocess  0.7.0-6
python3-pyasn1  0.6.1-1
python3-pyasn1-modules  0.4.1-2
python3-pyasyncore  1.0.2-3
python3-pycadf  4.0.1-1
python3-pycodestyle  2.12.1-2
python3-pycparser  2.22-2
python3-pycryptodome  3.20.0+dfsg-3
python3-pycurl  7.45.6-1
python3-pyelftools  0.32-1
python3-pyflakes  3.2.0-3
python3-pyghmi  1.5.70-4
python3-pygments  2.18.0+dfsg-2
python3-pyinotify  0.9.6-5
python3-pymemcache  4.0.0-8
python3-pymongo  4.10.1-6
python3-pymysql  1.1.1-2
python3-pyparsing  3.1.2-1
python3-pyperclip  1.8.2-2
python3-pyproject-hooks  1.2.0-1
python3-pyrsistent  0.20.0-2+b1
python3-pysaml2  7.5.0-4
python3-pyscss  1.4.0-5
python3-pytz  2025.2-3
python3-pyu2f  0.1.5-4
python3-pyudev  0.24.3-1
python3-q-text-as-data  3.1.6-4
python3-rapidjson  1.4-3+b1
python3-rcssmin  1:1.1.2-4+b1
python3-redis  6.1.0-2
python3-referencing  0.36.2-1
python3-repoze.lru  0.7-3
python3-repoze.who  3.0.0-4
python3-repoze.who  3.0.0-4
python3-requests  2.32.3+dfsg-5
python3-requests-oauthlib  1.3.1-1
python3-requests-toolbelt  1.0.0-4
python3-requests-unixsocket  0.3.0-6
python3-requestsexceptions  1.4.0-5
python3-resolvelib  1.1.0-1
python3-responses  0.25.7-1
python3-retrying  1.3.3-4
python3-rfc3986  2.0.0-3
python3-rich  13.9.4-1
python3-rjsmin  1.2.0+dfsg1-2+b7
python3-roman  5.0-1
python3-routes  2.5.1-7
python3-rpds-py  0.21.0-2+b1
python3-rpm  4.20.1+dfsg-3
python3-rsa  4.9-2
python3-rtslib-fb  2.1.76-3
python3-ruamel.yaml  0.18.10+ds-1
python3-ruamel.yaml.clib  0.2.12+ds-1+b1
python3-s3transfer  0.11.4-1
python3-scapy  2.6.1+dfsg-1
python3-scipy  1.15.3-1
python3-scrypt  0.8.27-2+b1
python3-secretstorage  3.3.3-3
python3-semantic-version  2.10.0-3
python3-setuptools  78.1.1-0.1
python3-sh  2.2.1-1
python3-simplegeneric  0.8.1-5
python3-simplejson  3.20.1-1
python3-six  1.17.0-1
python3-sklearn  1.4.2+dfsg-8
python3-sklearn-lib  1.4.2+dfsg-8
python3-snowballstemmer  2.2.0-4
python3-sortedcontainers  2.4.0-2
python3-soupsieve  2.7-1
python3-sphinx  8.1.3-5
python3-sqlalchemy  2.0.40+ds1-1
python3-sqlparse  0.5.3-1
python3-sss  2.10.1-2+b1
python3-statsd  4.0.1-3
python3-stevedore  5.4.1-2
python3-swiftclient  1:4.7.0-2
python3-systemd  235-1+b6
python3-tabulate 0.9.0-1
python3-talloc  2:2.4.3+samba4.22.3+dfsg-4
python3-tempita  0.6.0-1
python3-tempora  5.7.0-2
python3-tenacity  8.4.2+really8.4.1-2
python3-testresources  2.0.1-5
python3-testscenarios  0.5.0-5
python3-testtools  2.7.2-5
python3-threadpoolctl  3.1.0-1
python3-tomli  2.2.1-2+b1
python3-typeguard  4.4.2-1
python3-typing-extensions  4.13.2-1
python3-tz  2025.2-3
python3-uc-micro 1.0.3-1
python3-uhashring  2.3-2
python3-ujson  5.10.0-1+b4
python3-urllib3  2.3.0-3
python3-urwid  2.6.16-1
python3-vine  5.1.0+dfsg-1
python3-wadllib  2.0.0-3
python3-waitress  3.0.2-1
python3-warlock  2.0.1-4
python3-wcwidth  0.2.13+dfsg1-1
python3-webencodings  0.5.1-5
python3-webob  1:1.8.9-1
python3-websocket  1.8.0-2
python3-websockify  0.12.0+dfsg1-4+b1
python3-webtest  3.0.4-1
python3-werkzeug  3.1.3-2
python3-wheel  0.46.1-2
python3-wrapt  1.15.0-4+b1
python3-xmlschema  3.4.5-1
python3-xstatic  1.0.3-6
python3-xstatic-angular  1.8.2.2-5
python3-xstatic-angular-bootstrap  2.5.0.0-4
python3-xstatic-angular-fileupload  12.2.13.0+dfsg1-4
python3-xstatic-angular-gettext  2.4.1.0-6
python3-xstatic-angular-lrdragndrop  1.0.2.6-4
python3-xstatic-angular-schema-form  0.8.13.0-7
python3-xstatic-angular-ui-router  0.3.1.2-5
python3-xstatic-bootstrap-datepicker  0.0.0.1-9
python3-xstatic-bootstrap-scss  3.4.1.0-4
python3-xstatic-bootswatch  3.3.7.0-7
python3-xstatic-d3  3.5.17.0-6
python3-xstatic-font-awesome  4.7.0.0-8
python3-xstatic-hogan  2.0.0.2-6
python3-xstatic-jasmine  2.4.1.1-7
python3-xstatic-jquery  3.5.1.1-4
python3-xstatic-jquery-migrate  3.3.2.1+dfsg1-4
python3-xstatic-jquery-ui  1.12.0.1+debian+dfsg3-7
python3-xstatic-jquery.quicksearch  2.0.4.1-6
python3-xstatic-jquery.tablesorter  2.14.5.1-8
python3-xstatic-jsencrypt  2.3.1.1-7
python3-xstatic-magic-search  0.2.5.1-6
python3-xstatic-mdi  1.6.50.2-6
python3-xstatic-objectpath  1.2.1.0-7
python3-xstatic-rickshaw  1.5.0.2-7
python3-xstatic-roboto-fontface  0.5.0.0-6
python3-xstatic-smart-table  1.4.13.2-7
python3-xstatic-spin  1.2.8.0+dfsg1-6
python3-xstatic-term.js  0.0.7.0-7
python3-xstatic-tv4  1.2.7.0-7
python3-yaml  6.0.2-1+b2
python3-yappi  1.6.10-2+b1
python3-yarl  1.19.0-1
python3-zc.lockfile  3.0.post1-1
python3-zipp  3.21.0-1
python3-zmq  26.4.0-1
python3-zope.event  5.0-0.1
python3-zope.interface  7.2-1+b1
python3.13  3.13.5-2
python3.13-dev  3.13.5-2
python3.13-minimal  3.13.5-2
qemu-utils 1:10.0.2+ds-2+b1
racc  1.8.1-1
radvd  1:2.20-1+b1
rake  13.2.1-1
readline-common  8.2-6
redfishtool  1.1.5-3
reprepro  5.4.6+really5.3.2-1
rng-tools-debian  2.6
rng-tools-debian  2.6
rng-tools5  5-4.1+b1
rpcbind  1.2.7-1
rpcsvc-proto  1.4.3-1
rpm  4.20.1+dfsg-3
rpm-common  4.20.1+dfsg-3
rpm2cpio  4.20.1+dfsg-3
rsync  3.4.1+ds1-5
ruby  1:3.3+b1
ruby-augeas  1:0.5.0+gem-3
ruby-concurrent  1.3.5-1
ruby-csv  3.3.4-1
ruby-deep-merge  1.1.1-2
ruby-did-you-mean  1.6.3-2
ruby-erubi  1.12.0-1
ruby-fast-gettext  3.1.0-2
ruby-gettext  3.4.9-1
ruby-hocon  1.3.1-2
ruby-json  2.9.1+dfsg-1+b1
ruby-locale  2.1.3-1
ruby-minitest  5.25.4-3
ruby-multi-json  1.15.0-1
ruby-net-telnet  0.2.0-1
ruby-power-assert  2.0.3-1
ruby-puppet-resource-api  1.9.0-1
ruby-puppetserver-ca-cli  2.7.0-2
ruby-ruby2-keywords  0.0.5-1
ruby-rubygems  3.6.7-2
ruby-scanf  1.0.0-2
ruby-semantic-puppet  1.1.0-1
ruby-shadow  2.5.1-2+b2
ruby-test-unit  3.6.2-1
ruby-text  1.3.1-1
ruby-thor  1.3.2-2.1
ruby-webrick  1.9.1-1
ruby-xmlrpc  0.3.3-2
ruby3.3  3.3.8-2
rubygems-integration  1.19
runc  1.1.15+ds1-2+b4
runit-helper  2.16.4
samba-libs  2:4.22.3+dfsg-4
sbsigntool  0.9.4-3.2
screen  4.9.1-3
seabios  1.16.3-2
sed  4.9-2
sensible-utils  0.0.25
sg3-utils  1.48-2
sg3-utils-udev  1.48-2
sgml-base  1.31+nmu1
smartmontools  7.4-3
socat  1.8.0.3-1
spectre-meltdown-checker  0.46-1
sphinx-common  8.1.3-5
sphinx-rtd-theme-common  3.0.2+dfsg-2
sqlite3  3.46.1-7
sqv  1.3.0-3
sse4.2-support  27
ssg-base  0.1.76-1
ssg-debian  0.1.76-1
sshpass  1.10-0.1
ssl-cert  1.1.3
sssd  2.10.1-2+b1
sssd-ad  2.10.1-2+b1
sssd-ad-common  2.10.1-2+b1
sssd-common  2.10.1-2+b1
sssd-ipa  2.10.1-2+b1
sssd-krb5  2.10.1-2+b1
sssd-krb5-common  2.10.1-2+b1
sssd-ldap  2.10.1-2+b1
sssd-proxy  2.10.1-2+b1
sssd-tools  2.10.1-2+b1
startpar  0.66-1
strace  6.13+ds-1
strongswan  6.0.1-6
strongswan-charon  6.0.1-6
strongswan-libcharon  6.0.1-6
strongswan-starter  6.0.1-6
strongswan-swanctl  6.0.1-6
sudo-ldap  1.9.16p2-3
syslinux-utils  3:6.04~git20190206.bf6db5b4+dfsg1-3.1
syslog-ng  4.8.1-5
syslog-ng-core  4.8.1-5
syslog-ng-mod-mongodb  4.8.1-5
syslog-ng-mod-sql  4.8.1-5
syslog-ng-scl  4.8.1-5
sysstat  12.7.5-2
systemd  257.7-1
systemd-sysv  257.7-1
systemtap-sdt-dev  5.1-5
sysvinit-utils  3.14-4
tar  1.35+dfsg-3.1
targetcli-fb  1:2.1.53-1.3
tasksel  3.81
tasksel-data  3.81
tcl-expect  5.45.4-4
tcl8.6  8.6.16+dfsg-1
tcpdump  4.99.5-2
texinfo  7.1.1-1
time  1.9-0.2
tini  0.19.0-3+b3
traceroute  1:2.1.6-1
tuned  2.25.1-1
tzdata  2025b-4
ucf  3.0052
udev  257.7-1
udev  257.7-1
udhcpc  1:1.37.0-6
unzip  6.0-29
util-linux  2.41-5
uuid-dev  2.41-5
uuid-runtime  2.41-5
uwsgi-core  2.0.28-9
uwsgi-plugin-apparmor  0.0.0+git.2014.09.15.7d6d7bd7eb-5+b1
uwsgi-plugin-python3  2.0.28+8+0.0.2+b1
vim  2:9.1.1230-2
vim-common  2:9.1.1230-2
vim-runtime  2:9.1.1230-2
vim-tiny  2:9.1.1230-2
virt-what  1.27-1
vlan  2.0.5+nmu3
w3m  0.5.3+git20230121-2.1
watchdog  5.16-1.1
wget  1.25.0-2
whiptail  0.52.25-1
x11-common  1:7.7+24
xclip  0.13-4
xfsprogs  6.13.0-2+b1
xml-core  0.19
xmlsec1  1.2.41-1+b1
xsltproc  1.1.35-1.2
xxd  2:9.1.1230-2
xz-utils  5.8.1-1
zip  3.0-15
zlib1g  1:1.3.dfsg+really1.3.1-1+b1
zlib1g-dev  1:1.3.dfsg+really1.3.1-1+b1
zstd 1.5.7+dfsg-1
