alsa-lib-1.1.6-2.el7.x86_64.rpm
audit-2.8.4-4.el7.x86_64.rpm
# audit-libs-2.8.4-4.el7.x86_64.rpm provided by mock
audit-libs-devel-2.8.4-4.el7.x86_64.rpm
audit-libs-python-2.8.4-4.el7.x86_64.rpm
collectd-5.8.1-4.el7.x86_64.rpm
collectd-python-5.8.1-4.el7.x86_64.rpm
containernetworking-plugins-0.8.1-1.el7.centos.x86_64.rpm
cppcheck-1.88-3.el7.x86_64.rpm
docker-ce-18.09.6-3.el7.x86_64.rpm
docker-ce-cli-18.09.6-3.el7.x86_64.rpm
# elfutils-default-yama-scope-0.176-2.el7.noarch.rpm provided by mock
# elfutils-devel-0.176-2.el7.x86_64.rpm provided by mock
# elfutils-libelf-0.176-2.el7.x86_64.rpm provided by mock
# elfutils-libelf-devel-0.176-2.el7.x86_64.rpm provided by mock
# elfutils-libs-0.176-2.el7.x86_64.rpm provided by mock
gsettings-desktop-schemas-3.28.0-2.el7.x86_64.rpm
gssproxy-0.7.0-21.el7.x86_64.rpm
# ima-evm-utils-1.1-2.el7.x86_64.rpm provided by mock
iprutils-2.4.16.1-1.el7.x86_64.rpm
kata-containers-image-1.11.0-3.1.x86_64.rpm
kata-ksm-throttler-1.11.0-3.1.x86_64.rpm
kata-linux-container-5.4.32.73-3.1.x86_64.rpm
kata-linux-container-debug-5.4.32.73-3.1.x86_64.rpm
kata-proxy-1.11.0-3.1.x86_64.rpm
kata-proxy-bin-1.11.0-3.1.x86_64.rpm
kata-runtime-1.11.0-3.1.x86_64.rpm
kata-shim-1.11.0-3.1.x86_64.rpm
kata-shim-bin-1.11.0-3.1.x86_64.rpm
kexec-tools-2.0.15-21.el7.x86_64.rpm
# libblkid-2.23.2-59.el7.x86_64.rpm provided by mock
# libcom_err-1.42.9-13.el7.x86_64.rpm provided by mock
libcom_err-devel-1.42.9-13.el7.x86_64.rpm
libdrm-2.4.91-3.el7.x86_64.rpm
libldb-1.3.4-1.el7.x86_64.rpm
liboath-2.4.1-9.el7.x86_64.rpm
# libsemanage-2.5-14.el7.x86_64.rpm provided by mock
libsemanage-python-2.5-14.el7.x86_64.rpm
libss-1.42.9-13.el7.x86_64.rpm
libss-devel-1.42.9-13.el7.x86_64.rpm
libtalloc-2.1.13-1.el7.x86_64.rpm
libtdb-1.3.15-1.el7.x86_64.rpm
libtevent-0.9.36-1.el7.x86_64.rpm
libwbclient-4.8.3-4.el7.x86_64.rpm
lvm2-2.02.177-4.el7.x86_64.rpm
lvm2-libs-2.02.177-4.el7.x86_64.rpm
# nss-softokn-3.36.0-5.el7_5.x86_64.rpm provided by mock
nss-softokn-devel-3.36.0-5.el7_5.x86_64.rpm
# nss-softokn-freebl-3.36.0-5.el7_5.x86_64.rpm provided by mock
nss-softokn-freebl-devel-3.36.0-5.el7_5.x86_64.rpm
ntfs-3g-2017.3.23-11.el7.x86_64.rpm
ntfs-3g-devel-2017.3.23-11.el7.x86_64.rpm
ntfsprogs-2017.3.23-11.el7.x86_64.rpm
openscap-1.2.17-2.el7.x86_64.rpm
openscap-scanner-1.2.17-2.el7.x86_64.rpm
openstack-tempest-17.2.0-4.el7.noarch.rpm
osinfo-db-20180531-1.el7.noarch.rpm
OVMF-20180508-6.gitee3198e672e2.el7.noarch.rpm
policycoreutils-2.5-29.el7.x86_64.rpm
policycoreutils-newrole-2.5-29.el7.x86_64.rpm
policycoreutils-python-2.5-29.el7.x86_64.rpm
pulseaudio-libs-10.0-5.el7.x86_64.rpm
python2-google-api-client-1.6.3-1.el7.noarch.rpm
python2-manilaclient-1.17.3-1.el7.noarch.rpm
python2-mistralclient-3.1.4-1.el7.noarch.rpm
python2-msgpack-0.6.1-2.el7.x86_64.rpm
python2-os-brick-1.15.6-1.el7.noarch.rpm
python2-pysocks-1.6.8-6.el7.noarch.rpm
python2-scapy-2.4.0-3.el7.noarch.rpm
python2-sushy-1.1.1-1.el7.noarch.rpm
python2-tempestconf-1.1.3-1.el7.noarch.rpm
python2-urllib3-1.21.1-1.el7.noarch.rpm
python-ironic-inspector-client-2.1.0-1.el7.noarch.rpm
python-ironic-lib-2.10.1-1.el7.noarch.rpm
python-libguestfs-1.38.2-12.el7_6.1.x86_64.rpm
python-tempest-17.2.0-4.el7.noarch.rpm
python-virtualenv-15.1.0-2.el7.noarch.rpm
qemu-vanilla-4.1.1+git.99c5874a9b-3.1.x86_64.rpm
qemu-vanilla-bin-4.1.1+git.99c5874a9b-3.1.x86_64.rpm
qemu-vanilla-data-4.1.1+git.99c5874a9b-3.1.x86_64.rpm
samba-client-libs-4.8.3-4.el7.x86_64.rpm
samba-common-4.8.3-4.el7.noarch.rpm
samba-common-libs-4.8.3-4.el7.x86_64.rpm
selinux-policy-3.13.1-229.el7_6.6.noarch.rpm
selinux-policy-minimum-3.13.1-229.el7_6.6.noarch.rpm
selinux-policy-mls-3.13.1-229.el7_6.6.noarch.rpm
selinux-policy-targeted-3.13.1-229.el7_6.6.noarch.rpm
spice-server-0.14.0-6.el7.x86_64.rpm
systemtap-sdt-devel-3.3-3.el7.x86_64.rpm
tcpdump-4.9.2-4.el7_7.1.x86_64.rpm
tkinter-2.7.5-76.el7.x86_64.rpm
tuned-2.8.0-5.el7.noarch.rpm
tuned-profiles-realtime-2.8.0-5.el7.noarch.rpm
# util-linux-2.23.2-59.el7.x86_64.rpm provided by mock
