acpid-2.0.30-2.el8.x86_64.rpm
ansible-2.9.5-1.el8.noarch.rpm
apr-1.6.3-9.el8.x86_64.rpm
apr-util-1.6.1-6.el8.x86_64.rpm
attr-2.4.48-3.el8.x86_64.rpm
audispd-plugins-3.0-0.13.20190507gitf58ec40.el8.x86_64.rpm
augeas-libs-1.10.1-8.el8.x86_64.rpm
authselect-1.0-13.el8.x86_64.rpm
authselect-compat-1.0-13.el8.x86_64.rpm
authselect-libs-1.0-13.el8.x86_64.rpm
autogen-libopts-5.18.12-7.el8.x86_64.rpm
avahi-libs-0.7-19.el8.x86_64.rpm
bash-completion-2.7-5.el8.noarch.rpm
bind-export-libs-9.11.4-17.P2.el8_0.1.x86_64.rpm
bind-libs-9.11.4-17.P2.el8_0.1.x86_64.rpm
bind-libs-lite-9.11.4-17.P2.el8_0.1.x86_64.rpm
bind-license-9.11.4-17.P2.el8_0.1.noarch.rpm
bind-utils-9.11.4-17.P2.el8_0.1.x86_64.rpm
biosdevname-0.7.3-2.el8.x86_64.rpm
boost-atomic-1.66.0-6.el8.x86_64.rpm
boost-chrono-1.66.0-6.el8.x86_64.rpm
boost-container-1.66.0-6.el8.x86_64.rpm
boost-date-time-1.66.0-6.el8.x86_64.rpm
boost-iostreams-1.66.0-6.el8.x86_64.rpm
boost-program-options-1.66.0-6.el8.x86_64.rpm
boost-random-1.66.0-6.el8.x86_64.rpm
boost-regex-1.66.0-6.el8.x86_64.rpm
boost-system-1.66.0-6.el8.x86_64.rpm
boost-thread-1.66.0-6.el8.x86_64.rpm
cairo-1.15.12-3.el8.x86_64.rpm
cairo-devel-1.15.12-3.el8.x86_64.rpm
cairo-gobject-1.15.12-3.el8.x86_64.rpm
cairo-gobject-devel-1.15.12-3.el8.x86_64.rpm
celt051-0.5.1.3-15.el8.x86_64.rpm
celt051-devel-0.5.1.3-15.el8.x86_64.rpm
centos-logos-80.5-2.el8.x86_64.rpm
checkpolicy-2.8-2.el8.x86_64.rpm
createrepo_c-0.11.0-3.el8.x86_64.rpm
createrepo_c-libs-0.11.0-3.el8.x86_64.rpm
cronie-1.5.2-2.el8.x86_64.rpm
cronie-anacron-1.5.2-2.el8.x86_64.rpm
crontabs-1.11-16.20150630git.el8.noarch.rpm
cryptsetup-2.0.6-1.el8.x86_64.rpm
cryptsetup-devel-2.0.6-1.el8.x86_64.rpm
cyrus-sasl-2.1.27-0.3rc7.el8.x86_64.rpm
cyrus-sasl-gssapi-2.1.27-0.3rc7.el8.x86_64.rpm
dbus-common-1.12.8-7.el8.noarch.rpm
dbus-daemon-1.12.8-7.el8.x86_64.rpm
dbus-devel-1.12.8-7.el8.x86_64.rpm
dbus-glib-0.110-2.el8.x86_64.rpm
dbus-tools-1.12.8-7.el8.x86_64.rpm
dbxtool-8-5.el8.x86_64.rpm
device-mapper-event-1.02.155-6.el8.x86_64.rpm
device-mapper-event-libs-1.02.155-6.el8.x86_64.rpm
device-mapper-multipath-0.7.8-7.el8_0.2.x86_64.rpm
device-mapper-multipath-libs-0.7.8-7.el8_0.2.x86_64.rpm
device-mapper-persistent-data-0.7.6-1.el8.x86_64.rpm
dmidecode-3.2-1.el8.x86_64.rpm
dosfstools-4.1-6.el8.x86_64.rpm
dracut-config-rescue-049-10.git20190115.el8_0.1.x86_64.rpm
dracut-network-049-10.git20190115.el8_0.1.x86_64.rpm
dracut-squash-049-10.git20190115.el8_0.1.x86_64.rpm
drpm-0.3.0-14.el8.x86_64.rpm
e2fsprogs-1.44.3-2.el8.x86_64.rpm
e2fsprogs-libs-1.44.3-2.el8.x86_64.rpm
edk2-ovmf-20180508gitee3198e672e2-9.el8_0.1.noarch.rpm
efibootmgr-16-1.el8.x86_64.rpm
efi-filesystem-3-2.el8.noarch.rpm
efivar-36-1.el8.x86_64.rpm
efivar-libs-36-1.el8.x86_64.rpm
environment-modules-4.1.4-1.el8.x86_64.rpm
ethtool-4.16-1.el8.x86_64.rpm
expect-5.45.4-5.el8.x86_64.rpm
fipscheck-1.5.0-4.el8.x86_64.rpm
fipscheck-devel-1.5.0-4.el8.x86_64.rpm
fipscheck-lib-1.5.0-4.el8.x86_64.rpm
firewalld-0.6.3-7.el8.noarch.rpm
firewalld-filesystem-0.6.3-7.el8.noarch.rpm
flac-libs-1.3.2-9.el8.x86_64.rpm
fontawesome-fonts-4.7.0-4.el8.noarch.rpm
fontawesome-fonts-web-4.7.0-4.el8.noarch.rpm
fontconfig-2.13.1-3.el8.x86_64.rpm
fontconfig-devel-2.13.1-3.el8.x86_64.rpm
fontpackages-filesystem-1.44-22.el8.noarch.rpm
freetype-2.9.1-4.el8.x86_64.rpm
freetype-devel-2.9.1-4.el8.x86_64.rpm
fribidi-1.0.4-6.el8.x86_64.rpm
fribidi-devel-1.0.4-6.el8.x86_64.rpm
fuse-2.9.7-12.el8.x86_64.rpm
fuse-common-3.2.1-12.el8.x86_64.rpm
fuse-devel-2.9.7-12.el8.x86_64.rpm
fuse-libs-2.9.7-12.el8.x86_64.rpm
gamin-0.1.10-31.el8.x86_64.rpm
gamin-devel-0.1.10-31.el8.x86_64.rpm
GConf2-3.2.6-22.el8.x86_64.rpm
genisoimage-1.1.11-39.el8.x86_64.rpm
gettext-0.19.8.1-14.el8.x86_64.rpm
gettext-common-devel-0.19.8.1-14.el8.noarch.rpm
gettext-devel-0.19.8.1-14.el8.x86_64.rpm
gettext-libs-0.19.8.1-14.el8.x86_64.rpm
git-2.18.1-3.el8.x86_64.rpm
git-core-2.18.1-3.el8.x86_64.rpm
git-core-doc-2.18.1-3.el8.noarch.rpm
glib-networking-2.56.1-1.1.el8.x86_64.rpm
glusterfs-3.12.2-40.2.el8.x86_64.rpm
glusterfs-api-3.12.2-40.2.el8.x86_64.rpm
glusterfs-api-devel-3.12.2-40.2.el8.x86_64.rpm
glusterfs-cli-3.12.2-40.2.el8.x86_64.rpm
glusterfs-client-xlators-3.12.2-40.2.el8.x86_64.rpm
glusterfs-libs-3.12.2-40.2.el8.x86_64.rpm
gnutls-3.6.5-2.el8.x86_64.rpm
gnutls-dane-3.6.5-2.el8.x86_64.rpm
gnutls-utils-3.6.5-2.el8.x86_64.rpm
gobject-introspection-1.56.1-1.el8.x86_64.rpm
google-roboto-slab-fonts-1.100263-0.7.20150923git.el8.noarch.rpm
gperftools-libs-2.7-6.el8.x86_64.rpm
gpm-libs-1.20.7-15.el8.x86_64.rpm
graphite2-1.3.10-10.el8.x86_64.rpm
graphite2-devel-1.3.10-10.el8.x86_64.rpm
gsm-1.0.17-5.el8.x86_64.rpm
gstreamer1-1.14.0-3.el8.x86_64.rpm
gstreamer1-plugins-base-1.14.0-4.el8.x86_64.rpm
harfbuzz-1.7.5-3.el8.x86_64.rpm
harfbuzz-devel-1.7.5-3.el8.x86_64.rpm
harfbuzz-icu-1.7.5-3.el8.x86_64.rpm
hwdata-0.314-8.0.el8.noarch.rpm
iotop-0.6-16.el8.noarch.rpm
ipcalc-0.2.4-3.el8.x86_64.rpm
iperf3-3.5-3.el8.x86_64.rpm
iproute-4.18.0-11.el8.x86_64.rpm
ipset-6.38-3.el8.x86_64.rpm
ipset-libs-6.38-3.el8.x86_64.rpm
iptables-1.8.2-9.el8_0.1.x86_64.rpm
iptables-ebtables-1.8.2-9.el8_0.1.x86_64.rpm
iptables-services-1.8.2-9.el8_0.1.x86_64.rpm
iptables-utils-1.8.2-9.el8_0.1.x86_64.rpm
iputils-20180629-1.el8.x86_64.rpm
ipxe-roms-qemu-20181214-3.git133f4c47.el8.noarch.rpm
iscsi-initiator-utils-6.2.0.876-7.gitf3c8e90.el8.x86_64.rpm
iscsi-initiator-utils-iscsiuio-6.2.0.876-7.gitf3c8e90.el8.x86_64.rpm
isns-utils-libs-0.97-6.el8.x86_64.rpm
iso-codes-3.79-2.el8.noarch.rpm
isomd5sum-1.2.3-3.el8.x86_64.rpm
jansson-2.11-3.el8.x86_64.rpm
json-c-devel-0.13.1-0.2.el8.x86_64.rpm
kbd-2.0.4-8.el8.x86_64.rpm
kbd-legacy-2.0.4-8.el8.noarch.rpm
kbd-misc-2.0.4-8.el8.noarch.rpm
keyutils-1.5.10-6.el8.x86_64.rpm
keyutils-libs-devel-1.5.10-6.el8.x86_64.rpm
krb5-devel-1.16.1-22.el8.x86_64.rpm
lato-fonts-2.015-5.el8.noarch.rpm
less-530-1.el8.x86_64.rpm
libaio-0.3.110-12.el8.x86_64.rpm
libaio-devel-0.3.110-12.el8.x86_64.rpm
libasyncns-0.8-14.el8.x86_64.rpm
libbasicobjects-0.1.1-39.el8.x86_64.rpm
libcacard-2.6.1-1.el8.x86_64.rpm
libcacard-devel-2.6.1-1.el8.x86_64.rpm
libcgroup-0.41-19.el8.x86_64.rpm
libcollection-0.7.0-39.el8.x86_64.rpm
libconfig-1.5-9.el8.x86_64.rpm
libcroco-0.6.12-4.el8.x86_64.rpm
libdaemon-0.14-15.el8.x86_64.rpm
libdatrie-0.2.9-7.el8.x86_64.rpm
libedit-3.1-23.20170329cvs.el8.x86_64.rpm
libedit-devel-3.1-23.20170329cvs.el8.x86_64.rpm
libestr-0.1.10-1.el8.x86_64.rpm
libevent-2.1.8-5.el8.x86_64.rpm
libevent-devel-2.1.8-5.el8.x86_64.rpm
libglvnd-1.0.1-0.9.git5baa1e5.el8.x86_64.rpm
libglvnd-egl-1.0.1-0.9.git5baa1e5.el8.x86_64.rpm
libglvnd-gles-1.0.1-0.9.git5baa1e5.el8.x86_64.rpm
libglvnd-glx-1.0.1-0.9.git5baa1e5.el8.x86_64.rpm
libgudev-232-4.el8.x86_64.rpm
libibumad-22-2.el8.x86_64.rpm
libibverbs-22-2.el8.x86_64.rpm
libICE-1.0.9-13.el8.x86_64.rpm
libicu-60.2-7.el8.x86_64.rpm
libicu-devel-60.2-7.el8.x86_64.rpm
libini_config-1.3.1-39.el8.x86_64.rpm
libiscsi-1.18.0-7.module_el8.0.0+189+f9babebb.x86_64.rpm
libiscsi-devel-1.18.0-7.module_el8.0.0+189+f9babebb.x86_64.rpm
libjpeg-turbo-1.5.3-7.el8.x86_64.rpm
libjpeg-turbo-devel-1.5.3-7.el8.x86_64.rpm
libkadm5-1.16.1-22.el8.x86_64.rpm
libkcapi-1.1.1-16_1.el8.x86_64.rpm
libkcapi-hmaccalc-1.1.1-16_1.el8.x86_64.rpm
libmnl-1.0.4-6.el8.x86_64.rpm
libmnl-devel-1.0.4-6.el8.x86_64.rpm
libmodman-2.0.1-17.el8.x86_64.rpm
libndp-1.6-6.el8.x86_64.rpm
libnetfilter_conntrack-1.0.6-5.el8.x86_64.rpm
libnfnetlink-1.0.1-13.el8.x86_64.rpm
libnfsidmap-2.3.3-14.el8.x86_64.rpm
libnftnl-1.1.1-4.el8.x86_64.rpm
libnl3-3.4.0-4.el8.x86_64.rpm
libnl3-cli-3.4.0-4.el8.x86_64.rpm
libnl3-devel-3.4.0-4.el8.x86_64.rpm
libogg-1.3.2-10.el8.x86_64.rpm
libogg-devel-1.3.2-10.el8.x86_64.rpm
libpath_utils-0.2.1-39.el8.x86_64.rpm
libpciaccess-0.14-1.el8.x86_64.rpm
libpciaccess-devel-0.14-1.el8.x86_64.rpm
libpipeline-1.5.0-2.el8.x86_64.rpm
libpng-1.6.34-5.el8.x86_64.rpm
libpng-devel-1.6.34-5.el8.x86_64.rpm
libpq-10.5-1.el8.x86_64.rpm
libpq-devel-10.5-1.el8.x86_64.rpm
libproxy-0.4.15-5.2.el8.x86_64.rpm
librados2-12.2.7-9.el8.x86_64.rpm
librados-devel-12.2.7-9.el8.x86_64.rpm
librbd1-12.2.7-9.el8.x86_64.rpm
librdmacm-22-2.el8.x86_64.rpm
libref_array-0.1.5-39.el8.x86_64.rpm
libsecret-0.18.6-1.el8.x86_64.rpm
libselinux-devel-2.8-6.el8.x86_64.rpm
libselinux-utils-2.8-6.el8.x86_64.rpm
libsepol-devel-2.8-2.el8.x86_64.rpm
libserf-1.3.9-8.module_el8.0.0+45+75bba4f4.x86_64.rpm
libSM-1.2.3-1.el8.x86_64.rpm
libsndfile-1.0.28-8.el8.x86_64.rpm
libsysfs-2.1.0-24.el8.x86_64.rpm
libteam-1.27-10.el8.x86_64.rpm
libthai-0.1.27-2.el8.x86_64.rpm
libtheora-1.1.1-21.el8.x86_64.rpm
libtomcrypt-1.18.2-5.el8.x86_64.rpm
libtommath-1.1.0-1.el8.x86_64.rpm
libunistring-0.9.9-3.el8.x86_64.rpm
libunwind-1.3.1-3.el8.x86_64.rpm
libusal-1.1.11-39.el8.x86_64.rpm
libuuid-devel-2.32.1-8.el8.x86_64.rpm
libverto-devel-0.3.0-5.el8.x86_64.rpm
libverto-libevent-0.3.0-5.el8.x86_64.rpm
libvisual-0.4.0-24.el8.x86_64.rpm
libvorbis-1.3.6-1.el8.x86_64.rpm
libwayland-client-1.15.0-1.el8.x86_64.rpm
libwayland-cursor-1.15.0-1.el8.x86_64.rpm
libwayland-egl-1.15.0-1.el8.x86_64.rpm
libwayland-server-1.15.0-1.el8.x86_64.rpm
libX11-1.6.7-1.el8.x86_64.rpm
libX11-common-1.6.7-1.el8.noarch.rpm
libX11-devel-1.6.7-1.el8.x86_64.rpm
libX11-xcb-1.6.7-1.el8.x86_64.rpm
libXau-1.0.8-13.el8.x86_64.rpm
libXau-devel-1.0.8-13.el8.x86_64.rpm
libxcb-1.13-5.el8.x86_64.rpm
libxcb-devel-1.13-5.el8.x86_64.rpm
libXdamage-1.1.4-14.el8.x86_64.rpm
libXdamage-devel-1.1.4-14.el8.x86_64.rpm
libXext-1.3.3-9.el8.x86_64.rpm
libXext-devel-1.3.3-9.el8.x86_64.rpm
libXfixes-5.0.3-7.el8.x86_64.rpm
libXfixes-devel-5.0.3-7.el8.x86_64.rpm
libXft-2.3.2-10.el8.x86_64.rpm
libXft-devel-2.3.2-10.el8.x86_64.rpm
libXi-1.7.9-7.el8.x86_64.rpm
libXi-devel-1.7.9-7.el8.x86_64.rpm
libxkbcommon-0.8.2-1.el8.x86_64.rpm
libxkbcommon-devel-0.8.2-1.el8.x86_64.rpm
libXrender-0.9.10-7.el8.x86_64.rpm
libXrender-devel-0.9.10-7.el8.x86_64.rpm
libxshmfence-1.3-2.el8.x86_64.rpm
libxslt-1.1.32-3.el8.x86_64.rpm
libxslt-devel-1.1.32-3.el8.x86_64.rpm
libXtst-1.2.3-7.el8.x86_64.rpm
libXv-1.0.11-7.el8.x86_64.rpm
libXxf86vm-1.1.4-9.el8.x86_64.rpm
libXxf86vm-devel-1.1.4-9.el8.x86_64.rpm
linux-firmware-20190111-92.gitd9fb2ee6.el8.noarch.rpm
linuxptp-2.0-2.el8.x86_64.rpm
lksctp-tools-1.0.18-3.el8.x86_64.rpm
lldpad-1.0.1-9.git036e314.el8.x86_64.rpm
lm_sensors-devel-3.4.0-17.20180522git70f7e08.el8.x86_64.rpm
lm_sensors-libs-3.4.0-17.20180522git70f7e08.el8.x86_64.rpm
logrotate-3.14.0-3.el8.x86_64.rpm
lsscsi-0.30-1.el8.x86_64.rpm
lzop-1.03-20.el8.x86_64.rpm
man-db-2.7.6.1-17.el8.x86_64.rpm
mariadb-connector-c-3.0.7-1.el8.x86_64.rpm
mariadb-connector-c-devel-3.0.7-1.el8.x86_64.rpm
mdadm-4.1-4.el8.x86_64.rpm
memcached-1.5.9-2.el8.x86_64.rpm
microcode_ctl-20180807a-2.20190618.1.el8_0.x86_64.rpm
mokutil-0.3.0-9.el8.x86_64.rpm
mozjs52-52.9.0-1.el8.x86_64.rpm
mtools-4.0.18-14.el8.x86_64.rpm
netcf-libs-0.2.8-11.module_el8.0.0+189+f9babebb.x86_64.rpm
nettle-3.4.1-1.el8.x86_64.rpm
nettle-devel-3.4.1-1.el8.x86_64.rpm
newt-0.52.20-9.el8.x86_64.rpm
nfs-utils-2.3.3-14.el8.x86_64.rpm
nftables-0.9.0-8.el8.x86_64.rpm
nmap-ncat-7.70-4.el8.x86_64.rpm
nss-pam-ldapd-0.9.9-3.el8.x86_64.rpm
numactl-devel-2.0.12-2.el8.x86_64.rpm
numactl-libs-2.0.12-2.el8.x86_64.rpm
openssl-1.1.1-8.el8.x86_64.rpm
openssl-devel-1.1.1-8.el8.x86_64.rpm
opus-1.3-0.4.beta.el8.x86_64.rpm
orc-0.4.28-2.el8.x86_64.rpm
os-prober-1.74-6.el8.x86_64.rpm
pango-1.42.4-5.el8_0.x86_64.rpm
pango-devel-1.42.4-5.el8_0.x86_64.rpm
passwd-0.80-2.el8.x86_64.rpm
pciutils-3.5.6-4.el8.x86_64.rpm
pciutils-devel-3.5.6-4.el8.x86_64.rpm
pciutils-libs-3.5.6-4.el8.x86_64.rpm
pcre-devel-8.42-4.el8.x86_64.rpm
perl-Data-Dumper-2.167-399.el8.x86_64.rpm
perl-Error-0.17025-2.el8.noarch.rpm
perl-Git-2.18.1-3.el8.noarch.rpm
perl-TermReadKey-2.37-7.el8.x86_64.rpm
perl-Test-Harness-3.42-1.el8.noarch.rpm
pixman-0.36.0-1.el8.x86_64.rpm
pixman-devel-0.36.0-1.el8.x86_64.rpm
platform-python-coverage-4.5.1-7.el8.x86_64.rpm
polkit-0.115-6.el8.x86_64.rpm
polkit-devel-0.115-6.el8.x86_64.rpm
polkit-docs-0.115-6.el8.noarch.rpm
polkit-libs-0.115-6.el8.x86_64.rpm
polkit-pkla-compat-0.1-12.el8.x86_64.rpm
popt-devel-1.16-14.el8.x86_64.rpm
postgresql-10.6-1.module_el8.0.0+15+f57f353b.x86_64.rpm
postgresql-contrib-10.6-1.module_el8.0.0+15+f57f353b.x86_64.rpm
postgresql-server-10.6-1.module_el8.0.0+15+f57f353b.x86_64.rpm
psmisc-23.1-3.el8.x86_64.rpm
python3-alembic-1.3.1-1.el8.noarch.rpm
python3-amqp-2.5.2-3.el8.noarch.rpm
python3-asn1crypto-0.24.0-3.el8.noarch.rpm
python3-audit-3.0-0.13.20190507gitf58ec40.el8.x86_64.rpm
python3-babel-2.5.1-3.el8.noarch.rpm
python3-beautifulsoup4-4.8.2-1.el8.noarch.rpm
python3-bind-9.11.4-17.P2.el8_0.1.noarch.rpm
python3-boto3-1.10.21-1.el8.noarch.rpm
python3-botocore-1.13.21-1.el8.noarch.rpm
python3-cachetools-3.1.1-4.el8.noarch.rpm
python3-cairo-1.16.3-6.el8.x86_64.rpm
python3-cffi-1.11.5-5.el8.x86_64.rpm
python3-chardet-3.0.4-7.el8.noarch.rpm
python3-configobj-5.0.6-11.el8.noarch.rpm
python3-configshell-1.1.fb25-1.el8.noarch.rpm
python3-contextlib2-0.5.5-12.el8.noarch.rpm
python3-coverage-4.5.1-7.el8.x86_64.rpm
python3-cryptography-2.3-2.el8.x86_64.rpm
python3-dbus-1.2.4-14.el8.x86_64.rpm
python3-debtcollector-1.22.0-2.el8.noarch.rpm
python3-decorator-4.2.1-2.el8.noarch.rpm
python3-dns-1.15.0-8.el8.noarch.rpm
python3-docutils-0.14-12.module_el8.1.0+245+c39af44f.noarch.rpm
python3-dogpile-cache-0.9.0-1.el8.noarch.rpm
python3-editor-1.0.4-4.el8.noarch.rpm
python3-eventlet-0.25.1-2.el8.noarch.rpm
python3-fasteners-0.14.1-20.el8.noarch.rpm
python3-firewall-0.6.3-7.el8.noarch.rpm
python3-funcsigs-1.0.2-17.el8.noarch.rpm
python3-futurist-1.9.0-2.el8.noarch.rpm
python3-gobject-3.28.3-1.el8.x86_64.rpm
python3-gobject-base-3.28.3-1.el8.x86_64.rpm
python3-greenlet-0.4.13-3.el8.x86_64.rpm
python3-idna-2.5-5.el8.noarch.rpm
python3-imagesize-1.0.0-2.el8.noarch.rpm
python3-importlib-metadata-0.23-1.el8.noarch.rpm
python3-inotify-0.9.6-13.el8.noarch.rpm
python3-iso8601-0.1.11-9.el8.noarch.rpm
python3-jinja2-2.10.1-2.el8_0.noarch.rpm
python3-jmespath-0.9.0-11.el8.noarch.rpm
python3-jsonschema-2.6.0-4.el8.noarch.rpm
python3-keystoneclient-3.21.0-2.el8.noarch.rpm
python3-keystonemiddleware-7.0.1-2.el8.noarch.rpm
python3-kmod-0.9-20.el8.x86_64.rpm
python3-kombu-4.6.6-3.el8.noarch.rpm
python3-libs-3.6.8-2.el8_0.0.1.x86_64.rpm
python3-libselinux-2.8-6.el8.x86_64.rpm
python3-logutils-0.3.5-11.el8.noarch.rpm
python3-lxml-4.2.3-1.el8.x86_64.rpm
python3-mako-1.0.6-13.el8.noarch.rpm
python3-markupsafe-0.23-19.el8.x86_64.rpm
python3-memcached-1.58-11.el8.noarch.rpm
python3-migrate-0.13.0-1.el8.noarch.rpm
python3-mock-2.0.0-11.el8.noarch.rpm
python3-monotonic-1.5-5.el8.noarch.rpm
python3-netaddr-0.7.19-8.el8.noarch.rpm
python3-netifaces-0.10.6-4.el8.x86_64.rpm
python3-newt-0.52.20-9.el8.x86_64.rpm
python3-oslo-cache-1.37.0-2.el8.noarch.rpm
python3-oslo-concurrency-3.30.0-2.el8.noarch.rpm
python3-oslo-config-6.11.2-1.el8.noarch.rpm
python3-oslo-context-2.23.0-2.el8.noarch.rpm
python3-oslo-db-5.0.2-2.el8.noarch.rpm
python3-oslo-i18n-3.24.0-2.el8.noarch.rpm
python3-oslo-log-3.44.1-2.el8.noarch.rpm
python3-oslo-middleware-3.38.1-2.el8.noarch.rpm
python3-oslo-policy-2.3.3-1.el8.noarch.rpm
python3-oslo-rootwrap-5.16.1-1.el8.noarch.rpm
python3-oslo-serialization-2.29.2-2.el8.noarch.rpm
python3-oslo-service-1.40.2-2.el8.noarch.rpm
python3-oslo-utils-3.41.5-1.el8.noarch.rpm
python3-oslo-versionedobjects-1.36.1-1.el8.noarch.rpm
python3-os-service-types-1.7.0-2.el8.noarch.rpm
python3-packaging-16.8-9.el8.noarch.rpm
python3-paste-3.0.8-1.el8.1.noarch.rpm
python3-paste-deploy-2.0.1-1.el8.noarch.rpm
python3-pbr-5.1.2-3.el8.noarch.rpm
python3-pecan-1.3.2-9.el8.noarch.rpm
python3-prettytable-0.7.2-14.el8.noarch.rpm
python3-pycadf-2.10.0-2.el8.noarch.rpm
python3-pycparser-2.14-18.el8.noarch.rpm
python3-pygments-2.2.0-20.module_el8.0.0+33+0a10c0e1.noarch.rpm
python3-PyMySQL-0.8.0-10.module_el8.1.0+245+c39af44f.noarch.rpm
python3-pyngus-2.3.0-1.el8.noarch.rpm
python3-pyOpenSSL-18.0.0-1.el8.noarch.rpm
python3-pyparsing-2.4.6-1.el8.noarch.rpm
python3-pytz-2017.2-9.el8.noarch.rpm
python3-pyudev-0.21.0-7.el8.noarch.rpm
python3-pyyaml-3.12-12.el8.x86_64.rpm
python3-qpid-proton-0.30.0-2.el8.x86_64.rpm
python3-repoze-lru-0.7-6.el8.noarch.rpm
python3-requests-2.20.0-1.el8.noarch.rpm
python3-rfc3986-1.2.0-6.el8.noarch.rpm
python3-routes-2.4.1-12.el8.noarch.rpm
python3-rtslib-2.1.fb69-3.el8.noarch.rpm
python3-ruamel-yaml-0.15.41-2.el8.x86_64.rpm
python3-s3transfer-0.2.1-1.el8.noarch.rpm
python3-SecretStorage-2.3.1-7.el8.noarch.rpm
python3-setools-4.2.0-2.el8.x86_64.rpm
python3-simplegeneric-0.8.1-17.el8.noarch.rpm
python3-singledispatch-3.4.0.3-18.el8.noarch.rpm
python3-slip-0.6.4-11.el8.noarch.rpm
python3-slip-dbus-0.6.4-11.el8.noarch.rpm
python3-snowballstemmer-1.2.1-6.el8.noarch.rpm
python3-soupsieve-1.9.2-3.el8.noarch.rpm
python3-sphinx-1.7.6-1.el8.noarch.rpm
python3-sphinxcontrib-websupport-1.0.1-10.20180316git.el8.noarch.rpm
python3-sphinx_rtd_theme-0.3.1-3.el8.noarch.rpm
python3-sphinx-theme-alabaster-0.7.9-7.el8.noarch.rpm
python3-sqlalchemy-1.3.2-1.module_el8.0.0+33+0a10c0e1.x86_64.rpm
python3-sqlparse-0.2.4-9.el8.noarch.rpm
python3-statsd-3.2.1-16.el8.noarch.rpm
python3-stevedore-1.31.0-2.el8.noarch.rpm
python3-tempita-0.5.1-22.el8.1.noarch.rpm
python3-urwid-1.3.1-4.el8.x86_64.rpm
python3-vine-1.3.0-5.el8.noarch.rpm
python3-waitress-1.4.2-1.el8.noarch.rpm
python3-webob-1.8.5-1.el8.1.noarch.rpm
python3-websocket-client-0.56.0-5.el8.noarch.rpm
python3-webtest-2.0.33-4.el8.noarch.rpm
python3-wheel-0.31.1-2.module_el8.1.0+245+c39af44f.noarch.rpm
python3-whoosh-2.7.4-9.el8.noarch.rpm
python3-wrapt-1.11.2-4.el8.x86_64.rpm
python3-yappi-1.0-4.el8.x86_64.rpm
python3-zipp-0.5.1-3.el8.noarch.rpm
python-oslo-cache-lang-1.37.0-2.el8.noarch.rpm
python-oslo-concurrency-lang-3.30.0-2.el8.noarch.rpm
python-oslo-db-lang-5.0.2-2.el8.noarch.rpm
python-oslo-i18n-lang-3.24.0-2.el8.noarch.rpm
python-oslo-log-lang-3.44.1-2.el8.noarch.rpm
python-oslo-middleware-lang-3.38.1-2.el8.noarch.rpm
python-oslo-policy-lang-2.3.3-1.el8.noarch.rpm
python-oslo-utils-lang-3.41.5-1.el8.noarch.rpm
python-oslo-versionedobjects-lang-1.36.1-1.el8.noarch.rpm
python-pycadf-common-2.10.0-2.el8.noarch.rpm
python-sphinx-locale-1.7.6-1.el8.noarch.rpm
qpid-proton-c-0.30.0-2.el8.x86_64.rpm
quota-4.04-10.el8.x86_64.rpm
quota-nls-4.04-10.el8.noarch.rpm
radvd-2.17-12.el8.x86_64.rpm
rootfiles-8.1-22.el8.noarch.rpm
rpcbind-1.2.5-3.el8.x86_64.rpm
rsync-3.1.3-6.el8.x86_64.rpm
rsync-daemon-3.1.3-6.el8.noarch.rpm
ruby-2.5.3-104.module_el8.0.0+179+565e49e2.x86_64.rpm
ruby-libs-2.5.3-104.module_el8.0.0+179+565e49e2.x86_64.rpm
seabios-bin-1.11.1-4.module_el8.0.0+189+f9babebb.noarch.rpm
seavgabios-bin-1.11.1-4.module_el8.1.0+248+298dec18.noarch.rpm
sgabios-bin-0.20170427git-3.module_el8.1.0+248+298dec18.noarch.rpm
slang-2.3.2-3.el8.x86_64.rpm
smartmontools-6.6-3.el8.x86_64.rpm
snappy-1.1.7-5.el8.x86_64.rpm
socat-1.7.3.2-6.el8.x86_64.rpm
spawn-fcgi-1.6.3-17.el8.x86_64.rpm
sqlite-devel-3.26.0-3.el8.x86_64.rpm
squashfs-tools-4.3-17.el8.x86_64.rpm
sshpass-1.06-9.el8.x86_64.rpm
strace-4.24-3.el8.x86_64.rpm
subversion-1.10.2-1.module_el8.0.0+45+75bba4f4.x86_64.rpm
subversion-libs-1.10.2-1.module_el8.0.0+45+75bba4f4.x86_64.rpm
swig-3.0.12-18.module_el8.0.0+8+90b9a8be.x86_64.rpm
syslinux-6.04-1.el8.x86_64.rpm
syslinux-nonlinux-6.04-1.el8.noarch.rpm
sysstat-11.7.3-2.el8.x86_64.rpm
targetcli-2.1.fb49-1.el8.noarch.rpm
target-restore-2.1.fb69-3.el8.noarch.rpm
tcl-8.6.8-2.el8.x86_64.rpm
teamd-1.27-10.el8.x86_64.rpm
time-1.9-3.el8.x86_64.rpm
tinyxml2-6.0.0-3.el8.x86_64.rpm
tpm2-tss-2.0.0-4.el8.x86_64.rpm
tpm2-tss-devel-2.0.0-4.el8.x86_64.rpm
traceroute-2.1.0-6.el8.x86_64.rpm
trousers-0.3.14-2.el8.x86_64.rpm
trousers-lib-0.3.14-2.el8.x86_64.rpm
unbound-libs-1.7.3-8.el8.x86_64.rpm
usbredir-0.8.0-1.el8.x86_64.rpm
userspace-rcu-0.10.1-2.el8.x86_64.rpm
utf8proc-2.1.1-4.module_el8.0.0+45+75bba4f4.x86_64.rpm
uuid-1.6.2-42.el8.x86_64.rpm
uuid-devel-1.6.2-42.el8.x86_64.rpm
vim-common-8.0.1763-13.el8.x86_64.rpm
vim-enhanced-8.0.1763-13.el8.x86_64.rpm
vim-filesystem-8.0.1763-13.el8.noarch.rpm
vim-minimal-8.0.1763-13.el8.x86_64.rpm
virt-what-1.18-6.el8.x86_64.rpm
wget-1.19.5-7.el8_0.1.x86_64.rpm
xfsprogs-4.19.0-2.el8.x86_64.rpm
xkeyboard-config-2.24-3.el8.noarch.rpm
xz-devel-5.2.4-3.el8.x86_64.rpm
yajl-2.1.0-10.el8.x86_64.rpm
yajl-devel-2.1.0-10.el8.x86_64.rpm
zlib-devel-1.2.11-10.el8.x86_64.rpm
