influxdb-0.9.5.1-1.x86_64.rpm#https://s3.amazonaws.com/influxdb/influxdb-0.9.5.1-1.x86_64.rpm
mysql-community-client-8.0.17-1.el8.x86_64.rpm#http://repo.mysql.com/yum/mysql-8.0-community/el/8/x86_64//mysql-community-client-8.0.17-1.el8.x86_64.rpm
mysql-community-common-8.0.17-1.el8.x86_64.rpm#http://repo.mysql.com/yum/mysql-8.0-community/el/8/x86_64//mysql-community-common-8.0.17-1.el8.x86_64.rpm
mysql-community-devel-8.0.17-1.el8.x86_64.rpm#http://repo.mysql.com/yum/mysql-8.0-community/el/8/x86_64//mysql-community-devel-8.0.17-1.el8.x86_64.rpm
mysql-community-libs-8.0.17-1.el8.x86_64.rpm#http://repo.mysql.com/yum/mysql-8.0-community/el/8/x86_64//mysql-community-libs-8.0.17-1.el8.x86_64.rpm
mysql-community-server-8.0.17-1.el8.x86_64.rpm#http://repo.mysql.com/yum/mysql-8.0-community/el/8/x86_64//mysql-community-server-8.0.17-1.el8.x86_64.rpm
python3-crypto-2.6.1-25.el8.x86_64.rpm#https://forensics.cert.org/centos/cert/8/x86_64/python3-crypto-2.6.1-25.el8.x86_64.rpm
python3-keystoneauth1-3.17.2-1.el8.noarch.rpm#https://cbs.centos.org/kojifiles/packages/python-keystoneauth1/3.17.2/1.el8/noarch/python3-keystoneauth1-3.17.2-1.el8.noarch.rpm
python3-ply-3.11-2.el8.noarch.rpm#https://forensics.cert.org/centos/cert/8/x86_64//python3-ply-3.11-2.el8.noarch.rpm
